Archive member included to satisfy reference by file (symbol)

C:/Apps/STM32CubeIDE_2.0.0/STM32CubeIDE/plugins/com.st.stm32cube.ide.mcu.externaltools.gnu-tools-for-stm32.13.3.rel1.win32_1.0.100.202509120712/tools/bin/../lib/gcc/arm-none-eabi/13.3.1/../../../../arm-none-eabi/lib/thumb/v7e-m+fp/hard\libc_nano.a(libc_a-exit.o)
                              C:/Apps/STM32CubeIDE_2.0.0/STM32CubeIDE/plugins/com.st.stm32cube.ide.mcu.externaltools.gnu-tools-for-stm32.13.3.rel1.win32_1.0.100.202509120712/tools/bin/../lib/gcc/arm-none-eabi/13.3.1/../../../../arm-none-eabi/lib/thumb/v7e-m+fp/hard/crt0.o (exit)
C:/Apps/STM32CubeIDE_2.0.0/STM32CubeIDE/plugins/com.st.stm32cube.ide.mcu.externaltools.gnu-tools-for-stm32.13.3.rel1.win32_1.0.100.202509120712/tools/bin/../lib/gcc/arm-none-eabi/13.3.1/../../../../arm-none-eabi/lib/thumb/v7e-m+fp/hard\libc_nano.a(libc_a-strtol.o)
                              ./Core/Src/Drivers/DX-LR30_Driver/UserConfig.o (strtol)
C:/Apps/STM32CubeIDE_2.0.0/STM32CubeIDE/plugins/com.st.stm32cube.ide.mcu.externaltools.gnu-tools-for-stm32.13.3.rel1.win32_1.0.100.202509120712/tools/bin/../lib/gcc/arm-none-eabi/13.3.1/../../../../arm-none-eabi/lib/thumb/v7e-m+fp/hard\libc_nano.a(libc_a-ctype_.o)
                              C:/Apps/STM32CubeIDE_2.0.0/STM32CubeIDE/plugins/com.st.stm32cube.ide.mcu.externaltools.gnu-tools-for-stm32.13.3.rel1.win32_1.0.100.202509120712/tools/bin/../lib/gcc/arm-none-eabi/13.3.1/../../../../arm-none-eabi/lib/thumb/v7e-m+fp/hard\libc_nano.a(libc_a-strtol.o) (_ctype_)
C:/Apps/STM32CubeIDE_2.0.0/STM32CubeIDE/plugins/com.st.stm32cube.ide.mcu.externaltools.gnu-tools-for-stm32.13.3.rel1.win32_1.0.100.202509120712/tools/bin/../lib/gcc/arm-none-eabi/13.3.1/../../../../arm-none-eabi/lib/thumb/v7e-m+fp/hard\libc_nano.a(libc_a-nano-vfprintf_float.o)
                              (_printf_float)
C:/Apps/STM32CubeIDE_2.0.0/STM32CubeIDE/plugins/com.st.stm32cube.ide.mcu.externaltools.gnu-tools-for-stm32.13.3.rel1.win32_1.0.100.202509120712/tools/bin/../lib/gcc/arm-none-eabi/13.3.1/../../../../arm-none-eabi/lib/thumb/v7e-m+fp/hard\libc_nano.a(libc_a-nano-vfprintf_i.o)
                              C:/Apps/STM32CubeIDE_2.0.0/STM32CubeIDE/plugins/com.st.stm32cube.ide.mcu.externaltools.gnu-tools-for-stm32.13.3.rel1.win32_1.0.100.202509120712/tools/bin/../lib/gcc/arm-none-eabi/13.3.1/../../../../arm-none-eabi/lib/thumb/v7e-m+fp/hard\libc_nano.a(libc_a-nano-vfprintf_float.o) (_printf_common)
C:/Apps/STM32CubeIDE_2.0.0/STM32CubeIDE/plugins/com.st.stm32cube.ide.mcu.externaltools.gnu-tools-for-stm32.13.3.rel1.win32_1.0.100.202509120712/tools/bin/../lib/gcc/arm-none-eabi/13.3.1/../../../../arm-none-eabi/lib/thumb/v7e-m+fp/hard\libc_nano.a(libc_a-findfp.o)
                              C:/Apps/STM32CubeIDE_2.0.0/STM32CubeIDE/plugins/com.st.stm32cube.ide.mcu.externaltools.gnu-tools-for-stm32.13.3.rel1.win32_1.0.100.202509120712/tools/bin/../lib/gcc/arm-none-eabi/13.3.1/../../../../arm-none-eabi/lib/thumb/v7e-m+fp/hard\libc_nano.a(libc_a-exit.o) (__stdio_exit_handler)
C:/Apps/STM32CubeIDE_2.0.0/STM32CubeIDE/plugins/com.st.stm32cube.ide.mcu.externaltools.gnu-tools-for-stm32.13.3.rel1.win32_1.0.100.202509120712/tools/bin/../lib/gcc/arm-none-eabi/13.3.1/../../../../arm-none-eabi/lib/thumb/v7e-m+fp/hard\libc_nano.a(libc_a-fwalk.o)
                              C:/Apps/STM32CubeIDE_2.0.0/STM32CubeIDE/plugins/com.st.stm32cube.ide.mcu.externaltools.gnu-tools-for-stm32.13.3.rel1.win32_1.0.100.202509120712/tools/bin/../lib/gcc/arm-none-eabi/13.3.1/../../../../arm-none-eabi/lib/thumb/v7e-m+fp/hard\libc_nano.a(libc_a-findfp.o) (_fwalk_sglue)
C:/Apps/STM32CubeIDE_2.0.0/STM32CubeIDE/plugins/com.st.stm32cube.ide.mcu.externaltools.gnu-tools-for-stm32.13.3.rel1.win32_1.0.100.202509120712/tools/bin/../lib/gcc/arm-none-eabi/13.3.1/../../../../arm-none-eabi/lib/thumb/v7e-m+fp/hard\libc_nano.a(libc_a-snprintf.o)
                              ./Core/Src/Drivers/DX-LR30_Driver/UserConfig.o (snprintf)
C:/Apps/STM32CubeIDE_2.0.0/STM32CubeIDE/plugins/com.st.stm32cube.ide.mcu.externaltools.gnu-tools-for-stm32.13.3.rel1.win32_1.0.100.202509120712/tools/bin/../lib/gcc/arm-none-eabi/13.3.1/../../../../arm-none-eabi/lib/thumb/v7e-m+fp/hard\libc_nano.a(libc_a-sprintf.o)
                              ./Core/Src/Drivers/DX-LR30_Driver/UserConfig.o (sprintf)
C:/Apps/STM32CubeIDE_2.0.0/STM32CubeIDE/plugins/com.st.stm32cube.ide.mcu.externaltools.gnu-tools-for-stm32.13.3.rel1.win32_1.0.100.202509120712/tools/bin/../lib/gcc/arm-none-eabi/13.3.1/../../../../arm-none-eabi/lib/thumb/v7e-m+fp/hard\libc_nano.a(libc_a-stdio.o)
                              C:/Apps/STM32CubeIDE_2.0.0/STM32CubeIDE/plugins/com.st.stm32cube.ide.mcu.externaltools.gnu-tools-for-stm32.13.3.rel1.win32_1.0.100.202509120712/tools/bin/../lib/gcc/arm-none-eabi/13.3.1/../../../../arm-none-eabi/lib/thumb/v7e-m+fp/hard\libc_nano.a(libc_a-findfp.o) (__sread)
[...]
Memory Configuration

Name             Origin             Length             Attributes
CCMRAM           0x10000000         0x00010000         xrw
RAM              0x20000000         0x00020000         xrw
FLASH            0x08000000         0x00100000         xr
*default*        0x00000000         0xffffffff

Linker script and memory map

LOAD C:/Apps/STM32CubeIDE_2.0.0/STM32CubeIDE/plugins/com.st.stm32cube.ide.mcu.externaltools.gnu-tools-for-stm32.13.3.rel1.win32_1.0.100.202509120712/tools/bin/../lib/gcc/arm-none-eabi/13.3.1/thumb/v7e-m+fp/hard/crti.o
LOAD C:/Apps/STM32CubeIDE_2.0.0/STM32CubeIDE/plugins/com.st.stm32cube.ide.mcu.externaltools.gnu-tools-for-stm32.13.3.rel1.win32_1.0.100.202509120712/tools/bin/../lib/gcc/arm-none-eabi/13.3.1/thumb/v7e-m+fp/hard/crtbegin.o
LOAD C:/Apps/STM32CubeIDE_2.0.0/STM32CubeIDE/plugins/com.st.stm32cube.ide.mcu.externaltools.gnu-tools-for-stm32.13.3.rel1.win32_1.0.100.202509120712/tools/bin/../lib/gcc/arm-none-eabi/13.3.1/../../../../arm-none-eabi/lib/thumb/v7e-m+fp/hard/crt0.o
LOAD ./Core/Src/Drivers/DX-LR30_Driver/UserConfig.o
LOAD ./Core/Src/Drivers/DX-LR30_Driver/driver_DIO1.o
LOAD ./Core/Src/Drivers/DX-LR30_Driver/lr_fhss_mac.o
LOAD ./Core/Src/Drivers/DX-LR30_Driver/myqueue.o
LOAD ./Core/Src/Drivers/DX-LR30_Driver/sx126x.o
LOAD ./Core/Src/Drivers/DX-LR30_Driver/sx126x_driver_version.o
LOAD ./Core/Src/Drivers/DX-LR30_Driver/sx126x_hal.o
LOAD ./Core/Src/Drivers/DX-LR30_Driver/sx126x_lr_fhss.o
LOAD ./Core/Src/Drivers/cc1101.o
LOAD ./Core/Src/Drivers/gy273.o
LOAD ./Core/Src/Drivers/gy6500.o
LOAD ./Core/Src/Drivers/i2c_helper.o
LOAD ./Core/Src/Drivers/pca9685.o
LOAD ./Core/Src/LCD/lcd1602_i2c.o
LOAD ./Core/Src/LCD/menu_helper.o
LOAD ./Core/Src/LCD/ssd1315.o
LOAD ./Core/Src/dma.o
LOAD ./Core/Src/gpio.o
LOAD ./Core/Src/i2c.o
LOAD ./Core/Src/main.o
LOAD ./Core/Src/spi.o
LOAD ./Core/Src/stm32f4xx_hal_msp.o
LOAD ./Core/Src/stm32f4xx_it.o
LOAD ./Core/Src/syscalls.o
LOAD ./Core/Src/sysmem.o
LOAD ./Core/Src/system_stm32f4xx.o
LOAD ./Core/Src/tim.o
LOAD ./Core/Startup/startup_stm32f405rgtx.o
LOAD ./Drivers/STM32F4xx_HAL_Driver/Src/stm32f4xx_hal.o
LOAD ./Drivers/STM32F4xx_HAL_Driver/Src/stm32f4xx_hal_cortex.o
LOAD ./Drivers/STM32F4xx_HAL_Driver/Src/stm32f4xx_hal_dma.o
LOAD ./Drivers/STM32F4xx_HAL_Driver/Src/stm32f4xx_hal_dma_ex.o
LOAD ./Drivers/STM32F4xx_HAL_Driver/Src/stm32f4xx_hal_exti.o
LOAD ./Drivers/STM32F4xx_HAL_Driver/Src/stm32f4xx_hal_flash.o
LOAD ./Drivers/STM32F4xx_HAL_Driver/Src/stm32f4xx_hal_flash_ex.o
LOAD ./Drivers/STM32F4xx_HAL_Driver/Src/stm32f4xx_hal_flash_ramfunc.o
LOAD ./Drivers/STM32F4xx_HAL_Driver/Src/stm32f4xx_hal_gpio.o
LOAD ./Drivers/STM32F4xx_HAL_Driver/Src/stm32f4xx_hal_i2c.o
LOAD ./Drivers/STM32F4xx_HAL_Driver/Src/stm32f4xx_hal_i2c_ex.o
LOAD ./Drivers/STM32F4xx_HAL_Driver/Src/stm32f4xx_hal_pcd.o
LOAD ./Drivers/STM32F4xx_HAL_Driver/Src/stm32f4xx_hal_pcd_ex.o
LOAD ./Drivers/STM32F4xx_HAL_Driver/Src/stm32f4xx_hal_pwr.o
LOAD ./Drivers/STM32F4xx_HAL_Driver/Src/stm32f4xx_hal_pwr_ex.o
LOAD ./Drivers/STM32F4xx_HAL_Driver/Src/stm32f4xx_hal_rcc.o
LOAD ./Drivers/STM32F4xx_HAL_Driver/Src/stm32f4xx_hal_rcc_ex.o
LOAD ./Drivers/STM32F4xx_HAL_Driver/Src/stm32f4xx_hal_spi.o
LOAD ./Drivers/STM32F4xx_HAL_Driver/Src/stm32f4xx_hal_tim.o
LOAD ./Drivers/STM32F4xx_HAL_Driver/Src/stm32f4xx_hal_tim_ex.o
LOAD ./Drivers/STM32F4xx_HAL_Driver/Src/stm32f4xx_ll_usb.o
LOAD ./Middlewares/ST/STM32_USB_Device_Library/Class/CDC/Src/usbd_cdc.o
LOAD ./Middlewares/ST/STM32_USB_Device_Library/Core/Src/usbd_core.o
LOAD ./Middlewares/ST/STM32_USB_Device_Library/Core/Src/usbd_ctlreq.o
LOAD ./Middlewares/ST/STM32_USB_Device_Library/Core/Src/usbd_ioreq.o
LOAD ./USB_DEVICE/App/usb_device.o
LOAD ./USB_DEVICE/App/usbd_cdc_if.o
LOAD ./USB_DEVICE/App/usbd_desc.o
LOAD ./USB_DEVICE/Target/usbd_conf.o
START GROUP
LOAD C:/Apps/STM32CubeIDE_2.0.0/STM32CubeIDE/plugins/com.st.stm32cube.ide.mcu.externaltools.gnu-tools-for-stm32.13.3.rel1.win32_1.0.100.202509120712/tools/bin/../lib/gcc/arm-none-eabi/13.3.1/../../../../arm-none-eabi/lib/thumb/v7e-m+fp/hard\libc_nano.a
LOAD C:/Apps/STM32CubeIDE_2.0.0/STM32CubeIDE/plugins/com.st.stm32cube.ide.mcu.externaltools.gnu-tools-for-stm32.13.3.rel1.win32_1.0.100.202509120712/tools/bin/../lib/gcc/arm-none-eabi/13.3.1/../../../../arm-none-eabi/lib/thumb/v7e-m+fp/hard\libm.a
END GROUP
START GROUP
LOAD C:/Apps/STM32CubeIDE_2.0.0/STM32CubeIDE/plugins/com.st.stm32cube.ide.mcu.externaltools.gnu-tools-for-stm32.13.3.rel1.win32_1.0.100.202509120712/tools/bin/../lib/gcc/arm-none-eabi/13.3.1/thumb/v7e-m+fp/hard\libgcc.a
LOAD C:/Apps/STM32CubeIDE_2.0.0/STM32CubeIDE/plugins/com.st.stm32cube.ide.mcu.externaltools.gnu-tools-for-stm32.13.3.rel1.win32_1.0.100.202509120712/tools/bin/../lib/gcc/arm-none-eabi/13.3.1/../../../../arm-none-eabi/lib/thumb/v7e-m+fp/hard\libc_nano.a
END GROUP
START GROUP
LOAD C:/Apps/STM32CubeIDE_2.0.0/STM32CubeIDE/plugins/com.st.stm32cube.ide.mcu.externaltools.gnu-tools-for-stm32.13.3.rel1.win32_1.0.100.202509120712/tools/bin/../lib/gcc/arm-none-eabi/13.3.1/thumb/v7e-m+fp/hard\libgcc.a
LOAD C:/Apps/STM32CubeIDE_2.0.0/STM32CubeIDE/plugins/com.st.stm32cube.ide.mcu.externaltools.gnu-tools-for-stm32.13.3.rel1.win32_1.0.100.202509120712/tools/bin/../lib/gcc/arm-none-eabi/13.3.1/../../../../arm-none-eabi/lib/thumb/v7e-m+fp/hard\libc_nano.a
LOAD C:/Apps/STM32CubeIDE_2.0.0/STM32CubeIDE/plugins/com.st.stm32cube.ide.mcu.externaltools.gnu-tools-for-stm32.13.3.rel1.win32_1.0.100.202509120712/tools/bin/../lib/gcc/arm-none-eabi/13.3.1/../../../../arm-none-eabi/lib/thumb/v7e-m+fp/hard\libnosys.a
END GROUP
START GROUP
LOAD C:/Apps/STM32CubeIDE_2.0.0/STM32CubeIDE/plugins/com.st.stm32cube.ide.mcu.externaltools.gnu-tools-for-stm32.13.3.rel1.win32_1.0.100.202509120712/tools/bin/../lib/gcc/arm-none-eabi/13.3.1/thumb/v7e-m+fp/hard\libgcc.a
LOAD C:/Apps/STM32CubeIDE_2.0.0/STM32CubeIDE/plugins/com.st.stm32cube.ide.mcu.externaltools.gnu-tools-for-stm32.13.3.rel1.win32_1.0.100.202509120712/tools/bin/../lib/gcc/arm-none-eabi/13.3.1/../../../../arm-none-eabi/lib/thumb/v7e-m+fp/hard\libc_nano.a
LOAD C:/Apps/STM32CubeIDE_2.0.0/STM32CubeIDE/plugins/com.st.stm32cube.ide.mcu.externaltools.gnu-tools-for-stm32.13.3.rel1.win32_1.0.100.202509120712/tools/bin/../lib/gcc/arm-none-eabi/13.3.1/../../../../arm-none-eabi/lib/thumb/v7e-m+fp/hard\libnosys.a
END GROUP
LOAD C:/Apps/STM32CubeIDE_2.0.0/STM32CubeIDE/plugins/com.st.stm32cube.ide.mcu.externaltools.gnu-tools-for-stm32.13.3.rel1.win32_1.0.100.202509120712/tools/bin/../lib/gcc/arm-none-eabi/13.3.1/thumb/v7e-m+fp/hard/crtend.o
LOAD C:/Apps/STM32CubeIDE_2.0.0/STM32CubeIDE/plugins/com.st.stm32cube.ide.mcu.externaltools.gnu-tools-for-stm32.13.3.rel1.win32_1.0.100.202509120712/tools/bin/../lib/gcc/arm-none-eabi/13.3.1/thumb/v7e-m+fp/hard/crtn.o
                0x20020000                        _estack = (ORIGIN (RAM) + LENGTH (RAM))
                0x00001000                        _Min_Heap_Size = 0x1000
                0x00000800                        _Min_Stack_Size = 0x800

.isr_vector     0x08000000      0x188
                0x08000000                        . = ALIGN (0x4)
 *(.isr_vector)
 .isr_vector    0x08000000      0x188 ./Core/Startup/startup_stm32f405rgtx.o
                0x08000000                g_pfnVectors
                0x08000188                        . = ALIGN (0x4)

.text           0x08000190    0x1246c
                0x08000190                        . = ALIGN (0x4)
 *(.text)
 .text          0x08000190       0x40 C:/Apps/STM32CubeIDE_2.0.0/STM32CubeIDE/plugins/com.st.stm32cube.ide.mcu.externaltools.gnu-tools-for-stm32.13.3.rel1.win32_1.0.100.202509120712/tools/bin/../lib/gcc/arm-none-eabi/13.3.1/thumb/v7e-m+fp/hard/crtbegin.o
 .text          0x080001d0       0xa0 C:/Apps/STM32CubeIDE_2.0.0/STM32CubeIDE/plugins/com.st.stm32cube.ide.mcu.externaltools.gnu-tools-for-stm32.13.3.rel1.win32_1.0.100.202509120712/tools/bin/../lib/gcc/arm-none-eabi/13.3.1/../../../../arm-none-eabi/lib/thumb/v7e-m+fp/hard\libc_nano.a(libc_a-memchr.o)
                0x080001d0                memchr
 .text          0x08000270       0x10 C:/Apps/STM32CubeIDE_2.0.0/STM32CubeIDE/plugins/com.st.stm32cube.ide.mcu.externaltools.gnu-tools-for-stm32.13.3.rel1.win32_1.0.100.202509120712/tools/bin/../lib/gcc/arm-none-eabi/13.3.1/../../../../arm-none-eabi/lib/thumb/v7e-m+fp/hard\libc_nano.a(libc_a-strlen.o)
                0x08000270                strlen
 .text          0x08000280      0x378 C:/Apps/STM32CubeIDE_2.0.0/STM32CubeIDE/plugins/com.st.stm32cube.ide.mcu.externaltools.gnu-tools-for-stm32.13.3.rel1.win32_1.0.100.202509120712/tools/bin/../lib/gcc/arm-none-eabi/13.3.1/thumb/v7e-m+fp/hard\libgcc.a(_arm_addsubdf3.o)
                0x08000280                __aeabi_drsub
                0x08000288                __aeabi_dsub
                0x08000288                __subdf3
                0x0800028c                __aeabi_dadd
                0x0800028c                __adddf3
                0x08000504                __floatunsidf
                0x08000504                __aeabi_ui2d
                0x08000524                __floatsidf
                0x08000524                __aeabi_i2d
                0x08000548                __aeabi_f2d
                0x08000548                __extendsfdf2
                0x0800058c                __floatundidf
                0x0800058c                __aeabi_ul2d
                0x0800059c                __floatdidf
                0x0800059c                __aeabi_l2d
 .text          0x080005f8      0x424 C:/Apps/STM32CubeIDE_2.0.0/STM32CubeIDE/plugins/com.st.stm32cube.ide.mcu.externaltools.gnu-tools-for-stm32.13.3.rel1.win32_1.0.100.202509120712/tools/bin/../lib/gcc/arm-none-eabi/13.3.1/thumb/v7e-m+fp/hard\libgcc.a(_arm_muldivdf3.o)
                0x080005f8                __aeabi_dmul
                0x080005f8                __muldf3
                0x0800084c                __divdf3
                0x0800084c                __aeabi_ddiv
 .text          0x08000a1c      0x110 C:/Apps/STM32CubeIDE_2.0.0/STM32CubeIDE/plugins/com.st.stm32cube.ide.mcu.externaltools.gnu-tools-for-stm32.13.3.rel1.win32_1.0.100.202509120712/tools/bin/../lib/gcc/arm-none-eabi/13.3.1/thumb/v7e-m+fp/hard\libgcc.a(_arm_cmpdf2.o)
                0x08000a1c                __gtdf2
                0x08000a1c                __gedf2
                0x08000a24                __ltdf2
                0x08000a24                __ledf2
                0x08000a2c                __nedf2
                0x08000a2c                __eqdf2
                0x08000a2c                __cmpdf2
                0x08000aa8                __aeabi_cdrcmple
                0x08000ab8                __aeabi_cdcmpeq
                0x08000ab8                __aeabi_cdcmple
                0x08000ac8                __aeabi_dcmpeq
                0x08000adc                __aeabi_dcmplt
                0x08000af0                __aeabi_dcmple
                0x08000b04                __aeabi_dcmpge
                0x08000b18                __aeabi_dcmpgt
 .text          0x08000b2c       0x2c C:/Apps/STM32CubeIDE_2.0.0/STM32CubeIDE/plugins/com.st.stm32cube.ide.mcu.externaltools.gnu-tools-for-stm32.13.3.rel1.win32_1.0.100.202509120712/tools/bin/../lib/gcc/arm-none-eabi/13.3.1/thumb/v7e-m+fp/hard\libgcc.a(_arm_unorddf2.o)
                0x08000b2c                __unorddf2
                0x08000b2c                __aeabi_dcmpun
 .text          0x08000b58       0x50 C:/Apps/STM32CubeIDE_2.0.0/STM32CubeIDE/plugins/com.st.stm32cube.ide.mcu.externaltools.gnu-tools-for-stm32.13.3.rel1.win32_1.0.100.202509120712/tools/bin/../lib/gcc/arm-none-eabi/13.3.1/thumb/v7e-m+fp/hard\libgcc.a(_arm_fixdfsi.o)
                0x08000b58                __aeabi_d2iz
                0x08000b58                __fixdfsi
 .text          0x08000ba8       0xa0 C:/Apps/STM32CubeIDE_2.0.0/STM32CubeIDE/plugins/com.st.stm32cube.ide.mcu.externaltools.gnu-tools-for-stm32.13.3.rel1.win32_1.0.100.202509120712/tools/bin/../lib/gcc/arm-none-eabi/13.3.1/thumb/v7e-m+fp/hard\libgcc.a(_arm_truncdfsf2.o)
                0x08000ba8                __truncdfsf2
                0x08000ba8                __aeabi_d2f
 .text          0x08000c48       0x30 C:/Apps/STM32CubeIDE_2.0.0/STM32CubeIDE/plugins/com.st.stm32cube.ide.mcu.externaltools.gnu-tools-for-stm32.13.3.rel1.win32_1.0.100.202509120712/tools/bin/../lib/gcc/arm-none-eabi/13.3.1/thumb/v7e-m+fp/hard\libgcc.a(_aeabi_uldivmod.o)
                0x08000c48                __aeabi_uldivmod
 .text          0x08000c78      0x2f8 C:/Apps/STM32CubeIDE_2.0.0/STM32CubeIDE/plugins/com.st.stm32cube.ide.mcu.externaltools.gnu-tools-for-stm32.13.3.rel1.win32_1.0.100.202509120712/tools/bin/../lib/gcc/arm-none-eabi/13.3.1/thumb/v7e-m+fp/hard\libgcc.a(_udivmoddi4.o)
                0x08000c78                __udivmoddi4
 .text          0x08000f70        0x4 C:/Apps/STM32CubeIDE_2.0.0/STM32CubeIDE/plugins/com.st.stm32cube.ide.mcu.externaltools.gnu-tools-for-stm32.13.3.rel1.win32_1.0.100.202509120712/tools/bin/../lib/gcc/arm-none-eabi/13.3.1/thumb/v7e-m+fp/hard\libgcc.a(_dvmd_tls.o)
                0x08000f70                __aeabi_idiv0
                0x08000f70                __aeabi_ldiv0
 *(.text*)
 .text.sx1262GetOperatingMode
                0x08000f74       0x18 ./Core/Src/Drivers/DX-LR30_Driver/UserConfig.o
                0x08000f74                sx1262GetOperatingMode
 .text.sx1262SetOperatingMode
                0x08000f8c       0x20 ./Core/Src/Drivers/DX-LR30_Driver/UserConfig.o
                0x08000f8c                sx1262SetOperatingMode
 .text.RxEn     0x08000fac       0x24 ./Core/Src/Drivers/DX-LR30_Driver/UserConfig.o
                0x08000fac                RxEn
 .text.TxEn     0x08000fd0       0x24 ./Core/Src/Drivers/DX-LR30_Driver/UserConfig.o
                0x08000fd0                TxEn
 .text.SX126x_TimeoutMs_To_Symbols
                0x08000ff4       0x68 ./Core/Src/Drivers/DX-LR30_Driver/UserConfig.o
                0x08000ff4                SX126x_TimeoutMs_To_Symbols
 .text.SX126x_BW_Hz
                0x0800105c       0x94 ./Core/Src/Drivers/DX-LR30_Driver/UserConfig.o
                0x0800105c                SX126x_BW_Hz
 .text.LoraInit
                0x080010f0      0x118 ./Core/Src/Drivers/DX-LR30_Driver/UserConfig.o
                0x080010f0                LoraInit
 .text.DX_LR30_Ping
                0x08001208       0x3e ./Core/Src/Drivers/DX-LR30_Driver/UserConfig.o
                0x08001208                DX_LR30_Ping
 .text.set_LoraPacketParams
                0x08001246       0x32 ./Core/Src/Drivers/DX-LR30_Driver/UserConfig.o
                0x08001246                set_LoraPacketParams
 .text.LoraDataSend
                0x08001278       0x50 ./Core/Src/Drivers/DX-LR30_Driver/UserConfig.o
                0x08001278                LoraDataSend
 .text.LoraOpenRXMode
                0x080012c8       0x44 ./Core/Src/Drivers/DX-LR30_Driver/UserConfig.o
                0x080012c8                LoraOpenRXMode
 .text.OnTxDone
                0x0800130c      0x174 ./Core/Src/Drivers/DX-LR30_Driver/UserConfig.o
                0x0800130c                OnTxDone
 .text.OnRxDone
                0x08001480       0xe8 ./Core/Src/Drivers/DX-LR30_Driver/UserConfig.o
                0x08001480                OnRxDone
 .text.RxError  0x08001568       0x24 ./Core/Src/Drivers/DX-LR30_Driver/UserConfig.o
                0x08001568                RxError
 .text.CadDone  0x0800158c       0x2c ./Core/Src/Drivers/DX-LR30_Driver/UserConfig.o
                0x0800158c                CadDone
 .text.RxTimeout
                0x080015b8       0x38 ./Core/Src/Drivers/DX-LR30_Driver/UserConfig.o
                0x080015b8                RxTimeout
 .text.TxTimeout
                0x080015f0       0x38 ./Core/Src/Drivers/DX-LR30_Driver/UserConfig.o
                0x080015f0                TxTimeout
 .text.Data_Processing
                0x08001628      0x214 ./Core/Src/Drivers/DX-LR30_Driver/UserConfig.o
                0x08001628                Data_Processing
 .text.DX_Lora_RadioIrqProcess
                0x0800183c      0x1cc ./Core/Src/Drivers/DX-LR30_Driver/UserConfig.o
                0x0800183c                DX_Lora_RadioIrqProcess
 .text.sx126x_set_standby
                0x08001a08       0x30 ./Core/Src/Drivers/DX-LR30_Driver/sx126x.o
                0x08001a08                sx126x_set_standby
 .text.sx126x_set_tx
                0x08001a38       0x30 ./Core/Src/Drivers/DX-LR30_Driver/sx126x.o
                0x08001a38                sx126x_set_tx
 .text.sx126x_set_tx_with_timeout_in_rtc_step
                0x08001a68       0x40 ./Core/Src/Drivers/DX-LR30_Driver/sx126x.o
                0x08001a68                sx126x_set_tx_with_timeout_in_rtc_step
 .text.sx126x_set_rx
                0x08001aa8       0x30 ./Core/Src/Drivers/DX-LR30_Driver/sx126x.o
                0x08001aa8                sx126x_set_rx
 .text.sx126x_set_rx_with_timeout_in_rtc_step
                0x08001ad8       0x40 ./Core/Src/Drivers/DX-LR30_Driver/sx126x.o
                0x08001ad8                sx126x_set_rx_with_timeout_in_rtc_step
 .text.sx126x_set_reg_mode
                0x08001b18       0x30 ./Core/Src/Drivers/DX-LR30_Driver/sx126x.o
                0x08001b18                sx126x_set_reg_mode
 .text.sx126x_set_pa_cfg
                0x08001b48       0x42 ./Core/Src/Drivers/DX-LR30_Driver/sx126x.o
                0x08001b48                sx126x_set_pa_cfg
 .text.sx126x_write_register
                0x08001b8a       0x46 ./Core/Src/Drivers/DX-LR30_Driver/sx126x.o
                0x08001b8a                sx126x_write_register
 .text.sx126x_read_register
                0x08001bd0       0x4a ./Core/Src/Drivers/DX-LR30_Driver/sx126x.o
                0x08001bd0                sx126x_read_register
 .text.sx126x_write_buffer
                0x08001c1a       0x3a ./Core/Src/Drivers/DX-LR30_Driver/sx126x.o
                0x08001c1a                sx126x_write_buffer
 .text.sx126x_read_buffer
                0x08001c54       0x3e ./Core/Src/Drivers/DX-LR30_Driver/sx126x.o
                0x08001c54                sx126x_read_buffer
 .text.sx126x_set_dio_irq_params
                0x08001c92       0x7a ./Core/Src/Drivers/DX-LR30_Driver/sx126x.o
                0x08001c92                sx126x_set_dio_irq_params
 .text.sx126x_get_irq_status
                0x08001d0c       0x4a ./Core/Src/Drivers/DX-LR30_Driver/sx126x.o
                0x08001d0c                sx126x_get_irq_status
 .text.sx126x_clear_irq_status
                0x08001d56       0x3c ./Core/Src/Drivers/DX-LR30_Driver/sx126x.o
                0x08001d56                sx126x_clear_irq_status
 .text.sx126x_set_rf_freq
                0x08001d92       0x24 ./Core/Src/Drivers/DX-LR30_Driver/sx126x.o
                0x08001d92                sx126x_set_rf_freq
 .text.sx126x_set_rf_freq_in_pll_steps
                0x08001db6       0x48 ./Core/Src/Drivers/DX-LR30_Driver/sx126x.o
                0x08001db6                sx126x_set_rf_freq_in_pll_steps
 .text.sx126x_set_pkt_type
                0x08001dfe       0x30 ./Core/Src/Drivers/DX-LR30_Driver/sx126x.o
                0x08001dfe                sx126x_set_pkt_type
 .text.sx126x_set_tx_params
                0x08001e2e       0x38 ./Core/Src/Drivers/DX-LR30_Driver/sx126x.o
                0x08001e2e                sx126x_set_tx_params
 .text.sx126x_set_lora_mod_params
                0x08001e66       0x64 ./Core/Src/Drivers/DX-LR30_Driver/sx126x.o
                0x08001e66                sx126x_set_lora_mod_params
 .text.sx126x_set_lora_pkt_params
                0x08001eca       0xc4 ./Core/Src/Drivers/DX-LR30_Driver/sx126x.o
                0x08001eca                sx126x_set_lora_pkt_params
 .text.sx126x_set_buffer_base_address
                0x08001f8e       0x38 ./Core/Src/Drivers/DX-LR30_Driver/sx126x.o
                0x08001f8e                sx126x_set_buffer_base_address
 .text.sx126x_get_rx_buffer_status
                0x08001fc6       0x46 ./Core/Src/Drivers/DX-LR30_Driver/sx126x.o
                0x08001fc6                sx126x_get_rx_buffer_status
 .text.sx126x_get_lora_pkt_status
                0x0800200c       0x6a ./Core/Src/Drivers/DX-LR30_Driver/sx126x.o
                0x0800200c                sx126x_get_lora_pkt_status
 .text.sx126x_reset
                0x08002076       0x18 ./Core/Src/Drivers/DX-LR30_Driver/sx126x.o
                0x08002076                sx126x_reset
 .text.sx126x_wakeup
                0x0800208e       0x18 ./Core/Src/Drivers/DX-LR30_Driver/sx126x.o
                0x0800208e                sx126x_wakeup
 *fill*         0x080020a6        0x2 
 .text.sx126x_convert_freq_in_hz_to_pll_step
                0x080020a8       0x4c ./Core/Src/Drivers/DX-LR30_Driver/sx126x.o
                0x080020a8                sx126x_convert_freq_in_hz_to_pll_step
 .text.sx126x_convert_timeout_in_ms_to_rtc_step
                0x080020f4       0x18 ./Core/Src/Drivers/DX-LR30_Driver/sx126x.o
                0x080020f4                sx126x_convert_timeout_in_ms_to_rtc_step
 .text.sx126x_set_trimming_capacitor_values
                0x0800210c       0x32 ./Core/Src/Drivers/DX-LR30_Driver/sx126x.o
                0x0800210c                sx126x_set_trimming_capacitor_values
 .text.sx126x_tx_modulation_workaround
                0x0800213e       0x7a ./Core/Src/Drivers/DX-LR30_Driver/sx126x.o
 .text.sx126x_hal_write
                0x080021b8       0x6c ./Core/Src/Drivers/DX-LR30_Driver/sx126x_hal.o
                0x080021b8                sx126x_hal_write
 .text.sx126x_hal_read
                0x08002224       0x6c ./Core/Src/Drivers/DX-LR30_Driver/sx126x_hal.o
                0x08002224                sx126x_hal_read
 .text.sx126x_hal_reset
                0x08002290       0x54 ./Core/Src/Drivers/DX-LR30_Driver/sx126x_hal.o
                0x08002290                sx126x_hal_reset
 .text.sx126x_hal_wakeup
                0x080022e4       0x48 ./Core/Src/Drivers/DX-LR30_Driver/sx126x_hal.o
                0x080022e4                sx126x_hal_wakeup
 .text.sx126x_get_busy
                0x0800232c       0x18 ./Core/Src/Drivers/DX-LR30_Driver/sx126x_hal.o
                0x0800232c                sx126x_get_busy
 .text.CS_Low   0x08002344       0x20 ./Core/Src/Drivers/cc1101.o
 .text.CS_High  0x08002364       0x20 ./Core/Src/Drivers/cc1101.o
 .text.CC1101_WriteReg
                0x08002384       0x4a ./Core/Src/Drivers/cc1101.o
 .text.CC1101_ReadReg
                0x080023ce       0x4c ./Core/Src/Drivers/cc1101.o
 .text.CC1101_ReadStatus
                0x0800241a       0x4c ./Core/Src/Drivers/cc1101.o
 .text.CC1101_Strobe
                0x08002466       0x3c ./Core/Src/Drivers/cc1101.o
                0x08002466                CC1101_Strobe
 .text.CC1101_Reset
                0x080024a2       0x4a ./Core/Src/Drivers/cc1101.o
                0x080024a2                CC1101_Reset
 .text.CC1101_Init
                0x080024ec       0xe2 ./Core/Src/Drivers/cc1101.o
                0x080024ec                CC1101_Init
 .text.CC1101_SetRX
                0x080025ce       0x30 ./Core/Src/Drivers/cc1101.o
                0x080025ce                CC1101_SetRX
 .text.CC1101_Receive_DMA
                0x080025fe       0x98 ./Core/Src/Drivers/cc1101.o
                0x080025fe                CC1101_Receive_DMA
 .text.CC1101_DMA_Complete_Callback
                0x08002696       0xbc ./Core/Src/Drivers/cc1101.o
                0x08002696                CC1101_DMA_Complete_Callback
 .text.CC1101_Interrupt_Handler
                0x08002752       0x32 ./Core/Src/Drivers/cc1101.o
                0x08002752                CC1101_Interrupt_Handler
 .text.GY273_Init
                0x08002784       0x5c ./Core/Src/Drivers/gy273.o
                0x08002784                GY273_Init
 .text.GY273_PollRaw
                0x080027e0       0x82 ./Core/Src/Drivers/gy273.o
                0x080027e0                GY273_PollRaw
 *fill*         0x08002862        0x6 
 .text.GY273_GetHeading2D
                0x08002868       0xd8 ./Core/Src/Drivers/gy273.o
                0x08002868                GY273_GetHeading2D
 .text.GY273_GetHeading3D
                0x08002940      0x198 ./Core/Src/Drivers/gy273.o
                0x08002940                GY273_GetHeading3D
 .text.GY6500_Init
                0x08002ad8       0x30 ./Core/Src/Drivers/gy6500.o
                0x08002ad8                GY6500_Init
 .text.GY6500_Calibrate
                0x08002b08      0x234 ./Core/Src/Drivers/gy6500.o
                0x08002b08                GY6500_Calibrate
 .text.GY6500_Poll
                0x08002d3c      0x528 ./Core/Src/Drivers/gy6500.o
                0x08002d3c                GY6500_Poll
 .text.Get_Orientation_Accel
                0x08003264       0xcc ./Core/Src/Drivers/gy6500.o
                0x08003264                Get_Orientation_Accel
 .text.PCA9685_Init
                0x08003330       0x4c ./Core/Src/Drivers/pca9685.o
                0x08003330                PCA9685_Init
 .text.PCA9685_SetPWMFrequency
                0x0800337c      0x158 ./Core/Src/Drivers/pca9685.o
                0x0800337c                PCA9685_SetPWMFrequency
 .text.Menu_Init
                0x080034d4       0x44 ./Core/Src/LCD/menu_helper.o
                0x080034d4                Menu_Init
 .text.Menu_Draw
                0x08003518      0x1ac ./Core/Src/LCD/menu_helper.o
                0x08003518                Menu_Draw
 .text.SSD1315_WriteCommand
                0x080036c4       0x2e ./Core/Src/LCD/ssd1315.o
 .text.SSD1315_Init
                0x080036f2       0xea ./Core/Src/LCD/ssd1315.o
                0x080036f2                SSD1315_Init
 .text.SSD1315_Clear
                0x080037dc       0x18 ./Core/Src/LCD/ssd1315.o
                0x080037dc                SSD1315_Clear
 .text.SSD1315_UpdateScreen
                0x080037f4       0x68 ./Core/Src/LCD/ssd1315.o
                0x080037f4                SSD1315_UpdateScreen
 .text.SSD1315_DrawPixel
                0x0800385c       0xa8 ./Core/Src/LCD/ssd1315.o
                0x0800385c                SSD1315_DrawPixel
 .text.SSD1315_DrawChar
                0x08003904       0xb4 ./Core/Src/LCD/ssd1315.o
                0x08003904                SSD1315_DrawChar
 .text.SSD1315_DrawString
                0x080039b8       0x44 ./Core/Src/LCD/ssd1315.o
                0x080039b8                SSD1315_DrawString
 .text.SSD1315_Title
                0x080039fc       0x1a ./Core/Src/LCD/ssd1315.o
                0x080039fc                SSD1315_Title
 .text.SSD1315_Line_1
                0x08003a16       0x1a ./Core/Src/LCD/ssd1315.o
                0x08003a16                SSD1315_Line_1
 .text.SSD1315_Line_2
                0x08003a30       0x1a ./Core/Src/LCD/ssd1315.o
                0x08003a30                SSD1315_Line_2
 .text.SSD1315_Line_3
                0x08003a4a       0x1a ./Core/Src/LCD/ssd1315.o
                0x08003a4a                SSD1315_Line_3
 .text.MX_DMA_Init
                0x08003a64       0x50 ./Core/Src/dma.o
                0x08003a64                MX_DMA_Init
 .text.MX_GPIO_Init
                0x08003ab4      0x164 ./Core/Src/gpio.o
                0x08003ab4                MX_GPIO_Init
 .text.MX_I2C3_Init
                0x08003c18       0x5c ./Core/Src/i2c.o
                0x08003c18                MX_I2C3_Init
 .text.HAL_I2C_MspInit
                0x08003c74       0xd4 ./Core/Src/i2c.o
                0x08003c74                HAL_I2C_MspInit
 .text.is_plane
                0x08003d48       0x20 ./Core/Src/main.o
                0x08003d48                is_plane
 .text.init_all
                0x08003d68      0x3a0 ./Core/Src/main.o
                0x08003d68                init_all
 .text.Gyro_update_data
                0x08004108      0x154 ./Core/Src/main.o
                0x08004108                Gyro_update_data
 .text.main     0x0800425c       0xe0 ./Core/Src/main.o
                0x0800425c                main
 .text.SystemClock_Config
                0x0800433c       0xd4 ./Core/Src/main.o
                0x0800433c                SystemClock_Config
 .text.HAL_TIM_PeriodElapsedCallback
                0x08004410       0x5c ./Core/Src/main.o
                0x08004410                HAL_TIM_PeriodElapsedCallback
 .text.HAL_GPIO_EXTI_Callback
                0x0800446c       0x44 ./Core/Src/main.o
                0x0800446c                HAL_GPIO_EXTI_Callback
 .text.HAL_SPI_TxRxCpltCallback
                0x080044b0       0x3c ./Core/Src/main.o
                0x080044b0                HAL_SPI_TxRxCpltCallback
 .text.HAL_SPI_ErrorCallback
                0x080044ec       0x40 ./Core/Src/main.o
                0x080044ec                HAL_SPI_ErrorCallback
 .text.Error_Handler
                0x0800452c        0xc ./Core/Src/main.o
                0x0800452c                Error_Handler
 .text.MX_SPI3_Init
                0x08004538       0x6c ./Core/Src/spi.o
                0x08004538                MX_SPI3_Init
 .text.HAL_SPI_MspInit
                0x080045a4      0x15c ./Core/Src/spi.o
                0x080045a4                HAL_SPI_MspInit
 .text.SPI_WriteBytes
                0x08004700       0x24 ./Core/Src/spi.o
                0x08004700                SPI_WriteBytes
 .text.SPI_ReadBytes
                0x08004724       0x24 ./Core/Src/spi.o
                0x08004724                SPI_ReadBytes
 .text.HAL_MspInit
                0x08004748       0x50 ./Core/Src/stm32f4xx_hal_msp.o
                0x08004748                HAL_MspInit
 .text.NMI_Handler
                0x08004798        0x8 ./Core/Src/stm32f4xx_it.o
                0x08004798                NMI_Handler
 .text.HardFault_Handler
                0x080047a0        0x8 ./Core/Src/stm32f4xx_it.o
                0x080047a0                HardFault_Handler
 .text.MemManage_Handler
                0x080047a8        0x8 ./Core/Src/stm32f4xx_it.o
                0x080047a8                MemManage_Handler
 .text.BusFault_Handler
                0x080047b0        0x8 ./Core/Src/stm32f4xx_it.o
                0x080047b0                BusFault_Handler
 .text.UsageFault_Handler
                0x080047b8        0x8 ./Core/Src/stm32f4xx_it.o
                0x080047b8                UsageFault_Handler
 .text.SVC_Handler
                0x080047c0        0xe ./Core/Src/stm32f4xx_it.o
                0x080047c0                SVC_Handler
 .text.DebugMon_Handler
                0x080047ce        0xe ./Core/Src/stm32f4xx_it.o
                0x080047ce                DebugMon_Handler
 .text.PendSV_Handler
                0x080047dc        0xe ./Core/Src/stm32f4xx_it.o
                0x080047dc                PendSV_Handler
 .text.SysTick_Handler
                0x080047ea        0xc ./Core/Src/stm32f4xx_it.o
                0x080047ea                SysTick_Handler
 .text.EXTI3_IRQHandler
                0x080047f6        0xe ./Core/Src/stm32f4xx_it.o
                0x080047f6                EXTI3_IRQHandler
 .text.EXTI4_IRQHandler
                0x08004804        0xe ./Core/Src/stm32f4xx_it.o
                0x08004804                EXTI4_IRQHandler
 *fill*         0x08004812        0x2 
 .text.DMA1_Stream0_IRQHandler
                0x08004814       0x14 ./Core/Src/stm32f4xx_it.o
                0x08004814                DMA1_Stream0_IRQHandler
 .text.DMA1_Stream5_IRQHandler
                0x08004828       0x14 ./Core/Src/stm32f4xx_it.o
                0x08004828                DMA1_Stream5_IRQHandler
 .text.TIM2_IRQHandler
                0x0800483c       0x14 ./Core/Src/stm32f4xx_it.o
                0x0800483c                TIM2_IRQHandler
 .text.TIM3_IRQHandler
                0x08004850       0x14 ./Core/Src/stm32f4xx_it.o
                0x08004850                TIM3_IRQHandler
 .text.TIM4_IRQHandler
                0x08004864       0x14 ./Core/Src/stm32f4xx_it.o
                0x08004864                TIM4_IRQHandler
 .text.OTG_FS_IRQHandler
                0x08004878       0x14 ./Core/Src/stm32f4xx_it.o
                0x08004878                OTG_FS_IRQHandler
 .text._getpid  0x0800488c       0x10 ./Core/Src/syscalls.o
                0x0800488c                _getpid
 .text._kill    0x0800489c       0x20 ./Core/Src/syscalls.o
                0x0800489c                _kill
 .text._exit    0x080048bc       0x16 ./Core/Src/syscalls.o
                0x080048bc                _exit
 .text._read    0x080048d2       0x3a ./Core/Src/syscalls.o
                0x080048d2                _read
 .text._write   0x0800490c       0x38 ./Core/Src/syscalls.o
                0x0800490c                _write
 .text._close   0x08004944       0x18 ./Core/Src/syscalls.o
                0x08004944                _close
 .text._fstat   0x0800495c       0x20 ./Core/Src/syscalls.o
                0x0800495c                _fstat
 .text._isatty  0x0800497c       0x16 ./Core/Src/syscalls.o
                0x0800497c                _isatty
 .text._lseek   0x08004992       0x1a ./Core/Src/syscalls.o
                0x08004992                _lseek
 .text._sbrk    0x080049ac       0x6c ./Core/Src/sysmem.o
                0x080049ac                _sbrk
 .text.SystemInit
                0x08004a18       0x24 ./Core/Src/system_stm32f4xx.o
                0x08004a18                SystemInit
 .text.MX_TIM2_Init
                0x08004a3c       0xe4 ./Core/Src/tim.o
                0x08004a3c                MX_TIM2_Init
 .text.MX_TIM3_Init
                0x08004b20       0xe8 ./Core/Src/tim.o
                0x08004b20                MX_TIM3_Init
 .text.MX_TIM4_Init
                0x08004c08       0xe8 ./Core/Src/tim.o
                0x08004c08                MX_TIM4_Init
 .text.HAL_TIM_Base_MspInit
                0x08004cf0       0xc4 ./Core/Src/tim.o
                0x08004cf0                HAL_TIM_Base_MspInit
 .text.Reset_Handler
                0x08004db4       0x50 ./Core/Startup/startup_stm32f405rgtx.o
                0x08004db4                Reset_Handler
 .text.Default_Handler
                0x08004e04        0x2 ./Core/Startup/startup_stm32f405rgtx.o
                0x08004e04                RTC_Alarm_IRQHandler
                0x08004e04                HASH_RNG_IRQHandler
                0x08004e04                EXTI2_IRQHandler
                0x08004e04                TIM8_CC_IRQHandler
                0x08004e04                TIM1_CC_IRQHandler
                0x08004e04                DMA2_Stream5_IRQHandler
                0x08004e04                PVD_IRQHandler
                0x08004e04                SDIO_IRQHandler
                0x08004e04                TAMP_STAMP_IRQHandler
                0x08004e04                CAN2_RX1_IRQHandler
                0x08004e04                TIM8_TRG_COM_TIM14_IRQHandler
                0x08004e04                TIM1_UP_TIM10_IRQHandler
                0x08004e04                TIM8_UP_TIM13_IRQHandler
                0x08004e04                I2C3_ER_IRQHandler
                0x08004e04                EXTI0_IRQHandler
                0x08004e04                I2C2_EV_IRQHandler
                0x08004e04                DMA1_Stream2_IRQHandler
                0x08004e04                CAN1_RX0_IRQHandler
                0x08004e04                FPU_IRQHandler
                0x08004e04                OTG_HS_WKUP_IRQHandler
                0x08004e04                CAN2_SCE_IRQHandler
                0x08004e04                DMA2_Stream2_IRQHandler
                0x08004e04                SPI1_IRQHandler
                0x08004e04                TIM6_DAC_IRQHandler
                0x08004e04                TIM1_BRK_TIM9_IRQHandler
                0x08004e04                CAN2_RX0_IRQHandler
                0x08004e04                DMA2_Stream3_IRQHandler
                0x08004e04                USART6_IRQHandler
                0x08004e04                USART3_IRQHandler
                0x08004e04                CAN1_RX1_IRQHandler
                0x08004e04                UART5_IRQHandler
                0x08004e04                DMA2_Stream0_IRQHandler
                0x08004e04                I2C1_EV_IRQHandler
                0x08004e04                DMA1_Stream6_IRQHandler
                0x08004e04                DMA1_Stream1_IRQHandler
                0x08004e04                UART4_IRQHandler
                0x08004e04                RCC_IRQHandler
                0x08004e04                TIM8_BRK_TIM12_IRQHandler
                0x08004e04                Default_Handler
                0x08004e04                EXTI15_10_IRQHandler
                0x08004e04                ADC_IRQHandler
                0x08004e04                DMA1_Stream7_IRQHandler
                0x08004e04                TIM7_IRQHandler
                0x08004e04                CAN2_TX_IRQHandler
                0x08004e04                TIM5_IRQHandler
                0x08004e04                DMA2_Stream7_IRQHandler
                0x08004e04                I2C3_EV_IRQHandler
                0x08004e04                EXTI9_5_IRQHandler
                0x08004e04                RTC_WKUP_IRQHandler
                0x08004e04                SPI2_IRQHandler
                0x08004e04                OTG_HS_EP1_IN_IRQHandler
                0x08004e04                CAN1_TX_IRQHandler
                0x08004e04                FSMC_IRQHandler
                0x08004e04                OTG_HS_EP1_OUT_IRQHandler
                0x08004e04                WWDG_IRQHandler
                0x08004e04                OTG_FS_WKUP_IRQHandler
                0x08004e04                TIM1_TRG_COM_TIM11_IRQHandler
                0x08004e04                OTG_HS_IRQHandler
                0x08004e04                EXTI1_IRQHandler
                0x08004e04                USART2_IRQHandler
                0x08004e04                I2C2_ER_IRQHandler
                0x08004e04                DMA2_Stream1_IRQHandler
                0x08004e04                CAN1_SCE_IRQHandler
                0x08004e04                FLASH_IRQHandler
                0x08004e04                DMA2_Stream4_IRQHandler
                0x08004e04                USART1_IRQHandler
                0x08004e04                SPI3_IRQHandler
                0x08004e04                DMA1_Stream4_IRQHandler
                0x08004e04                I2C1_ER_IRQHandler
                0x08004e04                DMA2_Stream6_IRQHandler
                0x08004e04                DMA1_Stream3_IRQHandler
 *fill*         0x08004e06        0x2 
 .text.HAL_Init
                0x08004e08       0x44 ./Drivers/STM32F4xx_HAL_Driver/Src/stm32f4xx_hal.o
                0x08004e08                HAL_Init
 .text.HAL_InitTick
                0x08004e4c       0x60 ./Drivers/STM32F4xx_HAL_Driver/Src/stm32f4xx_hal.o
                0x08004e4c                HAL_InitTick
 .text.HAL_IncTick
                0x08004eac       0x28 ./Drivers/STM32F4xx_HAL_Driver/Src/stm32f4xx_hal.o
                0x08004eac                HAL_IncTick
 .text.HAL_GetTick
                0x08004ed4       0x18 ./Drivers/STM32F4xx_HAL_Driver/Src/stm32f4xx_hal.o
                0x08004ed4                HAL_GetTick
 .text.HAL_Delay
                0x08004eec       0x48 ./Drivers/STM32F4xx_HAL_Driver/Src/stm32f4xx_hal.o
                0x08004eec                HAL_Delay
 .text.__NVIC_SetPriorityGrouping
                0x08004f34       0x48 ./Drivers/STM32F4xx_HAL_Driver/Src/stm32f4xx_hal_cortex.o
 .text.__NVIC_GetPriorityGrouping
                0x08004f7c       0x1c ./Drivers/STM32F4xx_HAL_Driver/Src/stm32f4xx_hal_cortex.o
 .text.__NVIC_EnableIRQ
                0x08004f98       0x3c ./Drivers/STM32F4xx_HAL_Driver/Src/stm32f4xx_hal_cortex.o
 .text.__NVIC_SetPriority
                0x08004fd4       0x54 ./Drivers/STM32F4xx_HAL_Driver/Src/stm32f4xx_hal_cortex.o
 .text.NVIC_EncodePriority
                0x08005028       0x66 ./Drivers/STM32F4xx_HAL_Driver/Src/stm32f4xx_hal_cortex.o
 *fill*         0x0800508e        0x2 
 .text.SysTick_Config
                0x08005090       0x44 ./Drivers/STM32F4xx_HAL_Driver/Src/stm32f4xx_hal_cortex.o
 .text.HAL_NVIC_SetPriorityGrouping
                0x080050d4       0x16 ./Drivers/STM32F4xx_HAL_Driver/Src/stm32f4xx_hal_cortex.o
                0x080050d4                HAL_NVIC_SetPriorityGrouping
 .text.HAL_NVIC_SetPriority
                0x080050ea       0x38 ./Drivers/STM32F4xx_HAL_Driver/Src/stm32f4xx_hal_cortex.o
                0x080050ea                HAL_NVIC_SetPriority
 .text.HAL_NVIC_EnableIRQ
                0x08005122       0x1c ./Drivers/STM32F4xx_HAL_Driver/Src/stm32f4xx_hal_cortex.o
                0x08005122                HAL_NVIC_EnableIRQ
 .text.HAL_SYSTICK_Config
                0x0800513e       0x18 ./Drivers/STM32F4xx_HAL_Driver/Src/stm32f4xx_hal_cortex.o
                0x0800513e                HAL_SYSTICK_Config
 *fill*         0x08005156        0x2 
 .text.HAL_DMA_Init
                0x08005158      0x15c ./Drivers/STM32F4xx_HAL_Driver/Src/stm32f4xx_hal_dma.o
                0x08005158                HAL_DMA_Init
 .text.HAL_DMA_Start_IT
                0x080052b4       0xb0 ./Drivers/STM32F4xx_HAL_Driver/Src/stm32f4xx_hal_dma.o
                0x080052b4                HAL_DMA_Start_IT
 .text.HAL_DMA_IRQHandler
                0x08005364      0x314 ./Drivers/STM32F4xx_HAL_Driver/Src/stm32f4xx_hal_dma.o
                0x08005364                HAL_DMA_IRQHandler
 .text.DMA_SetConfig
                0x08005678       0x5c ./Drivers/STM32F4xx_HAL_Driver/Src/stm32f4xx_hal_dma.o
 .text.DMA_CalcBaseAndBitshift
                0x080056d4       0x6c ./Drivers/STM32F4xx_HAL_Driver/Src/stm32f4xx_hal_dma.o
 .text.DMA_CheckFifoParam
                0x08005740       0xf8 ./Drivers/STM32F4xx_HAL_Driver/Src/stm32f4xx_hal_dma.o
 .text.HAL_GPIO_Init
                0x08005838      0x338 ./Drivers/STM32F4xx_HAL_Driver/Src/stm32f4xx_hal_gpio.o
                0x08005838                HAL_GPIO_Init
 .text.HAL_GPIO_ReadPin
                0x08005b70       0x30 ./Drivers/STM32F4xx_HAL_Driver/Src/stm32f4xx_hal_gpio.o
                0x08005b70                HAL_GPIO_ReadPin
 .text.HAL_GPIO_WritePin
                0x08005ba0       0x32 ./Drivers/STM32F4xx_HAL_Driver/Src/stm32f4xx_hal_gpio.o
                0x08005ba0                HAL_GPIO_WritePin
 .text.HAL_GPIO_TogglePin
                0x08005bd2       0x34 ./Drivers/STM32F4xx_HAL_Driver/Src/stm32f4xx_hal_gpio.o
                0x08005bd2                HAL_GPIO_TogglePin
 *fill*         0x08005c06        0x2 
 .text.HAL_GPIO_EXTI_IRQHandler
                0x08005c08       0x30 ./Drivers/STM32F4xx_HAL_Driver/Src/stm32f4xx_hal_gpio.o
                0x08005c08                HAL_GPIO_EXTI_IRQHandler
 .text.HAL_I2C_Init
                0x08005c38      0x288 ./Drivers/STM32F4xx_HAL_Driver/Src/stm32f4xx_hal_i2c.o
                0x08005c38                HAL_I2C_Init
 .text.HAL_I2C_Mem_Write
                0x08005ec0      0x1f4 ./Drivers/STM32F4xx_HAL_Driver/Src/stm32f4xx_hal_i2c.o
                0x08005ec0                HAL_I2C_Mem_Write
 .text.HAL_I2C_Mem_Read
                0x080060b4      0x464 ./Drivers/STM32F4xx_HAL_Driver/Src/stm32f4xx_hal_i2c.o
                0x080060b4                HAL_I2C_Mem_Read
 .text.HAL_I2C_IsDeviceReady
                0x08006518      0x25c ./Drivers/STM32F4xx_HAL_Driver/Src/stm32f4xx_hal_i2c.o
                0x08006518                HAL_I2C_IsDeviceReady
 .text.I2C_RequestMemoryWrite
                0x08006774      0x12c ./Drivers/STM32F4xx_HAL_Driver/Src/stm32f4xx_hal_i2c.o
 .text.I2C_RequestMemoryRead
                0x080068a0      0x1d0 ./Drivers/STM32F4xx_HAL_Driver/Src/stm32f4xx_hal_i2c.o
 .text.I2C_WaitOnFlagUntilTimeout
                0x08006a70       0xf4 ./Drivers/STM32F4xx_HAL_Driver/Src/stm32f4xx_hal_i2c.o
 .text.I2C_WaitOnMasterAddressFlagUntilTimeout
                0x08006b64      0x140 ./Drivers/STM32F4xx_HAL_Driver/Src/stm32f4xx_hal_i2c.o
 .text.I2C_WaitOnTXEFlagUntilTimeout
                0x08006ca4       0x90 ./Drivers/STM32F4xx_HAL_Driver/Src/stm32f4xx_hal_i2c.o
 .text.I2C_WaitOnBTFFlagUntilTimeout
                0x08006d34       0x90 ./Drivers/STM32F4xx_HAL_Driver/Src/stm32f4xx_hal_i2c.o
 .text.I2C_WaitOnRXNEFlagUntilTimeout
                0x08006dc4       0xba ./Drivers/STM32F4xx_HAL_Driver/Src/stm32f4xx_hal_i2c.o
 .text.I2C_IsAcknowledgeFailed
                0x08006e7e       0x5e ./Drivers/STM32F4xx_HAL_Driver/Src/stm32f4xx_hal_i2c.o
 .text.HAL_PCD_Init
                0x08006edc      0x21e ./Drivers/STM32F4xx_HAL_Driver/Src/stm32f4xx_hal_pcd.o
                0x08006edc                HAL_PCD_Init
 .text.HAL_PCD_Start
                0x080070fa       0x6a ./Drivers/STM32F4xx_HAL_Driver/Src/stm32f4xx_hal_pcd.o
                0x080070fa                HAL_PCD_Start
 .text.HAL_PCD_IRQHandler
                0x08007164      0x942 ./Drivers/STM32F4xx_HAL_Driver/Src/stm32f4xx_hal_pcd.o
                0x08007164                HAL_PCD_IRQHandler
 .text.HAL_PCD_SetAddress
                0x08007aa6       0x48 ./Drivers/STM32F4xx_HAL_Driver/Src/stm32f4xx_hal_pcd.o
                0x08007aa6                HAL_PCD_SetAddress
 .text.HAL_PCD_EP_Open
                0x08007aee       0xd4 ./Drivers/STM32F4xx_HAL_Driver/Src/stm32f4xx_hal_pcd.o
                0x08007aee                HAL_PCD_EP_Open
 .text.HAL_PCD_EP_Close
                0x08007bc2       0x94 ./Drivers/STM32F4xx_HAL_Driver/Src/stm32f4xx_hal_pcd.o
                0x08007bc2                HAL_PCD_EP_Close
 .text.HAL_PCD_EP_Receive
                0x08007c56       0x76 ./Drivers/STM32F4xx_HAL_Driver/Src/stm32f4xx_hal_pcd.o
                0x08007c56                HAL_PCD_EP_Receive
 .text.HAL_PCD_EP_GetRxCount
                0x08007ccc       0x30 ./Drivers/STM32F4xx_HAL_Driver/Src/stm32f4xx_hal_pcd.o
                0x08007ccc                HAL_PCD_EP_GetRxCount
 .text.HAL_PCD_EP_Transmit
                0x08007cfc       0x74 ./Drivers/STM32F4xx_HAL_Driver/Src/stm32f4xx_hal_pcd.o
                0x08007cfc                HAL_PCD_EP_Transmit
 .text.HAL_PCD_EP_SetStall
                0x08007d70       0xc6 ./Drivers/STM32F4xx_HAL_Driver/Src/stm32f4xx_hal_pcd.o
                0x08007d70                HAL_PCD_EP_SetStall
 .text.HAL_PCD_EP_ClrStall
                0x08007e36       0xac ./Drivers/STM32F4xx_HAL_Driver/Src/stm32f4xx_hal_pcd.o
                0x08007e36                HAL_PCD_EP_ClrStall
 .text.HAL_PCD_EP_Abort
                0x08007ee2       0x62 ./Drivers/STM32F4xx_HAL_Driver/Src/stm32f4xx_hal_pcd.o
                0x08007ee2                HAL_PCD_EP_Abort
 .text.PCD_WriteEmptyTxFifo
                0x08007f44      0x118 ./Drivers/STM32F4xx_HAL_Driver/Src/stm32f4xx_hal_pcd.o
 .text.PCD_EP_OutXfrComplete_int
                0x0800805c      0x1d0 ./Drivers/STM32F4xx_HAL_Driver/Src/stm32f4xx_hal_pcd.o
 .text.PCD_EP_OutSetupPacket_int
                0x0800822c       0x8c ./Drivers/STM32F4xx_HAL_Driver/Src/stm32f4xx_hal_pcd.o
 .text.HAL_PCDEx_SetTxFiFo
                0x080082b8       0x8e ./Drivers/STM32F4xx_HAL_Driver/Src/stm32f4xx_hal_pcd_ex.o
                0x080082b8                HAL_PCDEx_SetTxFiFo
 .text.HAL_PCDEx_SetRxFiFo
                0x08008346       0x22 ./Drivers/STM32F4xx_HAL_Driver/Src/stm32f4xx_hal_pcd_ex.o
                0x08008346                HAL_PCDEx_SetRxFiFo
 .text.HAL_PCDEx_LPM_Callback
                0x08008368       0x18 ./Drivers/STM32F4xx_HAL_Driver/Src/stm32f4xx_hal_pcd_ex.o
                0x08008368                HAL_PCDEx_LPM_Callback
 .text.HAL_RCC_OscConfig
                0x08008380      0x4f0 ./Drivers/STM32F4xx_HAL_Driver/Src/stm32f4xx_hal_rcc.o
                0x08008380                HAL_RCC_OscConfig
 .text.HAL_RCC_ClockConfig
                0x08008870      0x1cc ./Drivers/STM32F4xx_HAL_Driver/Src/stm32f4xx_hal_rcc.o
                0x08008870                HAL_RCC_ClockConfig
 .text.HAL_RCC_GetSysClockFreq
                0x08008a3c      0x20c ./Drivers/STM32F4xx_HAL_Driver/Src/stm32f4xx_hal_rcc.o
                0x08008a3c                HAL_RCC_GetSysClockFreq
 .text.HAL_RCC_GetHCLKFreq
                0x08008c48       0x18 ./Drivers/STM32F4xx_HAL_Driver/Src/stm32f4xx_hal_rcc.o
                0x08008c48                HAL_RCC_GetHCLKFreq
 .text.HAL_RCC_GetPCLK1Freq
                0x08008c60       0x28 ./Drivers/STM32F4xx_HAL_Driver/Src/stm32f4xx_hal_rcc.o
                0x08008c60                HAL_RCC_GetPCLK1Freq
 .text.HAL_SPI_Init
                0x08008c88      0x112 ./Drivers/STM32F4xx_HAL_Driver/Src/stm32f4xx_hal_spi.o
                0x08008c88                HAL_SPI_Init
 .text.HAL_SPI_Transmit
                0x08008d9a      0x288 ./Drivers/STM32F4xx_HAL_Driver/Src/stm32f4xx_hal_spi.o
                0x08008d9a                HAL_SPI_Transmit
 .text.HAL_SPI_Receive
                0x08009022      0x232 ./Drivers/STM32F4xx_HAL_Driver/Src/stm32f4xx_hal_spi.o
                0x08009022                HAL_SPI_Receive
 .text.HAL_SPI_TransmitReceive
                0x08009254      0x352 ./Drivers/STM32F4xx_HAL_Driver/Src/stm32f4xx_hal_spi.o
                0x08009254                HAL_SPI_TransmitReceive
 *fill*         0x080095a6        0x2 
 .text.HAL_SPI_TransmitReceive_DMA
                0x080095a8      0x1f8 ./Drivers/STM32F4xx_HAL_Driver/Src/stm32f4xx_hal_spi.o
                0x080095a8                HAL_SPI_TransmitReceive_DMA
 .text.HAL_SPI_RxCpltCallback
                0x080097a0       0x14 ./Drivers/STM32F4xx_HAL_Driver/Src/stm32f4xx_hal_spi.o
                0x080097a0                HAL_SPI_RxCpltCallback
 .text.HAL_SPI_RxHalfCpltCallback
                0x080097b4       0x14 ./Drivers/STM32F4xx_HAL_Driver/Src/stm32f4xx_hal_spi.o
                0x080097b4                HAL_SPI_RxHalfCpltCallback
 .text.HAL_SPI_TxRxHalfCpltCallback
                0x080097c8       0x14 ./Drivers/STM32F4xx_HAL_Driver/Src/stm32f4xx_hal_spi.o
                0x080097c8                HAL_SPI_TxRxHalfCpltCallback
 .text.SPI_DMAReceiveCplt
                0x080097dc       0xa8 ./Drivers/STM32F4xx_HAL_Driver/Src/stm32f4xx_hal_spi.o
 .text.SPI_DMATransmitReceiveCplt
                0x08009884       0x90 ./Drivers/STM32F4xx_HAL_Driver/Src/stm32f4xx_hal_spi.o
 .text.SPI_DMAHalfReceiveCplt
                0x08009914       0x1c ./Drivers/STM32F4xx_HAL_Driver/Src/stm32f4xx_hal_spi.o
 .text.SPI_DMAHalfTransmitReceiveCplt
                0x08009930       0x1c ./Drivers/STM32F4xx_HAL_Driver/Src/stm32f4xx_hal_spi.o
 .text.SPI_DMAError
                0x0800994c       0x40 ./Drivers/STM32F4xx_HAL_Driver/Src/stm32f4xx_hal_spi.o
 .text.SPI_WaitFlagStateUntilTimeout
                0x0800998c      0x110 ./Drivers/STM32F4xx_HAL_Driver/Src/stm32f4xx_hal_spi.o
 .text.SPI_EndRxTransaction
                0x08009a9c       0xca ./Drivers/STM32F4xx_HAL_Driver/Src/stm32f4xx_hal_spi.o
 *fill*         0x08009b66        0x2 
 .text.SPI_EndRxTxTransaction
                0x08009b68       0xa8 ./Drivers/STM32F4xx_HAL_Driver/Src/stm32f4xx_hal_spi.o
 .text.HAL_TIM_Base_Init
                0x08009c10       0x9e ./Drivers/STM32F4xx_HAL_Driver/Src/stm32f4xx_hal_tim.o
                0x08009c10                HAL_TIM_Base_Init
 *fill*         0x08009cae        0x2 
 .text.HAL_TIM_Base_Start_IT
                0x08009cb0       0xe0 ./Drivers/STM32F4xx_HAL_Driver/Src/stm32f4xx_hal_tim.o
                0x08009cb0                HAL_TIM_Base_Start_IT
 .text.HAL_TIM_Base_Stop_IT
                0x08009d90       0x5e ./Drivers/STM32F4xx_HAL_Driver/Src/stm32f4xx_hal_tim.o
                0x08009d90                HAL_TIM_Base_Stop_IT
 .text.HAL_TIM_OC_Init
                0x08009dee       0x9e ./Drivers/STM32F4xx_HAL_Driver/Src/stm32f4xx_hal_tim.o
                0x08009dee                HAL_TIM_OC_Init
 .text.HAL_TIM_OC_MspInit
                0x08009e8c       0x14 ./Drivers/STM32F4xx_HAL_Driver/Src/stm32f4xx_hal_tim.o
                0x08009e8c                HAL_TIM_OC_MspInit
 .text.HAL_TIM_IRQHandler
                0x08009ea0      0x1e0 ./Drivers/STM32F4xx_HAL_Driver/Src/stm32f4xx_hal_tim.o
                0x08009ea0                HAL_TIM_IRQHandler
 .text.HAL_TIM_OC_ConfigChannel
                0x0800a080       0xb8 ./Drivers/STM32F4xx_HAL_Driver/Src/stm32f4xx_hal_tim.o
                0x0800a080                HAL_TIM_OC_ConfigChannel
 .text.HAL_TIM_ConfigClockSource
                0x0800a138      0x18e ./Drivers/STM32F4xx_HAL_Driver/Src/stm32f4xx_hal_tim.o
                0x0800a138                HAL_TIM_ConfigClockSource
 .text.HAL_TIM_OC_DelayElapsedCallback
                0x0800a2c6       0x14 ./Drivers/STM32F4xx_HAL_Driver/Src/stm32f4xx_hal_tim.o
                0x0800a2c6                HAL_TIM_OC_DelayElapsedCallback
 .text.HAL_TIM_IC_CaptureCallback
                0x0800a2da       0x14 ./Drivers/STM32F4xx_HAL_Driver/Src/stm32f4xx_hal_tim.o
                0x0800a2da                HAL_TIM_IC_CaptureCallback
 .text.HAL_TIM_PWM_PulseFinishedCallback
                0x0800a2ee       0x14 ./Drivers/STM32F4xx_HAL_Driver/Src/stm32f4xx_hal_tim.o
                0x0800a2ee                HAL_TIM_PWM_PulseFinishedCallback
 .text.HAL_TIM_TriggerCallback
                0x0800a302       0x14 ./Drivers/STM32F4xx_HAL_Driver/Src/stm32f4xx_hal_tim.o
                0x0800a302                HAL_TIM_TriggerCallback
 *fill*         0x0800a316        0x2 
 .text.TIM_Base_SetConfig
                0x0800a318      0x14c ./Drivers/STM32F4xx_HAL_Driver/Src/stm32f4xx_hal_tim.o
                0x0800a318                TIM_Base_SetConfig
 .text.TIM_OC1_SetConfig
                0x0800a464       0xe0 ./Drivers/STM32F4xx_HAL_Driver/Src/stm32f4xx_hal_tim.o
 .text.TIM_OC2_SetConfig
                0x0800a544       0xec ./Drivers/STM32F4xx_HAL_Driver/Src/stm32f4xx_hal_tim.o
                0x0800a544                TIM_OC2_SetConfig
 .text.TIM_OC3_SetConfig
                0x0800a630       0xe8 ./Drivers/STM32F4xx_HAL_Driver/Src/stm32f4xx_hal_tim.o
 .text.TIM_OC4_SetConfig
                0x0800a718       0xac ./Drivers/STM32F4xx_HAL_Driver/Src/stm32f4xx_hal_tim.o
 .text.TIM_TI1_ConfigInputStage
                0x0800a7c4       0x5e ./Drivers/STM32F4xx_HAL_Driver/Src/stm32f4xx_hal_tim.o
 .text.TIM_TI2_ConfigInputStage
                0x0800a822       0x60 ./Drivers/STM32F4xx_HAL_Driver/Src/stm32f4xx_hal_tim.o
 .text.TIM_ITRx_SetConfig
                0x0800a882       0x36 ./Drivers/STM32F4xx_HAL_Driver/Src/stm32f4xx_hal_tim.o
 .text.TIM_ETR_SetConfig
                0x0800a8b8       0x40 ./Drivers/STM32F4xx_HAL_Driver/Src/stm32f4xx_hal_tim.o
                0x0800a8b8                TIM_ETR_SetConfig
 .text.HAL_TIMEx_MasterConfigSynchronization
                0x0800a8f8       0xf8 ./Drivers/STM32F4xx_HAL_Driver/Src/stm32f4xx_hal_tim_ex.o
                0x0800a8f8                HAL_TIMEx_MasterConfigSynchronization
 .text.HAL_TIMEx_CommutCallback
                0x0800a9f0       0x14 ./Drivers/STM32F4xx_HAL_Driver/Src/stm32f4xx_hal_tim_ex.o
                0x0800a9f0                HAL_TIMEx_CommutCallback
 .text.HAL_TIMEx_BreakCallback
                0x0800aa04       0x14 ./Drivers/STM32F4xx_HAL_Driver/Src/stm32f4xx_hal_tim_ex.o
                0x0800aa04                HAL_TIMEx_BreakCallback
 .text.USB_CoreInit
                0x0800aa18       0xc8 ./Drivers/STM32F4xx_HAL_Driver/Src/stm32f4xx_ll_usb.o
                0x0800aa18                USB_CoreInit
 .text.USB_SetTurnaroundTime
                0x0800aae0      0x144 ./Drivers/STM32F4xx_HAL_Driver/Src/stm32f4xx_ll_usb.o
                0x0800aae0                USB_SetTurnaroundTime
 .text.USB_EnableGlobalInt
                0x0800ac24       0x22 ./Drivers/STM32F4xx_HAL_Driver/Src/stm32f4xx_ll_usb.o
                0x0800ac24                USB_EnableGlobalInt
 .text.USB_DisableGlobalInt
                0x0800ac46       0x22 ./Drivers/STM32F4xx_HAL_Driver/Src/stm32f4xx_ll_usb.o
                0x0800ac46                USB_DisableGlobalInt
 .text.USB_SetCurrentMode
                0x0800ac68       0x98 ./Drivers/STM32F4xx_HAL_Driver/Src/stm32f4xx_ll_usb.o
                0x0800ac68                USB_SetCurrentMode
 .text.USB_DevInit
                0x0800ad00      0x2c8 ./Drivers/STM32F4xx_HAL_Driver/Src/stm32f4xx_ll_usb.o
                0x0800ad00                USB_DevInit
 .text.USB_FlushTxFifo
                0x0800afc8       0x64 ./Drivers/STM32F4xx_HAL_Driver/Src/stm32f4xx_ll_usb.o
                0x0800afc8                USB_FlushTxFifo
 .text.USB_FlushRxFifo
                0x0800b02c       0x5c ./Drivers/STM32F4xx_HAL_Driver/Src/stm32f4xx_ll_usb.o
                0x0800b02c                USB_FlushRxFifo
 .text.USB_SetDevSpeed
                0x0800b088       0x32 ./Drivers/STM32F4xx_HAL_Driver/Src/stm32f4xx_ll_usb.o
                0x0800b088                USB_SetDevSpeed
 .text.USB_GetDevSpeed
                0x0800b0ba       0x4a ./Drivers/STM32F4xx_HAL_Driver/Src/stm32f4xx_ll_usb.o
                0x0800b0ba                USB_GetDevSpeed
 .text.USB_ActivateEndpoint
                0x0800b104      0x10e ./Drivers/STM32F4xx_HAL_Driver/Src/stm32f4xx_ll_usb.o
                0x0800b104                USB_ActivateEndpoint
 *fill*         0x0800b212        0x2 
 .text.USB_DeactivateEndpoint
                0x0800b214      0x1b8 ./Drivers/STM32F4xx_HAL_Driver/Src/stm32f4xx_ll_usb.o
                0x0800b214                USB_DeactivateEndpoint
 .text.USB_EPStartXfer
                0x0800b3cc      0x53c ./Drivers/STM32F4xx_HAL_Driver/Src/stm32f4xx_ll_usb.o
                0x0800b3cc                USB_EPStartXfer
 .text.USB_EPStopXfer
                0x0800b908      0x154 ./Drivers/STM32F4xx_HAL_Driver/Src/stm32f4xx_ll_usb.o
                0x0800b908                USB_EPStopXfer
 .text.USB_WritePacket
                0x0800ba5c       0x7c ./Drivers/STM32F4xx_HAL_Driver/Src/stm32f4xx_ll_usb.o
                0x0800ba5c                USB_WritePacket
 .text.USB_ReadPacket
                0x0800bad8       0xb0 ./Drivers/STM32F4xx_HAL_Driver/Src/stm32f4xx_ll_usb.o
                0x0800bad8                USB_ReadPacket
 .text.USB_EPSetStall
                0x0800bb88       0xdc ./Drivers/STM32F4xx_HAL_Driver/Src/stm32f4xx_ll_usb.o
                0x0800bb88                USB_EPSetStall
 .text.USB_EPClearStall
                0x0800bc64       0xcc ./Drivers/STM32F4xx_HAL_Driver/Src/stm32f4xx_ll_usb.o
                0x0800bc64                USB_EPClearStall
 .text.USB_SetDevAddress
                0x0800bd30       0x4c ./Drivers/STM32F4xx_HAL_Driver/Src/stm32f4xx_ll_usb.o
                0x0800bd30                USB_SetDevAddress
 .text.USB_DevConnect
                0x0800bd7c       0x42 ./Drivers/STM32F4xx_HAL_Driver/Src/stm32f4xx_ll_usb.o
                0x0800bd7c                USB_DevConnect
 .text.USB_DevDisconnect
                0x0800bdbe       0x42 ./Drivers/STM32F4xx_HAL_Driver/Src/stm32f4xx_ll_usb.o
                0x0800bdbe                USB_DevDisconnect
 .text.USB_ReadInterrupts
                0x0800be00       0x26 ./Drivers/STM32F4xx_HAL_Driver/Src/stm32f4xx_ll_usb.o
                0x0800be00                USB_ReadInterrupts
 .text.USB_ReadDevAllOutEpInterrupt
                0x0800be26       0x34 ./Drivers/STM32F4xx_HAL_Driver/Src/stm32f4xx_ll_usb.o
                0x0800be26                USB_ReadDevAllOutEpInterrupt
 .text.USB_ReadDevAllInEpInterrupt
                0x0800be5a       0x34 ./Drivers/STM32F4xx_HAL_Driver/Src/stm32f4xx_ll_usb.o
                0x0800be5a                USB_ReadDevAllInEpInterrupt
 .text.USB_ReadDevOutEPInterrupt
                0x0800be8e       0x3c ./Drivers/STM32F4xx_HAL_Driver/Src/stm32f4xx_ll_usb.o
                0x0800be8e                USB_ReadDevOutEPInterrupt
 .text.USB_ReadDevInEPInterrupt
                0x0800beca       0x5c ./Drivers/STM32F4xx_HAL_Driver/Src/stm32f4xx_ll_usb.o
                0x0800beca                USB_ReadDevInEPInterrupt
 .text.USB_GetMode
                0x0800bf26       0x1c ./Drivers/STM32F4xx_HAL_Driver/Src/stm32f4xx_ll_usb.o
                0x0800bf26                USB_GetMode
 .text.USB_ActivateSetup
                0x0800bf42       0x46 ./Drivers/STM32F4xx_HAL_Driver/Src/stm32f4xx_ll_usb.o
                0x0800bf42                USB_ActivateSetup
 .text.USB_EP0_OutStart
                0x0800bf88       0xbc ./Drivers/STM32F4xx_HAL_Driver/Src/stm32f4xx_ll_usb.o
                0x0800bf88                USB_EP0_OutStart
 .text.USB_CoreReset
                0x0800c044       0x70 ./Drivers/STM32F4xx_HAL_Driver/Src/stm32f4xx_ll_usb.o
 .text.USBD_CDC_Init
                0x0800c0b4      0x1f0 ./Middlewares/ST/STM32_USB_Device_Library/Class/CDC/Src/usbd_cdc.o
 .text.USBD_CDC_DeInit
                0x0800c2a4      0x104 ./Middlewares/ST/STM32_USB_Device_Library/Class/CDC/Src/usbd_cdc.o
 .text.USBD_CDC_Setup
                0x0800c3a8      0x1b8 ./Middlewares/ST/STM32_USB_Device_Library/Class/CDC/Src/usbd_cdc.o
 .text.USBD_CDC_DataIn
                0x0800c560       0xfe ./Middlewares/ST/STM32_USB_Device_Library/Class/CDC/Src/usbd_cdc.o
 .text.USBD_CDC_DataOut
                0x0800c65e       0x70 ./Middlewares/ST/STM32_USB_Device_Library/Class/CDC/Src/usbd_cdc.o
 .text.USBD_CDC_EP0_RxReady
                0x0800c6ce       0x74 ./Middlewares/ST/STM32_USB_Device_Library/Class/CDC/Src/usbd_cdc.o
 *fill*         0x0800c742        0x2 
 .text.USBD_CDC_GetFSCfgDesc
                0x0800c744       0x70 ./Middlewares/ST/STM32_USB_Device_Library/Class/CDC/Src/usbd_cdc.o
 .text.USBD_CDC_GetHSCfgDesc
                0x0800c7b4       0x70 ./Middlewares/ST/STM32_USB_Device_Library/Class/CDC/Src/usbd_cdc.o
 .text.USBD_CDC_GetOtherSpeedCfgDesc
                0x0800c824       0x70 ./Middlewares/ST/STM32_USB_Device_Library/Class/CDC/Src/usbd_cdc.o
 .text.USBD_CDC_GetDeviceQualifierDescriptor
                0x0800c894       0x20 ./Middlewares/ST/STM32_USB_Device_Library/Class/CDC/Src/usbd_cdc.o
                0x0800c894                USBD_CDC_GetDeviceQualifierDescriptor
 .text.USBD_CDC_RegisterInterface
                0x0800c8b4       0x34 ./Middlewares/ST/STM32_USB_Device_Library/Class/CDC/Src/usbd_cdc.o
                0x0800c8b4                USBD_CDC_RegisterInterface
 .text.USBD_CDC_SetTxBuffer
                0x0800c8e8       0x44 ./Middlewares/ST/STM32_USB_Device_Library/Class/CDC/Src/usbd_cdc.o
                0x0800c8e8                USBD_CDC_SetTxBuffer
 .text.USBD_CDC_SetRxBuffer
                0x0800c92c       0x3a ./Middlewares/ST/STM32_USB_Device_Library/Class/CDC/Src/usbd_cdc.o
                0x0800c92c                USBD_CDC_SetRxBuffer
 *fill*         0x0800c966        0x2 
 .text.USBD_CDC_TransmitPacket
                0x0800c968       0x80 ./Middlewares/ST/STM32_USB_Device_Library/Class/CDC/Src/usbd_cdc.o
                0x0800c968                USBD_CDC_TransmitPacket
 .text.USBD_CDC_ReceivePacket
                0x0800c9e8       0x6c ./Middlewares/ST/STM32_USB_Device_Library/Class/CDC/Src/usbd_cdc.o
                0x0800c9e8                USBD_CDC_ReceivePacket
 .text.USBD_Init
                0x0800ca54       0x60 ./Middlewares/ST/STM32_USB_Device_Library/Core/Src/usbd_core.o
                0x0800ca54                USBD_Init
 .text.USBD_RegisterClass
                0x0800cab4       0x6c ./Middlewares/ST/STM32_USB_Device_Library/Core/Src/usbd_core.o
                0x0800cab4                USBD_RegisterClass
 .text.USBD_Start
                0x0800cb20       0x18 ./Middlewares/ST/STM32_USB_Device_Library/Core/Src/usbd_core.o
                0x0800cb20                USBD_Start
 .text.USBD_RunTestMode
                0x0800cb38       0x16 ./Middlewares/ST/STM32_USB_Device_Library/Core/Src/usbd_core.o
                0x0800cb38                USBD_RunTestMode
 .text.USBD_SetClassConfig
                0x0800cb4e       0x38 ./Middlewares/ST/STM32_USB_Device_Library/Core/Src/usbd_core.o
                0x0800cb4e                USBD_SetClassConfig
 .text.USBD_ClrClassConfig
                0x0800cb86       0x34 ./Middlewares/ST/STM32_USB_Device_Library/Core/Src/usbd_core.o
                0x0800cb86                USBD_ClrClassConfig
 .text.USBD_LL_SetupStage
                0x0800cbba       0xaa ./Middlewares/ST/STM32_USB_Device_Library/Core/Src/usbd_core.o
                0x0800cbba                USBD_LL_SetupStage
 .text.USBD_LL_DataOutStage
                0x0800cc64      0x178 ./Middlewares/ST/STM32_USB_Device_Library/Core/Src/usbd_core.o
                0x0800cc64                USBD_LL_DataOutStage
 .text.USBD_LL_DataInStage
                0x0800cddc      0x176 ./Middlewares/ST/STM32_USB_Device_Library/Core/Src/usbd_core.o
                0x0800cddc                USBD_LL_DataInStage
 .text.USBD_LL_Reset
                0x0800cf52       0xa6 ./Middlewares/ST/STM32_USB_Device_Library/Core/Src/usbd_core.o
                0x0800cf52                USBD_LL_Reset
 .text.USBD_LL_SetSpeed
                0x0800cff8       0x20 ./Middlewares/ST/STM32_USB_Device_Library/Core/Src/usbd_core.o
                0x0800cff8                USBD_LL_SetSpeed
 .text.USBD_LL_Suspend
                0x0800d018       0x38 ./Middlewares/ST/STM32_USB_Device_Library/Core/Src/usbd_core.o
                0x0800d018                USBD_LL_Suspend
 .text.USBD_LL_Resume
                0x0800d050       0x30 ./Middlewares/ST/STM32_USB_Device_Library/Core/Src/usbd_core.o
                0x0800d050                USBD_LL_Resume
 .text.USBD_LL_SOF
                0x0800d080       0x40 ./Middlewares/ST/STM32_USB_Device_Library/Core/Src/usbd_core.o
                0x0800d080                USBD_LL_SOF
 .text.USBD_LL_IsoINIncomplete
                0x0800d0c0       0x64 ./Middlewares/ST/STM32_USB_Device_Library/Core/Src/usbd_core.o
                0x0800d0c0                USBD_LL_IsoINIncomplete
 .text.USBD_LL_IsoOUTIncomplete
                0x0800d124       0x64 ./Middlewares/ST/STM32_USB_Device_Library/Core/Src/usbd_core.o
                0x0800d124                USBD_LL_IsoOUTIncomplete
 .text.USBD_LL_DevConnected
                0x0800d188       0x16 ./Middlewares/ST/STM32_USB_Device_Library/Core/Src/usbd_core.o
                0x0800d188                USBD_LL_DevConnected
 .text.USBD_LL_DevDisconnected
                0x0800d19e       0x46 ./Middlewares/ST/STM32_USB_Device_Library/Core/Src/usbd_core.o
                0x0800d19e                USBD_LL_DevDisconnected
 .text.USBD_CoreFindIF
                0x0800d1e4       0x1a ./Middlewares/ST/STM32_USB_Device_Library/Core/Src/usbd_core.o
                0x0800d1e4                USBD_CoreFindIF
 .text.USBD_CoreFindEP
                0x0800d1fe       0x1a ./Middlewares/ST/STM32_USB_Device_Library/Core/Src/usbd_core.o
                0x0800d1fe                USBD_CoreFindEP
 .text.USBD_GetEpDesc
                0x0800d218       0x70 ./Middlewares/ST/STM32_USB_Device_Library/Core/Src/usbd_core.o
                0x0800d218                USBD_GetEpDesc
 .text.USBD_GetNextDesc
                0x0800d288       0x38 ./Middlewares/ST/STM32_USB_Device_Library/Core/Src/usbd_core.o
                0x0800d288                USBD_GetNextDesc
 .text.SWAPBYTE
                0x0800d2c0       0x3e ./Middlewares/ST/STM32_USB_Device_Library/Core/Src/usbd_ctlreq.o
 *fill*         0x0800d2fe        0x2 
 .text.USBD_StdDevReq
                0x0800d300       0xe4 ./Middlewares/ST/STM32_USB_Device_Library/Core/Src/usbd_ctlreq.o
                0x0800d300                USBD_StdDevReq
 .text.USBD_StdItfReq
                0x0800d3e4       0xd8 ./Middlewares/ST/STM32_USB_Device_Library/Core/Src/usbd_ctlreq.o
                0x0800d3e4                USBD_StdItfReq
 .text.USBD_StdEPReq
                0x0800d4bc      0x33e ./Middlewares/ST/STM32_USB_Device_Library/Core/Src/usbd_ctlreq.o
                0x0800d4bc                USBD_StdEPReq
 *fill*         0x0800d7fa        0x2 
 .text.USBD_GetDescriptor
                0x0800d7fc      0x2d4 ./Middlewares/ST/STM32_USB_Device_Library/Core/Src/usbd_ctlreq.o
 .text.USBD_SetAddress
                0x0800dad0       0x88 ./Middlewares/ST/STM32_USB_Device_Library/Core/Src/usbd_ctlreq.o
 .text.USBD_SetConfig
                0x0800db58      0x154 ./Middlewares/ST/STM32_USB_Device_Library/Core/Src/usbd_ctlreq.o
 .text.USBD_GetConfig
                0x0800dcac       0x6c ./Middlewares/ST/STM32_USB_Device_Library/Core/Src/usbd_ctlreq.o
 .text.USBD_GetStatus
                0x0800dd18       0x68 ./Middlewares/ST/STM32_USB_Device_Library/Core/Src/usbd_ctlreq.o
 .text.USBD_SetFeature
                0x0800dd80       0x52 ./Middlewares/ST/STM32_USB_Device_Library/Core/Src/usbd_ctlreq.o
 .text.USBD_ClrFeature
                0x0800ddd2       0x44 ./Middlewares/ST/STM32_USB_Device_Library/Core/Src/usbd_ctlreq.o
 .text.USBD_ParseSetupRequest
                0x0800de16       0x74 ./Middlewares/ST/STM32_USB_Device_Library/Core/Src/usbd_ctlreq.o
                0x0800de16                USBD_ParseSetupRequest
 .text.USBD_CtlError
                0x0800de8a       0x22 ./Middlewares/ST/STM32_USB_Device_Library/Core/Src/usbd_ctlreq.o
                0x0800de8a                USBD_CtlError
 .text.USBD_GetString
                0x0800deac       0xa4 ./Middlewares/ST/STM32_USB_Device_Library/Core/Src/usbd_ctlreq.o
                0x0800deac                USBD_GetString
 .text.USBD_GetLen
                0x0800df50       0x34 ./Middlewares/ST/STM32_USB_Device_Library/Core/Src/usbd_ctlreq.o
 .text.USBD_CtlSendData
                0x0800df84       0x3c ./Middlewares/ST/STM32_USB_Device_Library/Core/Src/usbd_ioreq.o
                0x0800df84                USBD_CtlSendData
 .text.USBD_CtlContinueSendData
                0x0800dfc0       0x22 ./Middlewares/ST/STM32_USB_Device_Library/Core/Src/usbd_ioreq.o
                0x0800dfc0                USBD_CtlContinueSendData
 .text.USBD_CtlPrepareRx
                0x0800dfe2       0x42 ./Middlewares/ST/STM32_USB_Device_Library/Core/Src/usbd_ioreq.o
                0x0800dfe2                USBD_CtlPrepareRx
 .text.USBD_CtlContinueRx
                0x0800e024       0x22 ./Middlewares/ST/STM32_USB_Device_Library/Core/Src/usbd_ioreq.o
                0x0800e024                USBD_CtlContinueRx
 .text.USBD_CtlSendStatus
                0x0800e046       0x26 ./Middlewares/ST/STM32_USB_Device_Library/Core/Src/usbd_ioreq.o
                0x0800e046                USBD_CtlSendStatus
 .text.USBD_CtlReceiveStatus
                0x0800e06c       0x26 ./Middlewares/ST/STM32_USB_Device_Library/Core/Src/usbd_ioreq.o
                0x0800e06c                USBD_CtlReceiveStatus
 *fill*         0x0800e092        0x2 
 .text.MX_USB_DEVICE_Init
                0x0800e094       0x60 ./USB_DEVICE/App/usb_device.o
                0x0800e094                MX_USB_DEVICE_Init
 .text.CDC_Init_FS
                0x0800e0f4       0x28 ./USB_DEVICE/App/usbd_cdc_if.o
 .text.CDC_DeInit_FS
                0x0800e11c       0x10 ./USB_DEVICE/App/usbd_cdc_if.o
 .text.CDC_Control_FS
                0x0800e12c       0xbc ./USB_DEVICE/App/usbd_cdc_if.o
 .text.CDC_Receive_FS
                0x0800e1e8       0x28 ./USB_DEVICE/App/usbd_cdc_if.o
 .text.CDC_Transmit_FS
                0x0800e210       0x4c ./USB_DEVICE/App/usbd_cdc_if.o
                0x0800e210                CDC_Transmit_FS
 .text.CDC_TransmitCplt_FS
                0x0800e25c       0x22 ./USB_DEVICE/App/usbd_cdc_if.o
 *fill*         0x0800e27e        0x2 
 .text.USBD_FS_DeviceDescriptor
                0x0800e280       0x24 ./USB_DEVICE/App/usbd_desc.o
                0x0800e280                USBD_FS_DeviceDescriptor
 .text.USBD_FS_LangIDStrDescriptor
                0x0800e2a4       0x24 ./USB_DEVICE/App/usbd_desc.o
                0x0800e2a4                USBD_FS_LangIDStrDescriptor
 .text.USBD_FS_ProductStrDescriptor
                0x0800e2c8       0x3c ./USB_DEVICE/App/usbd_desc.o
                0x0800e2c8                USBD_FS_ProductStrDescriptor
 .text.USBD_FS_ManufacturerStrDescriptor
                0x0800e304       0x28 ./USB_DEVICE/App/usbd_desc.o
                0x0800e304                USBD_FS_ManufacturerStrDescriptor
 .text.USBD_FS_SerialStrDescriptor
                0x0800e32c       0x24 ./USB_DEVICE/App/usbd_desc.o
                0x0800e32c                USBD_FS_SerialStrDescriptor
 .text.USBD_FS_ConfigStrDescriptor
                0x0800e350       0x3c ./USB_DEVICE/App/usbd_desc.o
                0x0800e350                USBD_FS_ConfigStrDescriptor
 .text.USBD_FS_InterfaceStrDescriptor
                0x0800e38c       0x3c ./USB_DEVICE/App/usbd_desc.o
                0x0800e38c                USBD_FS_InterfaceStrDescriptor
 .text.Get_SerialNum
                0x0800e3c8       0x58 ./USB_DEVICE/App/usbd_desc.o
 .text.IntToUnicode
                0x0800e420       0x7e ./USB_DEVICE/App/usbd_desc.o
 *fill*         0x0800e49e        0x2 
 .text.HAL_PCD_MspInit
                0x0800e4a0       0xa8 ./USB_DEVICE/Target/usbd_conf.o
                0x0800e4a0                HAL_PCD_MspInit
 .text.HAL_PCD_SetupStageCallback
                0x0800e548       0x24 ./USB_DEVICE/Target/usbd_conf.o
                0x0800e548                HAL_PCD_SetupStageCallback
 .text.HAL_PCD_DataOutStageCallback
                0x0800e56c       0x36 ./USB_DEVICE/Target/usbd_conf.o
                0x0800e56c                HAL_PCD_DataOutStageCallback
 .text.HAL_PCD_DataInStageCallback
                0x0800e5a2       0x34 ./USB_DEVICE/Target/usbd_conf.o
                0x0800e5a2                HAL_PCD_DataInStageCallback
 .text.HAL_PCD_SOFCallback
                0x0800e5d6       0x1c ./USB_DEVICE/Target/usbd_conf.o
                0x0800e5d6                HAL_PCD_SOFCallback
 .text.HAL_PCD_ResetCallback
                0x0800e5f2       0x50 ./USB_DEVICE/Target/usbd_conf.o
                0x0800e5f2                HAL_PCD_ResetCallback
 *fill*         0x0800e642        0x2 
 .text.HAL_PCD_SuspendCallback
                0x0800e644       0x4c ./USB_DEVICE/Target/usbd_conf.o
                0x0800e644                HAL_PCD_SuspendCallback
 .text.HAL_PCD_ResumeCallback
                0x0800e690       0x1c ./USB_DEVICE/Target/usbd_conf.o
                0x0800e690                HAL_PCD_ResumeCallback
 .text.HAL_PCD_ISOOUTIncompleteCallback
                0x0800e6ac       0x24 ./USB_DEVICE/Target/usbd_conf.o
                0x0800e6ac                HAL_PCD_ISOOUTIncompleteCallback
 .text.HAL_PCD_ISOINIncompleteCallback
                0x0800e6d0       0x24 ./USB_DEVICE/Target/usbd_conf.o
                0x0800e6d0                HAL_PCD_ISOINIncompleteCallback
 .text.HAL_PCD_ConnectCallback
                0x0800e6f4       0x1c ./USB_DEVICE/Target/usbd_conf.o
                0x0800e6f4                HAL_PCD_ConnectCallback
 .text.HAL_PCD_DisconnectCallback
                0x0800e710       0x1c ./USB_DEVICE/Target/usbd_conf.o
                0x0800e710                HAL_PCD_DisconnectCallback
 .text.USBD_LL_Init
                0x0800e72c       0x98 ./USB_DEVICE/Target/usbd_conf.o
                0x0800e72c                USBD_LL_Init
 .text.USBD_LL_Start
                0x0800e7c4       0x36 ./USB_DEVICE/Target/usbd_conf.o
                0x0800e7c4                USBD_LL_Start
 .text.USBD_LL_OpenEP
                0x0800e7fa       0x4c ./USB_DEVICE/Target/usbd_conf.o
                0x0800e7fa                USBD_LL_OpenEP
 .text.USBD_LL_CloseEP
                0x0800e846       0x3e ./USB_DEVICE/Target/usbd_conf.o
                0x0800e846                USBD_LL_CloseEP
 .text.USBD_LL_StallEP
                0x0800e884       0x3e ./USB_DEVICE/Target/usbd_conf.o
                0x0800e884                USBD_LL_StallEP
 .text.USBD_LL_ClearStallEP
                0x0800e8c2       0x3e ./USB_DEVICE/Target/usbd_conf.o
                0x0800e8c2                USBD_LL_ClearStallEP
 .text.USBD_LL_IsStallEP
                0x0800e900       0x58 ./USB_DEVICE/Target/usbd_conf.o
                0x0800e900                USBD_LL_IsStallEP
 .text.USBD_LL_SetUSBAddress
                0x0800e958       0x3e ./USB_DEVICE/Target/usbd_conf.o
                0x0800e958                USBD_LL_SetUSBAddress
 .text.USBD_LL_Transmit
                0x0800e996       0x42 ./USB_DEVICE/Target/usbd_conf.o
                0x0800e996                USBD_LL_Transmit
 .text.USBD_LL_PrepareReceive
                0x0800e9d8       0x42 ./USB_DEVICE/Target/usbd_conf.o
                0x0800e9d8                USBD_LL_PrepareReceive
 .text.USBD_LL_GetRxDataSize
                0x0800ea1a       0x26 ./USB_DEVICE/Target/usbd_conf.o
                0x0800ea1a                USBD_LL_GetRxDataSize
 .text.USBD_static_malloc
                0x0800ea40       0x1c ./USB_DEVICE/Target/usbd_conf.o
                0x0800ea40                USBD_static_malloc
 .text.USBD_static_free
                0x0800ea5c       0x14 ./USB_DEVICE/Target/usbd_conf.o
                0x0800ea5c                USBD_static_free
 .text.USBD_Get_USB_Status
                0x0800ea70       0x58 ./USB_DEVICE/Target/usbd_conf.o
                0x0800ea70                USBD_Get_USB_Status
 .text.__cvt    0x0800eac8       0xca C:/Apps/STM32CubeIDE_2.0.0/STM32CubeIDE/plugins/com.st.stm32cube.ide.mcu.externaltools.gnu-tools-for-stm32.13.3.rel1.win32_1.0.100.202509120712/tools/bin/../lib/gcc/arm-none-eabi/13.3.1/../../../../arm-none-eabi/lib/thumb/v7e-m+fp/hard\libc_nano.a(libc_a-nano-vfprintf_float.o)
                0x0800eac8                __cvt
 .text.__exponent
                0x0800eb92       0x74 C:/Apps/STM32CubeIDE_2.0.0/STM32CubeIDE/plugins/com.st.stm32cube.ide.mcu.externaltools.gnu-tools-for-stm32.13.3.rel1.win32_1.0.100.202509120712/tools/bin/../lib/gcc/arm-none-eabi/13.3.1/../../../../arm-none-eabi/lib/thumb/v7e-m+fp/hard\libc_nano.a(libc_a-nano-vfprintf_float.o)
                0x0800eb92                __exponent
 *fill*         0x0800ec06        0x2 
 .text._printf_float
                0x0800ec08      0x454 C:/Apps/STM32CubeIDE_2.0.0/STM32CubeIDE/plugins/com.st.stm32cube.ide.mcu.externaltools.gnu-tools-for-stm32.13.3.rel1.win32_1.0.100.202509120712/tools/bin/../lib/gcc/arm-none-eabi/13.3.1/../../../../arm-none-eabi/lib/thumb/v7e-m+fp/hard\libc_nano.a(libc_a-nano-vfprintf_float.o)
                0x0800ec08                _printf_float
 .text._printf_common
                0x0800f05c       0xda C:/Apps/STM32CubeIDE_2.0.0/STM32CubeIDE/plugins/com.st.stm32cube.ide.mcu.externaltools.gnu-tools-for-stm32.13.3.rel1.win32_1.0.100.202509120712/tools/bin/../lib/gcc/arm-none-eabi/13.3.1/../../../../arm-none-eabi/lib/thumb/v7e-m+fp/hard\libc_nano.a(libc_a-nano-vfprintf_i.o)
                0x0800f05c                _printf_common
 *fill*         0x0800f136        0x2 
 .text._printf_i
                0x0800f138      0x23c C:/Apps/STM32CubeIDE_2.0.0/STM32CubeIDE/plugins/com.st.stm32cube.ide.mcu.externaltools.gnu-tools-for-stm32.13.3.rel1.win32_1.0.100.202509120712/tools/bin/../lib/gcc/arm-none-eabi/13.3.1/../../../../arm-none-eabi/lib/thumb/v7e-m+fp/hard\libc_nano.a(libc_a-nano-vfprintf_i.o)
                0x0800f138                _printf_i
 .text.std      0x0800f374       0x6c C:/Apps/STM32CubeIDE_2.0.0/STM32CubeIDE/plugins/com.st.stm32cube.ide.mcu.externaltools.gnu-tools-for-stm32.13.3.rel1.win32_1.0.100.202509120712/tools/bin/../lib/gcc/arm-none-eabi/13.3.1/../../../../arm-none-eabi/lib/thumb/v7e-m+fp/hard\libc_nano.a(libc_a-findfp.o)
 .text.stdio_exit_handler
                0x0800f3e0       0x18 C:/Apps/STM32CubeIDE_2.0.0/STM32CubeIDE/plugins/com.st.stm32cube.ide.mcu.externaltools.gnu-tools-for-stm32.13.3.rel1.win32_1.0.100.202509120712/tools/bin/../lib/gcc/arm-none-eabi/13.3.1/../../../../arm-none-eabi/lib/thumb/v7e-m+fp/hard\libc_nano.a(libc_a-findfp.o)
 .text.cleanup_stdio
                0x0800f3f8       0x40 C:/Apps/STM32CubeIDE_2.0.0/STM32CubeIDE/plugins/com.st.stm32cube.ide.mcu.externaltools.gnu-tools-for-stm32.13.3.rel1.win32_1.0.100.202509120712/tools/bin/../lib/gcc/arm-none-eabi/13.3.1/../../../../arm-none-eabi/lib/thumb/v7e-m+fp/hard\libc_nano.a(libc_a-findfp.o)
 .text.global_stdio_init.part.0
                0x0800f438       0x3c C:/Apps/STM32CubeIDE_2.0.0/STM32CubeIDE/plugins/com.st.stm32cube.ide.mcu.externaltools.gnu-tools-for-stm32.13.3.rel1.win32_1.0.100.202509120712/tools/bin/../lib/gcc/arm-none-eabi/13.3.1/../../../../arm-none-eabi/lib/thumb/v7e-m+fp/hard\libc_nano.a(libc_a-findfp.o)
 .text.__sfp_lock_acquire
                0x0800f474        0xc C:/Apps/STM32CubeIDE_2.0.0/STM32CubeIDE/plugins/com.st.stm32cube.ide.mcu.externaltools.gnu-tools-for-stm32.13.3.rel1.win32_1.0.100.202509120712/tools/bin/../lib/gcc/arm-none-eabi/13.3.1/../../../../arm-none-eabi/lib/thumb/v7e-m+fp/hard\libc_nano.a(libc_a-findfp.o)
                0x0800f474                __sfp_lock_acquire
 .text.__sfp_lock_release
                0x0800f480        0xc C:/Apps/STM32CubeIDE_2.0.0/STM32CubeIDE/plugins/com.st.stm32cube.ide.mcu.externaltools.gnu-tools-for-stm32.13.3.rel1.win32_1.0.100.202509120712/tools/bin/../lib/gcc/arm-none-eabi/13.3.1/../../../../arm-none-eabi/lib/thumb/v7e-m+fp/hard\libc_nano.a(libc_a-findfp.o)
                0x0800f480                __sfp_lock_release
 .text.__sinit  0x0800f48c       0x30 C:/Apps/STM32CubeIDE_2.0.0/STM32CubeIDE/plugins/com.st.stm32cube.ide.mcu.externaltools.gnu-tools-for-stm32.13.3.rel1.win32_1.0.100.202509120712/tools/bin/../lib/gcc/arm-none-eabi/13.3.1/../../../../arm-none-eabi/lib/thumb/v7e-m+fp/hard\libc_nano.a(libc_a-findfp.o)
                0x0800f48c                __sinit
 .text._fwalk_sglue
                0x0800f4bc       0x3c C:/Apps/STM32CubeIDE_2.0.0/STM32CubeIDE/plugins/com.st.stm32cube.ide.mcu.externaltools.gnu-tools-for-stm32.13.3.rel1.win32_1.0.100.202509120712/tools/bin/../lib/gcc/arm-none-eabi/13.3.1/../../../../arm-none-eabi/lib/thumb/v7e-m+fp/hard\libc_nano.a(libc_a-fwalk.o)
                0x0800f4bc                _fwalk_sglue
 .text.snprintf
                0x0800f4f8       0x6c C:/Apps/STM32CubeIDE_2.0.0/STM32CubeIDE/plugins/com.st.stm32cube.ide.mcu.externaltools.gnu-tools-for-stm32.13.3.rel1.win32_1.0.100.202509120712/tools/bin/../lib/gcc/arm-none-eabi/13.3.1/../../../../arm-none-eabi/lib/thumb/v7e-m+fp/hard\libc_nano.a(libc_a-snprintf.o)
                0x0800f4f8                sniprintf
                0x0800f4f8                snprintf
 .text.sprintf  0x0800f564       0x44 C:/Apps/STM32CubeIDE_2.0.0/STM32CubeIDE/plugins/com.st.stm32cube.ide.mcu.externaltools.gnu-tools-for-stm32.13.3.rel1.win32_1.0.100.202509120712/tools/bin/../lib/gcc/arm-none-eabi/13.3.1/../../../../arm-none-eabi/lib/thumb/v7e-m+fp/hard\libc_nano.a(libc_a-sprintf.o)
                0x0800f564                siprintf
                0x0800f564                sprintf
 .text.__sread  0x0800f5a8       0x22 C:/Apps/STM32CubeIDE_2.0.0/STM32CubeIDE/plugins/com.st.stm32cube.ide.mcu.externaltools.gnu-tools-for-stm32.13.3.rel1.win32_1.0.100.202509120712/tools/bin/../lib/gcc/arm-none-eabi/13.3.1/../../../../arm-none-eabi/lib/thumb/v7e-m+fp/hard\libc_nano.a(libc_a-stdio.o)
                0x0800f5a8                __sread
 .text.__swrite
                0x0800f5ca       0x38 C:/Apps/STM32CubeIDE_2.0.0/STM32CubeIDE/plugins/com.st.stm32cube.ide.mcu.externaltools.gnu-tools-for-stm32.13.3.rel1.win32_1.0.100.202509120712/tools/bin/../lib/gcc/arm-none-eabi/13.3.1/../../../../arm-none-eabi/lib/thumb/v7e-m+fp/hard\libc_nano.a(libc_a-stdio.o)
                0x0800f5ca                __swrite
 .text.__sseek  0x0800f602       0x24 C:/Apps/STM32CubeIDE_2.0.0/STM32CubeIDE/plugins/com.st.stm32cube.ide.mcu.externaltools.gnu-tools-for-stm32.13.3.rel1.win32_1.0.100.202509120712/tools/bin/../lib/gcc/arm-none-eabi/13.3.1/../../../../arm-none-eabi/lib/thumb/v7e-m+fp/hard\libc_nano.a(libc_a-stdio.o)
                0x0800f602                __sseek
 .text.__sclose
                0x0800f626        0x8 C:/Apps/STM32CubeIDE_2.0.0/STM32CubeIDE/plugins/com.st.stm32cube.ide.mcu.externaltools.gnu-tools-for-stm32.13.3.rel1.win32_1.0.100.202509120712/tools/bin/../lib/gcc/arm-none-eabi/13.3.1/../../../../arm-none-eabi/lib/thumb/v7e-m+fp/hard\libc_nano.a(libc_a-stdio.o)
                0x0800f626                __sclose
 .text.memset   0x0800f62e       0x10 C:/Apps/STM32CubeIDE_2.0.0/STM32CubeIDE/plugins/com.st.stm32cube.ide.mcu.externaltools.gnu-tools-for-stm32.13.3.rel1.win32_1.0.100.202509120712/tools/bin/../lib/gcc/arm-none-eabi/13.3.1/../../../../arm-none-eabi/lib/thumb/v7e-m+fp/hard\libc_nano.a(libc_a-memset.o)
                0x0800f62e                memset
 *fill*         0x0800f63e        0x2 
 .text._localeconv_r
                0x0800f640        0x8 C:/Apps/STM32CubeIDE_2.0.0/STM32CubeIDE/plugins/com.st.stm32cube.ide.mcu.externaltools.gnu-tools-for-stm32.13.3.rel1.win32_1.0.100.202509120712/tools/bin/../lib/gcc/arm-none-eabi/13.3.1/../../../../arm-none-eabi/lib/thumb/v7e-m+fp/hard\libc_nano.a(libc_a-localeconv.o)
                0x0800f640                _localeconv_r
 .text._close_r
                0x0800f648       0x20 C:/Apps/STM32CubeIDE_2.0.0/STM32CubeIDE/plugins/com.st.stm32cube.ide.mcu.externaltools.gnu-tools-for-stm32.13.3.rel1.win32_1.0.100.202509120712/tools/bin/../lib/gcc/arm-none-eabi/13.3.1/../../../../arm-none-eabi/lib/thumb/v7e-m+fp/hard\libc_nano.a(libc_a-closer.o)
                0x0800f648                _close_r
 .text._lseek_r
                0x0800f668       0x24 C:/Apps/STM32CubeIDE_2.0.0/STM32CubeIDE/plugins/com.st.stm32cube.ide.mcu.externaltools.gnu-tools-for-stm32.13.3.rel1.win32_1.0.100.202509120712/tools/bin/../lib/gcc/arm-none-eabi/13.3.1/../../../../arm-none-eabi/lib/thumb/v7e-m+fp/hard\libc_nano.a(libc_a-lseekr.o)
                0x0800f668                _lseek_r
 .text._read_r  0x0800f68c       0x24 C:/Apps/STM32CubeIDE_2.0.0/STM32CubeIDE/plugins/com.st.stm32cube.ide.mcu.externaltools.gnu-tools-for-stm32.13.3.rel1.win32_1.0.100.202509120712/tools/bin/../lib/gcc/arm-none-eabi/13.3.1/../../../../arm-none-eabi/lib/thumb/v7e-m+fp/hard\libc_nano.a(libc_a-readr.o)
                0x0800f68c                _read_r
 .text._write_r
                0x0800f6b0       0x24 C:/Apps/STM32CubeIDE_2.0.0/STM32CubeIDE/plugins/com.st.stm32cube.ide.mcu.externaltools.gnu-tools-for-stm32.13.3.rel1.win32_1.0.100.202509120712/tools/bin/../lib/gcc/arm-none-eabi/13.3.1/../../../../arm-none-eabi/lib/thumb/v7e-m+fp/hard\libc_nano.a(libc_a-writer.o)
                0x0800f6b0                _write_r
 .text.__errno  0x0800f6d4        0xc C:/Apps/STM32CubeIDE_2.0.0/STM32CubeIDE/plugins/com.st.stm32cube.ide.mcu.externaltools.gnu-tools-for-stm32.13.3.rel1.win32_1.0.100.202509120712/tools/bin/../lib/gcc/arm-none-eabi/13.3.1/../../../../arm-none-eabi/lib/thumb/v7e-m+fp/hard\libc_nano.a(libc_a-errno.o)
                0x0800f6d4                __errno
 .text.__libc_init_array
                0x0800f6e0       0x48 C:/Apps/STM32CubeIDE_2.0.0/STM32CubeIDE/plugins/com.st.stm32cube.ide.mcu.externaltools.gnu-tools-for-stm32.13.3.rel1.win32_1.0.100.202509120712/tools/bin/../lib/gcc/arm-none-eabi/13.3.1/../../../../arm-none-eabi/lib/thumb/v7e-m+fp/hard\libc_nano.a(libc_a-init.o)
                0x0800f6e0                __libc_init_array
 .text.__retarget_lock_init_recursive
                0x0800f728        0x2 C:/Apps/STM32CubeIDE_2.0.0/STM32CubeIDE/plugins/com.st.stm32cube.ide.mcu.externaltools.gnu-tools-for-stm32.13.3.rel1.win32_1.0.100.202509120712/tools/bin/../lib/gcc/arm-none-eabi/13.3.1/../../../../arm-none-eabi/lib/thumb/v7e-m+fp/hard\libc_nano.a(libc_a-lock.o)
                0x0800f728                __retarget_lock_init_recursive
 .text.__retarget_lock_acquire_recursive
                0x0800f72a        0x2 C:/Apps/STM32CubeIDE_2.0.0/STM32CubeIDE/plugins/com.st.stm32cube.ide.mcu.externaltools.gnu-tools-for-stm32.13.3.rel1.win32_1.0.100.202509120712/tools/bin/../lib/gcc/arm-none-eabi/13.3.1/../../../../arm-none-eabi/lib/thumb/v7e-m+fp/hard\libc_nano.a(libc_a-lock.o)
                0x0800f72a                __retarget_lock_acquire_recursive
 .text.__retarget_lock_release_recursive
                0x0800f72c        0x2 C:/Apps/STM32CubeIDE_2.0.0/STM32CubeIDE/plugins/com.st.stm32cube.ide.mcu.externaltools.gnu-tools-for-stm32.13.3.rel1.win32_1.0.100.202509120712/tools/bin/../lib/gcc/arm-none-eabi/13.3.1/../../../../arm-none-eabi/lib/thumb/v7e-m+fp/hard\libc_nano.a(libc_a-lock.o)
                0x0800f72c                __retarget_lock_release_recursive
 .text.memcpy   0x0800f72e       0x1c C:/Apps/STM32CubeIDE_2.0.0/STM32CubeIDE/plugins/com.st.stm32cube.ide.mcu.externaltools.gnu-tools-for-stm32.13.3.rel1.win32_1.0.100.202509120712/tools/bin/../lib/gcc/arm-none-eabi/13.3.1/../../../../arm-none-eabi/lib/thumb/v7e-m+fp/hard\libc_nano.a(libc_a-memcpy-stub.o)
                0x0800f72e                memcpy
 .text.quorem   0x0800f74a      0x110 C:/Apps/STM32CubeIDE_2.0.0/STM32CubeIDE/plugins/com.st.stm32cube.ide.mcu.externaltools.gnu-tools-for-stm32.13.3.rel1.win32_1.0.100.202509120712/tools/bin/../lib/gcc/arm-none-eabi/13.3.1/../../../../arm-none-eabi/lib/thumb/v7e-m+fp/hard\libc_nano.a(libc_a-dtoa.o)
 *fill*         0x0800f85a        0x6 
 .text._dtoa_r  0x0800f860      0xba0 C:/Apps/STM32CubeIDE_2.0.0/STM32CubeIDE/plugins/com.st.stm32cube.ide.mcu.externaltools.gnu-tools-for-stm32.13.3.rel1.win32_1.0.100.202509120712/tools/bin/../lib/gcc/arm-none-eabi/13.3.1/../../../../arm-none-eabi/lib/thumb/v7e-m+fp/hard\libc_nano.a(libc_a-dtoa.o)
                0x0800f860                _dtoa_r
 .text._free_r  0x08010400       0x94 C:/Apps/STM32CubeIDE_2.0.0/STM32CubeIDE/plugins/com.st.stm32cube.ide.mcu.externaltools.gnu-tools-for-stm32.13.3.rel1.win32_1.0.100.202509120712/tools/bin/../lib/gcc/arm-none-eabi/13.3.1/../../../../arm-none-eabi/lib/thumb/v7e-m+fp/hard\libc_nano.a(libc_a-freer.o)
                0x08010400                _free_r
 .text.malloc   0x08010494       0x10 C:/Apps/STM32CubeIDE_2.0.0/STM32CubeIDE/plugins/com.st.stm32cube.ide.mcu.externaltools.gnu-tools-for-stm32.13.3.rel1.win32_1.0.100.202509120712/tools/bin/../lib/gcc/arm-none-eabi/13.3.1/../../../../arm-none-eabi/lib/thumb/v7e-m+fp/hard\libc_nano.a(libc_a-malloc.o)
                0x08010494                malloc
 .text.sbrk_aligned
                0x080104a4       0x44 C:/Apps/STM32CubeIDE_2.0.0/STM32CubeIDE/plugins/com.st.stm32cube.ide.mcu.externaltools.gnu-tools-for-stm32.13.3.rel1.win32_1.0.100.202509120712/tools/bin/../lib/gcc/arm-none-eabi/13.3.1/../../../../arm-none-eabi/lib/thumb/v7e-m+fp/hard\libc_nano.a(libc_a-mallocr.o)
 .text._malloc_r
                0x080104e8      0x100 C:/Apps/STM32CubeIDE_2.0.0/STM32CubeIDE/plugins/com.st.stm32cube.ide.mcu.externaltools.gnu-tools-for-stm32.13.3.rel1.win32_1.0.100.202509120712/tools/bin/../lib/gcc/arm-none-eabi/13.3.1/../../../../arm-none-eabi/lib/thumb/v7e-m+fp/hard\libc_nano.a(libc_a-mallocr.o)
                0x080104e8                _malloc_r
 .text.__malloc_lock
                0x080105e8        0xc C:/Apps/STM32CubeIDE_2.0.0/STM32CubeIDE/plugins/com.st.stm32cube.ide.mcu.externaltools.gnu-tools-for-stm32.13.3.rel1.win32_1.0.100.202509120712/tools/bin/../lib/gcc/arm-none-eabi/13.3.1/../../../../arm-none-eabi/lib/thumb/v7e-m+fp/hard\libc_nano.a(libc_a-mlock.o)
                0x080105e8                __malloc_lock
 .text.__malloc_unlock
                0x080105f4        0xc C:/Apps/STM32CubeIDE_2.0.0/STM32CubeIDE/plugins/com.st.stm32cube.ide.mcu.externaltools.gnu-tools-for-stm32.13.3.rel1.win32_1.0.100.202509120712/tools/bin/../lib/gcc/arm-none-eabi/13.3.1/../../../../arm-none-eabi/lib/thumb/v7e-m+fp/hard\libc_nano.a(libc_a-mlock.o)
                0x080105f4                __malloc_unlock
 .text._Balloc  0x08010600       0x80 C:/Apps/STM32CubeIDE_2.0.0/STM32CubeIDE/plugins/com.st.stm32cube.ide.mcu.externaltools.gnu-tools-for-stm32.13.3.rel1.win32_1.0.100.202509120712/tools/bin/../lib/gcc/arm-none-eabi/13.3.1/../../../../arm-none-eabi/lib/thumb/v7e-m+fp/hard\libc_nano.a(libc_a-mprec.o)
                0x08010600                _Balloc
 .text._Bfree   0x08010680       0x44 C:/Apps/STM32CubeIDE_2.0.0/STM32CubeIDE/plugins/com.st.stm32cube.ide.mcu.externaltools.gnu-tools-for-stm32.13.3.rel1.win32_1.0.100.202509120712/tools/bin/../lib/gcc/arm-none-eabi/13.3.1/../../../../arm-none-eabi/lib/thumb/v7e-m+fp/hard\libc_nano.a(libc_a-mprec.o)
                0x08010680                _Bfree
 .text.__multadd
                0x080106c4       0x8c C:/Apps/STM32CubeIDE_2.0.0/STM32CubeIDE/plugins/com.st.stm32cube.ide.mcu.externaltools.gnu-tools-for-stm32.13.3.rel1.win32_1.0.100.202509120712/tools/bin/../lib/gcc/arm-none-eabi/13.3.1/../../../../arm-none-eabi/lib/thumb/v7e-m+fp/hard\libc_nano.a(libc_a-mprec.o)
                0x080106c4                __multadd
 .text.__hi0bits
                0x08010750       0x3e C:/Apps/STM32CubeIDE_2.0.0/STM32CubeIDE/plugins/com.st.stm32cube.ide.mcu.externaltools.gnu-tools-for-stm32.13.3.rel1.win32_1.0.100.202509120712/tools/bin/../lib/gcc/arm-none-eabi/13.3.1/../../../../arm-none-eabi/lib/thumb/v7e-m+fp/hard\libc_nano.a(libc_a-mprec.o)
                0x08010750                __hi0bits
 .text.__lo0bits
                0x0801078e       0x5a C:/Apps/STM32CubeIDE_2.0.0/STM32CubeIDE/plugins/com.st.stm32cube.ide.mcu.externaltools.gnu-tools-for-stm32.13.3.rel1.win32_1.0.100.202509120712/tools/bin/../lib/gcc/arm-none-eabi/13.3.1/../../../../arm-none-eabi/lib/thumb/v7e-m+fp/hard\libc_nano.a(libc_a-mprec.o)
                0x0801078e                __lo0bits
 .text.__i2b    0x080107e8       0x2c C:/Apps/STM32CubeIDE_2.0.0/STM32CubeIDE/plugins/com.st.stm32cube.ide.mcu.externaltools.gnu-tools-for-stm32.13.3.rel1.win32_1.0.100.202509120712/tools/bin/../lib/gcc/arm-none-eabi/13.3.1/../../../../arm-none-eabi/lib/thumb/v7e-m+fp/hard\libc_nano.a(libc_a-mprec.o)
                0x080107e8                __i2b
 .text.__multiply
                0x08010814      0x144 C:/Apps/STM32CubeIDE_2.0.0/STM32CubeIDE/plugins/com.st.stm32cube.ide.mcu.externaltools.gnu-tools-for-stm32.13.3.rel1.win32_1.0.100.202509120712/tools/bin/../lib/gcc/arm-none-eabi/13.3.1/../../../../arm-none-eabi/lib/thumb/v7e-m+fp/hard\libc_nano.a(libc_a-mprec.o)
                0x08010814                __multiply
 .text.__pow5mult
                0x08010958       0xb4 C:/Apps/STM32CubeIDE_2.0.0/STM32CubeIDE/plugins/com.st.stm32cube.ide.mcu.externaltools.gnu-tools-for-stm32.13.3.rel1.win32_1.0.100.202509120712/tools/bin/../lib/gcc/arm-none-eabi/13.3.1/../../../../arm-none-eabi/lib/thumb/v7e-m+fp/hard\libc_nano.a(libc_a-mprec.o)
                0x08010958                __pow5mult
 .text.__lshift
                0x08010a0c       0xd8 C:/Apps/STM32CubeIDE_2.0.0/STM32CubeIDE/plugins/com.st.stm32cube.ide.mcu.externaltools.gnu-tools-for-stm32.13.3.rel1.win32_1.0.100.202509120712/tools/bin/../lib/gcc/arm-none-eabi/13.3.1/../../../../arm-none-eabi/lib/thumb/v7e-m+fp/hard\libc_nano.a(libc_a-mprec.o)
                0x08010a0c                __lshift