Archive member included to satisfy reference by file (symbol)

C:/Apps/STM32CubeIDE_2.0.0/STM32CubeIDE/plugins/com.st.stm32cube.ide.mcu.externaltools.gnu-tools-for-stm32.13.3.rel1.win32_1.0.100.202509120712/tools/bin/../lib/gcc/arm-none-eabi/13.3.1/../../../../arm-none-eabi/lib/thumb/v7e-m+fp/hard\libc_nano.a(libc_a-exit.o)
                              C:/Apps/STM32CubeIDE_2.0.0/STM32CubeIDE/plugins/com.st.stm32cube.ide.mcu.externaltools.gnu-tools-for-stm32.13.3.rel1.win32_1.0.100.202509120712/tools/bin/../lib/gcc/arm-none-eabi/13.3.1/../../../../arm-none-eabi/lib/thumb/v7e-m+fp/hard/crt0.o (exit)
C:/Apps/STM32CubeIDE_2.0.0/STM32CubeIDE/plugins/com.st.stm32cube.ide.mcu.externaltools.gnu-tools-for-stm32.13.3.rel1.win32_1.0.100.202509120712/tools/bin/../lib/gcc/arm-none-eabi/13.3.1/../../../../arm-none-eabi/lib/thumb/v7e-m+fp/hard\libc_nano.a(libc_a-nano-vfprintf_float.o)
                              (_printf_float)
C:/Apps/STM32CubeIDE_2.0.0/STM32CubeIDE/plugins/com.st.stm32cube.ide.mcu.externaltools.gnu-tools-for-stm32.13.3.rel1.win32_1.0.100.202509120712/tools/bin/../lib/gcc/arm-none-eabi/13.3.1/../../../../arm-none-eabi/lib/thumb/v7e-m+fp/hard\libc_nano.a(libc_a-nano-vfprintf_i.o)
                              C:/Apps/STM32CubeIDE_2.0.0/STM32CubeIDE/plugins/com.st.stm32cube.ide.mcu.externaltools.gnu-tools-for-stm32.13.3.rel1.win32_1.0.100.202509120712/tools/bin/../lib/gcc/arm-none-eabi/13.3.1/../../../../arm-none-eabi/lib/thumb/v7e-m+fp/hard\libc_nano.a(libc_a-nano-vfprintf_float.o) (_printf_common)
C:/Apps/STM32CubeIDE_2.0.0/STM32CubeIDE/plugins/com.st.stm32cube.ide.mcu.externaltools.gnu-tools-for-stm32.13.3.rel1.win32_1.0.100.202509120712/tools/bin/../lib/gcc/arm-none-eabi/13.3.1/../../../../arm-none-eabi/lib/thumb/v7e-m+fp/hard\libc_nano.a(libc_a-findfp.o)
                              C:/Apps/STM32CubeIDE_2.0.0/STM32CubeIDE/plugins/com.st.stm32cube.ide.mcu.externaltools.gnu-tools-for-stm32.13.3.rel1.win32_1.0.100.202509120712/tools/bin/../lib/gcc/arm-none-eabi/13.3.1/../../../../arm-none-eabi/lib/thumb/v7e-m+fp/hard\libc_nano.a(libc_a-exit.o) (__stdio_exit_handler)
C:/Apps/STM32CubeIDE_2.0.0/STM32CubeIDE/plugins/com.st.stm32cube.ide.mcu.externaltools.gnu-tools-for-stm32.13.3.rel1.win32_1.0.100.202509120712/tools/bin/../lib/gcc/arm-none-eabi/13.3.1/../../../../arm-none-eabi/lib/thumb/v7e-m+fp/hard\libc_nano.a(libc_a-fwalk.o)
                              C:/Apps/STM32CubeIDE_2.0.0/STM32CubeIDE/plugins/com.st.stm32cube.ide.mcu.externaltools.gnu-tools-for-stm32.13.3.rel1.win32_1.0.100.202509120712/tools/bin/../lib/gcc/arm-none-eabi/13.3.1/../../../../arm-none-eabi/lib/thumb/v7e-m+fp/hard\libc_nano.a(libc_a-findfp.o) (_fwalk_sglue)
C:/Apps/STM32CubeIDE_2.0.0/STM32CubeIDE/plugins/com.st.stm32cube.ide.mcu.externaltools.gnu-tools-for-stm32.13.3.rel1.win32_1.0.100.202509120712/tools/bin/../lib/gcc/arm-none-eabi/13.3.1/../../../../arm-none-eabi/lib/thumb/v7e-m+fp/hard\libc_nano.a(libc_a-sprintf.o)
                              ./Core/Src/Drivers/i2c_helper.o (sprintf)
C:/Apps/STM32CubeIDE_2.0.0/STM32CubeIDE/plugins/com.st.stm32cube.ide.mcu.externaltools.gnu-tools-for-stm32.13.3.rel1.win32_1.0.100.202509120712/tools/bin/../lib/gcc/arm-none-eabi/13.3.1/../../../../arm-none-eabi/lib/thumb/v7e-m+fp/hard\libc_nano.a(libc_a-stdio.o)
                              C:/Apps/STM32CubeIDE_2.0.0/STM32CubeIDE/plugins/com.st.stm32cube.ide.mcu.externaltools.gnu-tools-for-stm32.13.3.rel1.win32_1.0.100.202509120712/tools/bin/../lib/gcc/arm-none-eabi/13.3.1/../../../../arm-none-eabi/lib/thumb/v7e-m+fp/hard\libc_nano.a(libc_a-findfp.o) (__sread)
C:/Apps/STM32CubeIDE_2.0.0/STM32CubeIDE/plugins/com.st.stm32cube.ide.mcu.externaltools.gnu-tools-for-stm32.13.3.rel1.win32_1.0.100.202509120712/tools/bin/../lib/gcc/arm-none-eabi/13.3.1/../../../../arm-none-eabi/lib/thumb/v7e-m+fp/hard\libc_nano.a(libc_a-memset.o)
                              C:/Apps/STM32CubeIDE_2.0.0/STM32CubeIDE/plugins/com.st.stm32cube.ide.mcu.externaltools.gnu-tools-for-stm32.13.3.rel1.win32_1.0.100.202509120712/tools/bin/../lib/gcc/arm-none-eabi/13.3.1/../../../../arm-none-eabi/lib/thumb/v7e-m+fp/hard/crt0.o (memset)
C:/Apps/STM32CubeIDE_2.0.0/STM32CubeIDE/plugins/com.st.stm32cube.ide.mcu.externaltools.gnu-tools-for-stm32.13.3.rel1.win32_1.0.100.202509120712/tools/bin/../lib/gcc/arm-none-eabi/13.3.1/../../../../arm-none-eabi/lib/thumb/v7e-m+fp/hard\libc_nano.a(libc_a-localeconv.o)
                              C:/Apps/STM32CubeIDE_2.0.0/STM32CubeIDE/plugins/com.st.stm32cube.ide.mcu.externaltools.gnu-tools-for-stm32.13.3.rel1.win32_1.0.100.202509120712/tools/bin/../lib/gcc/arm-none-eabi/13.3.1/../../../../arm-none-eabi/lib/thumb/v7e-m+fp/hard\libc_nano.a(libc_a-nano-vfprintf_float.o) (_localeconv_r)
C:/Apps/STM32CubeIDE_2.0.0/STM32CubeIDE/plugins/com.st.stm32cube.ide.mcu.externaltools.gnu-tools-for-stm32.13.3.rel1.win32_1.0.100.202509120712/tools/bin/../lib/gcc/arm-none-eabi/13.3.1/../../../../arm-none-eabi/lib/thumb/v7e-m+fp/hard\libc_nano.a(libc_a-closer.o)
[...]
Memory Configuration

Name             Origin             Length             Attributes
CCMRAM           0x10000000         0x00010000         xrw
RAM              0x20000000         0x00020000         xrw
FLASH            0x08000000         0x00100000         xr
*default*        0x00000000         0xffffffff

Linker script and memory map

LOAD C:/Apps/STM32CubeIDE_2.0.0/STM32CubeIDE/plugins/com.st.stm32cube.ide.mcu.externaltools.gnu-tools-for-stm32.13.3.rel1.win32_1.0.100.202509120712/tools/bin/../lib/gcc/arm-none-eabi/13.3.1/thumb/v7e-m+fp/hard/crti.o
LOAD C:/Apps/STM32CubeIDE_2.0.0/STM32CubeIDE/plugins/com.st.stm32cube.ide.mcu.externaltools.gnu-tools-for-stm32.13.3.rel1.win32_1.0.100.202509120712/tools/bin/../lib/gcc/arm-none-eabi/13.3.1/thumb/v7e-m+fp/hard/crtbegin.o
LOAD C:/Apps/STM32CubeIDE_2.0.0/STM32CubeIDE/plugins/com.st.stm32cube.ide.mcu.externaltools.gnu-tools-for-stm32.13.3.rel1.win32_1.0.100.202509120712/tools/bin/../lib/gcc/arm-none-eabi/13.3.1/../../../../arm-none-eabi/lib/thumb/v7e-m+fp/hard/crt0.o
LOAD ./Core/Src/Drivers/cc1101.o
LOAD ./Core/Src/Drivers/gy273.o
LOAD ./Core/Src/Drivers/gy6500.o
LOAD ./Core/Src/Drivers/i2c_helper.o
LOAD ./Core/Src/Drivers/pca9685.o
LOAD ./Core/Src/LCD/lcd1602_i2c.o
LOAD ./Core/Src/LCD/menu_helper.o
LOAD ./Core/Src/LCD/ssd1315.o
LOAD ./Core/Src/dma.o
LOAD ./Core/Src/gpio.o
LOAD ./Core/Src/i2c.o
LOAD ./Core/Src/main.o
LOAD ./Core/Src/spi.o
LOAD ./Core/Src/stm32f4xx_hal_msp.o
LOAD ./Core/Src/stm32f4xx_it.o
LOAD ./Core/Src/syscalls.o
LOAD ./Core/Src/sysmem.o
LOAD ./Core/Src/system_stm32f4xx.o
LOAD ./Core/Src/tim.o
LOAD ./Core/Startup/startup_stm32f405rgtx.o
LOAD ./Drivers/STM32F4xx_HAL_Driver/Src/stm32f4xx_hal.o
LOAD ./Drivers/STM32F4xx_HAL_Driver/Src/stm32f4xx_hal_cortex.o
LOAD ./Drivers/STM32F4xx_HAL_Driver/Src/stm32f4xx_hal_dma.o
LOAD ./Drivers/STM32F4xx_HAL_Driver/Src/stm32f4xx_hal_dma_ex.o
LOAD ./Drivers/STM32F4xx_HAL_Driver/Src/stm32f4xx_hal_exti.o
LOAD ./Drivers/STM32F4xx_HAL_Driver/Src/stm32f4xx_hal_flash.o
LOAD ./Drivers/STM32F4xx_HAL_Driver/Src/stm32f4xx_hal_flash_ex.o
LOAD ./Drivers/STM32F4xx_HAL_Driver/Src/stm32f4xx_hal_flash_ramfunc.o
LOAD ./Drivers/STM32F4xx_HAL_Driver/Src/stm32f4xx_hal_gpio.o
LOAD ./Drivers/STM32F4xx_HAL_Driver/Src/stm32f4xx_hal_i2c.o
LOAD ./Drivers/STM32F4xx_HAL_Driver/Src/stm32f4xx_hal_i2c_ex.o
LOAD ./Drivers/STM32F4xx_HAL_Driver/Src/stm32f4xx_hal_pcd.o
LOAD ./Drivers/STM32F4xx_HAL_Driver/Src/stm32f4xx_hal_pcd_ex.o
LOAD ./Drivers/STM32F4xx_HAL_Driver/Src/stm32f4xx_hal_pwr.o
LOAD ./Drivers/STM32F4xx_HAL_Driver/Src/stm32f4xx_hal_pwr_ex.o
LOAD ./Drivers/STM32F4xx_HAL_Driver/Src/stm32f4xx_hal_rcc.o
LOAD ./Drivers/STM32F4xx_HAL_Driver/Src/stm32f4xx_hal_rcc_ex.o
LOAD ./Drivers/STM32F4xx_HAL_Driver/Src/stm32f4xx_hal_spi.o
LOAD ./Drivers/STM32F4xx_HAL_Driver/Src/stm32f4xx_hal_tim.o
LOAD ./Drivers/STM32F4xx_HAL_Driver/Src/stm32f4xx_hal_tim_ex.o
LOAD ./Drivers/STM32F4xx_HAL_Driver/Src/stm32f4xx_ll_usb.o
LOAD ./Middlewares/ST/STM32_USB_Device_Library/Class/CDC/Src/usbd_cdc.o
LOAD ./Middlewares/ST/STM32_USB_Device_Library/Core/Src/usbd_core.o
LOAD ./Middlewares/ST/STM32_USB_Device_Library/Core/Src/usbd_ctlreq.o
LOAD ./Middlewares/ST/STM32_USB_Device_Library/Core/Src/usbd_ioreq.o
LOAD ./USB_DEVICE/App/usb_device.o
LOAD ./USB_DEVICE/App/usbd_cdc_if.o
LOAD ./USB_DEVICE/App/usbd_desc.o
LOAD ./USB_DEVICE/Target/usbd_conf.o
START GROUP
LOAD C:/Apps/STM32CubeIDE_2.0.0/STM32CubeIDE/plugins/com.st.stm32cube.ide.mcu.externaltools.gnu-tools-for-stm32.13.3.rel1.win32_1.0.100.202509120712/tools/bin/../lib/gcc/arm-none-eabi/13.3.1/../../../../arm-none-eabi/lib/thumb/v7e-m+fp/hard\libc_nano.a
LOAD C:/Apps/STM32CubeIDE_2.0.0/STM32CubeIDE/plugins/com.st.stm32cube.ide.mcu.externaltools.gnu-tools-for-stm32.13.3.rel1.win32_1.0.100.202509120712/tools/bin/../lib/gcc/arm-none-eabi/13.3.1/../../../../arm-none-eabi/lib/thumb/v7e-m+fp/hard\libm.a
END GROUP
START GROUP
LOAD C:/Apps/STM32CubeIDE_2.0.0/STM32CubeIDE/plugins/com.st.stm32cube.ide.mcu.externaltools.gnu-tools-for-stm32.13.3.rel1.win32_1.0.100.202509120712/tools/bin/../lib/gcc/arm-none-eabi/13.3.1/thumb/v7e-m+fp/hard\libgcc.a
LOAD C:/Apps/STM32CubeIDE_2.0.0/STM32CubeIDE/plugins/com.st.stm32cube.ide.mcu.externaltools.gnu-tools-for-stm32.13.3.rel1.win32_1.0.100.202509120712/tools/bin/../lib/gcc/arm-none-eabi/13.3.1/../../../../arm-none-eabi/lib/thumb/v7e-m+fp/hard\libc_nano.a
END GROUP
START GROUP
LOAD C:/Apps/STM32CubeIDE_2.0.0/STM32CubeIDE/plugins/com.st.stm32cube.ide.mcu.externaltools.gnu-tools-for-stm32.13.3.rel1.win32_1.0.100.202509120712/tools/bin/../lib/gcc/arm-none-eabi/13.3.1/thumb/v7e-m+fp/hard\libgcc.a
LOAD C:/Apps/STM32CubeIDE_2.0.0/STM32CubeIDE/plugins/com.st.stm32cube.ide.mcu.externaltools.gnu-tools-for-stm32.13.3.rel1.win32_1.0.100.202509120712/tools/bin/../lib/gcc/arm-none-eabi/13.3.1/../../../../arm-none-eabi/lib/thumb/v7e-m+fp/hard\libc_nano.a
LOAD C:/Apps/STM32CubeIDE_2.0.0/STM32CubeIDE/plugins/com.st.stm32cube.ide.mcu.externaltools.gnu-tools-for-stm32.13.3.rel1.win32_1.0.100.202509120712/tools/bin/../lib/gcc/arm-none-eabi/13.3.1/../../../../arm-none-eabi/lib/thumb/v7e-m+fp/hard\libnosys.a
END GROUP
START GROUP
LOAD C:/Apps/STM32CubeIDE_2.0.0/STM32CubeIDE/plugins/com.st.stm32cube.ide.mcu.externaltools.gnu-tools-for-stm32.13.3.rel1.win32_1.0.100.202509120712/tools/bin/../lib/gcc/arm-none-eabi/13.3.1/thumb/v7e-m+fp/hard\libgcc.a
LOAD C:/Apps/STM32CubeIDE_2.0.0/STM32CubeIDE/plugins/com.st.stm32cube.ide.mcu.externaltools.gnu-tools-for-stm32.13.3.rel1.win32_1.0.100.202509120712/tools/bin/../lib/gcc/arm-none-eabi/13.3.1/../../../../arm-none-eabi/lib/thumb/v7e-m+fp/hard\libc_nano.a
LOAD C:/Apps/STM32CubeIDE_2.0.0/STM32CubeIDE/plugins/com.st.stm32cube.ide.mcu.externaltools.gnu-tools-for-stm32.13.3.rel1.win32_1.0.100.202509120712/tools/bin/../lib/gcc/arm-none-eabi/13.3.1/../../../../arm-none-eabi/lib/thumb/v7e-m+fp/hard\libnosys.a
END GROUP
LOAD C:/Apps/STM32CubeIDE_2.0.0/STM32CubeIDE/plugins/com.st.stm32cube.ide.mcu.externaltools.gnu-tools-for-stm32.13.3.rel1.win32_1.0.100.202509120712/tools/bin/../lib/gcc/arm-none-eabi/13.3.1/thumb/v7e-m+fp/hard/crtend.o
LOAD C:/Apps/STM32CubeIDE_2.0.0/STM32CubeIDE/plugins/com.st.stm32cube.ide.mcu.externaltools.gnu-tools-for-stm32.13.3.rel1.win32_1.0.100.202509120712/tools/bin/../lib/gcc/arm-none-eabi/13.3.1/thumb/v7e-m+fp/hard/crtn.o
                0x20020000                        _estack = (ORIGIN (RAM) + LENGTH (RAM))
                0x00000400                        _Min_Heap_Size = 0x400
                0x00000800                        _Min_Stack_Size = 0x800

.isr_vector     0x08000000      0x188
                0x08000000                        . = ALIGN (0x4)
 *(.isr_vector)
 .isr_vector    0x08000000      0x188 ./Core/Startup/startup_stm32f405rgtx.o
                0x08000000                g_pfnVectors
                0x08000188                        . = ALIGN (0x4)

.text           0x08000190    0x104dc
                0x08000190                        . = ALIGN (0x4)
 *(.text)
 .text          0x08000190       0x40 C:/Apps/STM32CubeIDE_2.0.0/STM32CubeIDE/plugins/com.st.stm32cube.ide.mcu.externaltools.gnu-tools-for-stm32.13.3.rel1.win32_1.0.100.202509120712/tools/bin/../lib/gcc/arm-none-eabi/13.3.1/thumb/v7e-m+fp/hard/crtbegin.o
 .text          0x080001d0       0xa0 C:/Apps/STM32CubeIDE_2.0.0/STM32CubeIDE/plugins/com.st.stm32cube.ide.mcu.externaltools.gnu-tools-for-stm32.13.3.rel1.win32_1.0.100.202509120712/tools/bin/../lib/gcc/arm-none-eabi/13.3.1/../../../../arm-none-eabi/lib/thumb/v7e-m+fp/hard\libc_nano.a(libc_a-memchr.o)
                0x080001d0                memchr
 .text          0x08000270       0x10 C:/Apps/STM32CubeIDE_2.0.0/STM32CubeIDE/plugins/com.st.stm32cube.ide.mcu.externaltools.gnu-tools-for-stm32.13.3.rel1.win32_1.0.100.202509120712/tools/bin/../lib/gcc/arm-none-eabi/13.3.1/../../../../arm-none-eabi/lib/thumb/v7e-m+fp/hard\libc_nano.a(libc_a-strlen.o)
                0x08000270                strlen
 .text          0x08000280      0x378 C:/Apps/STM32CubeIDE_2.0.0/STM32CubeIDE/plugins/com.st.stm32cube.ide.mcu.externaltools.gnu-tools-for-stm32.13.3.rel1.win32_1.0.100.202509120712/tools/bin/../lib/gcc/arm-none-eabi/13.3.1/thumb/v7e-m+fp/hard\libgcc.a(_arm_addsubdf3.o)
                0x08000280                __aeabi_drsub
                0x08000288                __aeabi_dsub
                0x08000288                __subdf3
                0x0800028c                __aeabi_dadd
                0x0800028c                __adddf3
                0x08000504                __floatunsidf
                0x08000504                __aeabi_ui2d
                0x08000524                __floatsidf
                0x08000524                __aeabi_i2d
                0x08000548                __aeabi_f2d
                0x08000548                __extendsfdf2
                0x0800058c                __floatundidf
                0x0800058c                __aeabi_ul2d
                0x0800059c                __floatdidf
                0x0800059c                __aeabi_l2d
 .text          0x080005f8      0x424 C:/Apps/STM32CubeIDE_2.0.0/STM32CubeIDE/plugins/com.st.stm32cube.ide.mcu.externaltools.gnu-tools-for-stm32.13.3.rel1.win32_1.0.100.202509120712/tools/bin/../lib/gcc/arm-none-eabi/13.3.1/thumb/v7e-m+fp/hard\libgcc.a(_arm_muldivdf3.o)
                0x080005f8                __aeabi_dmul
                0x080005f8                __muldf3
                0x0800084c                __divdf3
                0x0800084c                __aeabi_ddiv
 .text          0x08000a1c      0x110 C:/Apps/STM32CubeIDE_2.0.0/STM32CubeIDE/plugins/com.st.stm32cube.ide.mcu.externaltools.gnu-tools-for-stm32.13.3.rel1.win32_1.0.100.202509120712/tools/bin/../lib/gcc/arm-none-eabi/13.3.1/thumb/v7e-m+fp/hard\libgcc.a(_arm_cmpdf2.o)
                0x08000a1c                __gtdf2
                0x08000a1c                __gedf2
                0x08000a24                __ltdf2
                0x08000a24                __ledf2
                0x08000a2c                __nedf2
                0x08000a2c                __eqdf2
                0x08000a2c                __cmpdf2
                0x08000aa8                __aeabi_cdrcmple
                0x08000ab8                __aeabi_cdcmpeq
                0x08000ab8                __aeabi_cdcmple
                0x08000ac8                __aeabi_dcmpeq
                0x08000adc                __aeabi_dcmplt
                0x08000af0                __aeabi_dcmple
                0x08000b04                __aeabi_dcmpge
                0x08000b18                __aeabi_dcmpgt
 .text          0x08000b2c       0x2c C:/Apps/STM32CubeIDE_2.0.0/STM32CubeIDE/plugins/com.st.stm32cube.ide.mcu.externaltools.gnu-tools-for-stm32.13.3.rel1.win32_1.0.100.202509120712/tools/bin/../lib/gcc/arm-none-eabi/13.3.1/thumb/v7e-m+fp/hard\libgcc.a(_arm_unorddf2.o)
                0x08000b2c                __unorddf2
                0x08000b2c                __aeabi_dcmpun
 .text          0x08000b58       0x50 C:/Apps/STM32CubeIDE_2.0.0/STM32CubeIDE/plugins/com.st.stm32cube.ide.mcu.externaltools.gnu-tools-for-stm32.13.3.rel1.win32_1.0.100.202509120712/tools/bin/../lib/gcc/arm-none-eabi/13.3.1/thumb/v7e-m+fp/hard\libgcc.a(_arm_fixdfsi.o)
                0x08000b58                __aeabi_d2iz
                0x08000b58                __fixdfsi
 .text          0x08000ba8       0xa0 C:/Apps/STM32CubeIDE_2.0.0/STM32CubeIDE/plugins/com.st.stm32cube.ide.mcu.externaltools.gnu-tools-for-stm32.13.3.rel1.win32_1.0.100.202509120712/tools/bin/../lib/gcc/arm-none-eabi/13.3.1/thumb/v7e-m+fp/hard\libgcc.a(_arm_truncdfsf2.o)
                0x08000ba8                __truncdfsf2
                0x08000ba8                __aeabi_d2f
 .text          0x08000c48       0x30 C:/Apps/STM32CubeIDE_2.0.0/STM32CubeIDE/plugins/com.st.stm32cube.ide.mcu.externaltools.gnu-tools-for-stm32.13.3.rel1.win32_1.0.100.202509120712/tools/bin/../lib/gcc/arm-none-eabi/13.3.1/thumb/v7e-m+fp/hard\libgcc.a(_aeabi_uldivmod.o)
                0x08000c48                __aeabi_uldivmod
 .text          0x08000c78      0x2f8 C:/Apps/STM32CubeIDE_2.0.0/STM32CubeIDE/plugins/com.st.stm32cube.ide.mcu.externaltools.gnu-tools-for-stm32.13.3.rel1.win32_1.0.100.202509120712/tools/bin/../lib/gcc/arm-none-eabi/13.3.1/thumb/v7e-m+fp/hard\libgcc.a(_udivmoddi4.o)
                0x08000c78                __udivmoddi4
 .text          0x08000f70        0x4 C:/Apps/STM32CubeIDE_2.0.0/STM32CubeIDE/plugins/com.st.stm32cube.ide.mcu.externaltools.gnu-tools-for-stm32.13.3.rel1.win32_1.0.100.202509120712/tools/bin/../lib/gcc/arm-none-eabi/13.3.1/thumb/v7e-m+fp/hard\libgcc.a(_dvmd_tls.o)
                0x08000f70                __aeabi_idiv0
                0x08000f70                __aeabi_ldiv0
 *(.text*)
 .text.CS_Low   0x08000f74       0x20 ./Core/Src/Drivers/cc1101.o
 .text.CS_High  0x08000f94       0x20 ./Core/Src/Drivers/cc1101.o
 .text.CC1101_WriteReg
                0x08000fb4       0x4a ./Core/Src/Drivers/cc1101.o
 .text.CC1101_ReadReg
                0x08000ffe       0x4c ./Core/Src/Drivers/cc1101.o
 .text.CC1101_ReadStatus
                0x0800104a       0x4c ./Core/Src/Drivers/cc1101.o
 .text.CC1101_Strobe
                0x08001096       0x3c ./Core/Src/Drivers/cc1101.o
                0x08001096                CC1101_Strobe
 .text.CC1101_Reset
                0x080010d2       0x4a ./Core/Src/Drivers/cc1101.o
                0x080010d2                CC1101_Reset
 .text.CC1101_Init
                0x0800111c       0xe2 ./Core/Src/Drivers/cc1101.o
                0x0800111c                CC1101_Init
 .text.CC1101_SetRX
                0x080011fe       0x30 ./Core/Src/Drivers/cc1101.o
                0x080011fe                CC1101_SetRX
 .text.CC1101_Receive_DMA
                0x0800122e       0x98 ./Core/Src/Drivers/cc1101.o
                0x0800122e                CC1101_Receive_DMA
 .text.CC1101_DMA_Complete_Callback
                0x080012c6       0xbc ./Core/Src/Drivers/cc1101.o
                0x080012c6                CC1101_DMA_Complete_Callback
 .text.CC1101_Interrupt_Handler
                0x08001382       0x32 ./Core/Src/Drivers/cc1101.o
                0x08001382                CC1101_Interrupt_Handler
 .text.GY273_Init
                0x080013b4       0x5c ./Core/Src/Drivers/gy273.o
                0x080013b4                GY273_Init
 .text.GY273_PollRaw
                0x08001410       0x82 ./Core/Src/Drivers/gy273.o
                0x08001410                GY273_PollRaw
 *fill*         0x08001492        0x6 
 .text.GY273_GetHeading2D
                0x08001498       0xd8 ./Core/Src/Drivers/gy273.o
                0x08001498                GY273_GetHeading2D
 .text.GY273_GetHeading3D
                0x08001570      0x198 ./Core/Src/Drivers/gy273.o
                0x08001570                GY273_GetHeading3D
 .text.GY6500_Init
                0x08001708       0x30 ./Core/Src/Drivers/gy6500.o
                0x08001708                GY6500_Init
 .text.GY6500_Calibrate
                0x08001738      0x234 ./Core/Src/Drivers/gy6500.o
                0x08001738                GY6500_Calibrate
 .text.GY6500_Poll
                0x0800196c      0x528 ./Core/Src/Drivers/gy6500.o
                0x0800196c                GY6500_Poll
 .text.Get_Orientation_Accel
                0x08001e94       0xcc ./Core/Src/Drivers/gy6500.o
                0x08001e94                Get_Orientation_Accel
 .text.PCA9685_Init
                0x08001f60       0x4c ./Core/Src/Drivers/pca9685.o
                0x08001f60                PCA9685_Init
 .text.PCA9685_SetPWMFrequency
                0x08001fac      0x158 ./Core/Src/Drivers/pca9685.o
                0x08001fac                PCA9685_SetPWMFrequency
 .text.PCA9685_SetPWM
                0x08002104       0x74 ./Core/Src/Drivers/pca9685.o
                0x08002104                PCA9685_SetPWM
 .text.PCA9685_SetServoPulse
                0x08002178       0x68 ./Core/Src/Drivers/pca9685.o
                0x08002178                PCA9685_SetServoPulse
 .text.Menu_Init
                0x080021e0       0x20 ./Core/Src/LCD/menu_helper.o
                0x080021e0                Menu_Init
 .text.Menu_Draw
                0x08002200      0x144 ./Core/Src/LCD/menu_helper.o
                0x08002200                Menu_Draw
 .text.SSD1315_WriteCommand
                0x08002344       0x2e ./Core/Src/LCD/ssd1315.o
 .text.SSD1315_Init
                0x08002372       0xea ./Core/Src/LCD/ssd1315.o
                0x08002372                SSD1315_Init
 .text.SSD1315_Clear
                0x0800245c       0x18 ./Core/Src/LCD/ssd1315.o
                0x0800245c                SSD1315_Clear
 .text.SSD1315_UpdateScreen
                0x08002474       0x68 ./Core/Src/LCD/ssd1315.o
                0x08002474                SSD1315_UpdateScreen
 .text.SSD1315_DrawPixel
                0x080024dc       0xa8 ./Core/Src/LCD/ssd1315.o
                0x080024dc                SSD1315_DrawPixel
 .text.SSD1315_DrawChar
                0x08002584       0xb4 ./Core/Src/LCD/ssd1315.o
                0x08002584                SSD1315_DrawChar
 .text.SSD1315_DrawString
                0x08002638       0x44 ./Core/Src/LCD/ssd1315.o
                0x08002638                SSD1315_DrawString
 .text.SSD1315_Title
                0x0800267c       0x1a ./Core/Src/LCD/ssd1315.o
                0x0800267c                SSD1315_Title
 .text.SSD1315_Line_1
                0x08002696       0x1a ./Core/Src/LCD/ssd1315.o
                0x08002696                SSD1315_Line_1
 .text.SSD1315_Line_2
                0x080026b0       0x1a ./Core/Src/LCD/ssd1315.o
                0x080026b0                SSD1315_Line_2
 .text.SSD1315_Line_3
                0x080026ca       0x1a ./Core/Src/LCD/ssd1315.o
                0x080026ca                SSD1315_Line_3
 .text.MX_DMA_Init
                0x080026e4       0x50 ./Core/Src/dma.o
                0x080026e4                MX_DMA_Init
 .text.MX_GPIO_Init
                0x08002734      0x13c ./Core/Src/gpio.o
                0x08002734                MX_GPIO_Init
 .text.MX_I2C3_Init
                0x08002870       0x5c ./Core/Src/i2c.o
                0x08002870                MX_I2C3_Init
 .text.HAL_I2C_MspInit
                0x080028cc       0xd4 ./Core/Src/i2c.o
                0x080028cc                HAL_I2C_MspInit
 .text.init_all
                0x080029a0      0x298 ./Core/Src/main.o
                0x080029a0                init_all
 .text.Gyro_update_data
                0x08002c38      0x148 ./Core/Src/main.o
                0x08002c38                Gyro_update_data
 .text.main     0x08002d80       0x6c ./Core/Src/main.o
                0x08002d80                main
 .text.SystemClock_Config
                0x08002dec       0xd4 ./Core/Src/main.o
                0x08002dec                SystemClock_Config
 .text.HAL_TIM_PeriodElapsedCallback
                0x08002ec0       0x28 ./Core/Src/main.o
                0x08002ec0                HAL_TIM_PeriodElapsedCallback
 .text.HAL_GPIO_EXTI_Callback
                0x08002ee8       0x28 ./Core/Src/main.o
                0x08002ee8                HAL_GPIO_EXTI_Callback
 .text.HAL_SPI_TxRxCpltCallback
                0x08002f10       0x3c ./Core/Src/main.o
                0x08002f10                HAL_SPI_TxRxCpltCallback
 .text.HAL_SPI_ErrorCallback
                0x08002f4c       0x40 ./Core/Src/main.o
                0x08002f4c                HAL_SPI_ErrorCallback
 .text.Error_Handler
                0x08002f8c        0xc ./Core/Src/main.o
                0x08002f8c                Error_Handler
 .text.MX_SPI3_Init
                0x08002f98       0x6c ./Core/Src/spi.o
                0x08002f98                MX_SPI3_Init
 .text.HAL_SPI_MspInit
                0x08003004      0x15c ./Core/Src/spi.o
                0x08003004                HAL_SPI_MspInit
 .text.HAL_MspInit
                0x08003160       0x50 ./Core/Src/stm32f4xx_hal_msp.o
                0x08003160                HAL_MspInit
 .text.NMI_Handler
                0x080031b0        0x8 ./Core/Src/stm32f4xx_it.o
                0x080031b0                NMI_Handler
 .text.HardFault_Handler
                0x080031b8        0x8 ./Core/Src/stm32f4xx_it.o
                0x080031b8                HardFault_Handler
 .text.MemManage_Handler
                0x080031c0        0x8 ./Core/Src/stm32f4xx_it.o
                0x080031c0                MemManage_Handler
 .text.BusFault_Handler
                0x080031c8        0x8 ./Core/Src/stm32f4xx_it.o
                0x080031c8                BusFault_Handler
 .text.UsageFault_Handler
                0x080031d0        0x8 ./Core/Src/stm32f4xx_it.o
                0x080031d0                UsageFault_Handler
 .text.SVC_Handler
                0x080031d8        0xe ./Core/Src/stm32f4xx_it.o
                0x080031d8                SVC_Handler
 .text.DebugMon_Handler
                0x080031e6        0xe ./Core/Src/stm32f4xx_it.o
                0x080031e6                DebugMon_Handler
 .text.PendSV_Handler
                0x080031f4        0xe ./Core/Src/stm32f4xx_it.o
                0x080031f4                PendSV_Handler
 .text.SysTick_Handler
                0x08003202        0xc ./Core/Src/stm32f4xx_it.o
                0x08003202                SysTick_Handler
 .text.EXTI3_IRQHandler
                0x0800320e        0xe ./Core/Src/stm32f4xx_it.o
                0x0800320e                EXTI3_IRQHandler
 .text.EXTI4_IRQHandler
                0x0800321c        0xe ./Core/Src/stm32f4xx_it.o
                0x0800321c                EXTI4_IRQHandler
 *fill*         0x0800322a        0x2 
 .text.DMA1_Stream0_IRQHandler
                0x0800322c       0x14 ./Core/Src/stm32f4xx_it.o
                0x0800322c                DMA1_Stream0_IRQHandler
 .text.DMA1_Stream5_IRQHandler
                0x08003240       0x14 ./Core/Src/stm32f4xx_it.o
                0x08003240                DMA1_Stream5_IRQHandler
 .text.TIM2_IRQHandler
                0x08003254       0x14 ./Core/Src/stm32f4xx_it.o
                0x08003254                TIM2_IRQHandler
 .text.OTG_FS_IRQHandler
                0x08003268       0x14 ./Core/Src/stm32f4xx_it.o
                0x08003268                OTG_FS_IRQHandler
 .text._getpid  0x0800327c       0x10 ./Core/Src/syscalls.o
                0x0800327c                _getpid
 .text._kill    0x0800328c       0x20 ./Core/Src/syscalls.o
                0x0800328c                _kill
 .text._exit    0x080032ac       0x16 ./Core/Src/syscalls.o
                0x080032ac                _exit
 .text._read    0x080032c2       0x3a ./Core/Src/syscalls.o
                0x080032c2                _read
 .text._write   0x080032fc       0x38 ./Core/Src/syscalls.o
                0x080032fc                _write
 .text._close   0x08003334       0x18 ./Core/Src/syscalls.o
                0x08003334                _close
 .text._fstat   0x0800334c       0x20 ./Core/Src/syscalls.o
                0x0800334c                _fstat
 .text._isatty  0x0800336c       0x16 ./Core/Src/syscalls.o
                0x0800336c                _isatty
 .text._lseek   0x08003382       0x1a ./Core/Src/syscalls.o
                0x08003382                _lseek
 .text._sbrk    0x0800339c       0x6c ./Core/Src/sysmem.o
                0x0800339c                _sbrk
 .text.SystemInit
                0x08003408       0x24 ./Core/Src/system_stm32f4xx.o
                0x08003408                SystemInit
 .text.MX_TIM2_Init
                0x0800342c       0xe4 ./Core/Src/tim.o
                0x0800342c                MX_TIM2_Init
 .text.HAL_TIM_Base_MspInit
                0x08003510       0x4c ./Core/Src/tim.o
                0x08003510                HAL_TIM_Base_MspInit
 .text.Reset_Handler
                0x0800355c       0x50 ./Core/Startup/startup_stm32f405rgtx.o
                0x0800355c                Reset_Handler
 .text.Default_Handler
                0x080035ac        0x2 ./Core/Startup/startup_stm32f405rgtx.o
                0x080035ac                RTC_Alarm_IRQHandler
                0x080035ac                HASH_RNG_IRQHandler
                0x080035ac                EXTI2_IRQHandler
                0x080035ac                TIM8_CC_IRQHandler
                0x080035ac                TIM1_CC_IRQHandler
                0x080035ac                DMA2_Stream5_IRQHandler
                0x080035ac                PVD_IRQHandler
                0x080035ac                SDIO_IRQHandler
                0x080035ac                TAMP_STAMP_IRQHandler
                0x080035ac                CAN2_RX1_IRQHandler
                0x080035ac                TIM8_TRG_COM_TIM14_IRQHandler
                0x080035ac                TIM1_UP_TIM10_IRQHandler
                0x080035ac                TIM8_UP_TIM13_IRQHandler
                0x080035ac                I2C3_ER_IRQHandler
                0x080035ac                EXTI0_IRQHandler
                0x080035ac                I2C2_EV_IRQHandler
                0x080035ac                DMA1_Stream2_IRQHandler
                0x080035ac                CAN1_RX0_IRQHandler
                0x080035ac                FPU_IRQHandler
                0x080035ac                OTG_HS_WKUP_IRQHandler
                0x080035ac                CAN2_SCE_IRQHandler
                0x080035ac                DMA2_Stream2_IRQHandler
                0x080035ac                SPI1_IRQHandler
                0x080035ac                TIM6_DAC_IRQHandler
                0x080035ac                TIM1_BRK_TIM9_IRQHandler
                0x080035ac                CAN2_RX0_IRQHandler
                0x080035ac                DMA2_Stream3_IRQHandler
                0x080035ac                USART6_IRQHandler
                0x080035ac                USART3_IRQHandler
                0x080035ac                CAN1_RX1_IRQHandler
                0x080035ac                UART5_IRQHandler
                0x080035ac                DMA2_Stream0_IRQHandler
                0x080035ac                TIM4_IRQHandler
                0x080035ac                I2C1_EV_IRQHandler
                0x080035ac                DMA1_Stream6_IRQHandler
                0x080035ac                DMA1_Stream1_IRQHandler
                0x080035ac                UART4_IRQHandler
                0x080035ac                TIM3_IRQHandler
                0x080035ac                RCC_IRQHandler
                0x080035ac                TIM8_BRK_TIM12_IRQHandler
                0x080035ac                Default_Handler
                0x080035ac                EXTI15_10_IRQHandler
                0x080035ac                ADC_IRQHandler
                0x080035ac                DMA1_Stream7_IRQHandler
                0x080035ac                TIM7_IRQHandler
                0x080035ac                CAN2_TX_IRQHandler
                0x080035ac                TIM5_IRQHandler
                0x080035ac                DMA2_Stream7_IRQHandler
                0x080035ac                I2C3_EV_IRQHandler
                0x080035ac                EXTI9_5_IRQHandler
                0x080035ac                RTC_WKUP_IRQHandler
                0x080035ac                SPI2_IRQHandler
                0x080035ac                OTG_HS_EP1_IN_IRQHandler
                0x080035ac                CAN1_TX_IRQHandler
                0x080035ac                FSMC_IRQHandler
                0x080035ac                OTG_HS_EP1_OUT_IRQHandler
                0x080035ac                WWDG_IRQHandler
                0x080035ac                OTG_FS_WKUP_IRQHandler
                0x080035ac                TIM1_TRG_COM_TIM11_IRQHandler
                0x080035ac                OTG_HS_IRQHandler
                0x080035ac                EXTI1_IRQHandler
                0x080035ac                USART2_IRQHandler
                0x080035ac                I2C2_ER_IRQHandler
                0x080035ac                DMA2_Stream1_IRQHandler
                0x080035ac                CAN1_SCE_IRQHandler
                0x080035ac                FLASH_IRQHandler
                0x080035ac                DMA2_Stream4_IRQHandler
                0x080035ac                USART1_IRQHandler
                0x080035ac                SPI3_IRQHandler
                0x080035ac                DMA1_Stream4_IRQHandler
                0x080035ac                I2C1_ER_IRQHandler
                0x080035ac                DMA2_Stream6_IRQHandler
                0x080035ac                DMA1_Stream3_IRQHandler
 *fill*         0x080035ae        0x2 
 .text.HAL_Init
                0x080035b0       0x44 ./Drivers/STM32F4xx_HAL_Driver/Src/stm32f4xx_hal.o
                0x080035b0                HAL_Init
 .text.HAL_InitTick
                0x080035f4       0x60 ./Drivers/STM32F4xx_HAL_Driver/Src/stm32f4xx_hal.o
                0x080035f4                HAL_InitTick
 .text.HAL_IncTick
                0x08003654       0x28 ./Drivers/STM32F4xx_HAL_Driver/Src/stm32f4xx_hal.o
                0x08003654                HAL_IncTick
 .text.HAL_GetTick
                0x0800367c       0x18 ./Drivers/STM32F4xx_HAL_Driver/Src/stm32f4xx_hal.o
                0x0800367c                HAL_GetTick
 .text.HAL_Delay
                0x08003694       0x48 ./Drivers/STM32F4xx_HAL_Driver/Src/stm32f4xx_hal.o
                0x08003694                HAL_Delay
 .text.__NVIC_SetPriorityGrouping
                0x080036dc       0x48 ./Drivers/STM32F4xx_HAL_Driver/Src/stm32f4xx_hal_cortex.o
 .text.__NVIC_GetPriorityGrouping
                0x08003724       0x1c ./Drivers/STM32F4xx_HAL_Driver/Src/stm32f4xx_hal_cortex.o
 .text.__NVIC_EnableIRQ
                0x08003740       0x3c ./Drivers/STM32F4xx_HAL_Driver/Src/stm32f4xx_hal_cortex.o
 .text.__NVIC_SetPriority
                0x0800377c       0x54 ./Drivers/STM32F4xx_HAL_Driver/Src/stm32f4xx_hal_cortex.o
 .text.NVIC_EncodePriority
                0x080037d0       0x66 ./Drivers/STM32F4xx_HAL_Driver/Src/stm32f4xx_hal_cortex.o
 *fill*         0x08003836        0x2 
 .text.SysTick_Config
                0x08003838       0x44 ./Drivers/STM32F4xx_HAL_Driver/Src/stm32f4xx_hal_cortex.o
 .text.HAL_NVIC_SetPriorityGrouping
                0x0800387c       0x16 ./Drivers/STM32F4xx_HAL_Driver/Src/stm32f4xx_hal_cortex.o
                0x0800387c                HAL_NVIC_SetPriorityGrouping
 .text.HAL_NVIC_SetPriority
                0x08003892       0x38 ./Drivers/STM32F4xx_HAL_Driver/Src/stm32f4xx_hal_cortex.o
                0x08003892                HAL_NVIC_SetPriority
 .text.HAL_NVIC_EnableIRQ
                0x080038ca       0x1c ./Drivers/STM32F4xx_HAL_Driver/Src/stm32f4xx_hal_cortex.o
                0x080038ca                HAL_NVIC_EnableIRQ
 .text.HAL_SYSTICK_Config
                0x080038e6       0x18 ./Drivers/STM32F4xx_HAL_Driver/Src/stm32f4xx_hal_cortex.o
                0x080038e6                HAL_SYSTICK_Config
 *fill*         0x080038fe        0x2 
 .text.HAL_DMA_Init
                0x08003900      0x15c ./Drivers/STM32F4xx_HAL_Driver/Src/stm32f4xx_hal_dma.o
                0x08003900                HAL_DMA_Init
 .text.HAL_DMA_Start_IT
                0x08003a5c       0xb0 ./Drivers/STM32F4xx_HAL_Driver/Src/stm32f4xx_hal_dma.o
                0x08003a5c                HAL_DMA_Start_IT
 .text.HAL_DMA_IRQHandler
                0x08003b0c      0x314 ./Drivers/STM32F4xx_HAL_Driver/Src/stm32f4xx_hal_dma.o
                0x08003b0c                HAL_DMA_IRQHandler
 .text.DMA_SetConfig
                0x08003e20       0x5c ./Drivers/STM32F4xx_HAL_Driver/Src/stm32f4xx_hal_dma.o
 .text.DMA_CalcBaseAndBitshift
                0x08003e7c       0x6c ./Drivers/STM32F4xx_HAL_Driver/Src/stm32f4xx_hal_dma.o
 .text.DMA_CheckFifoParam
                0x08003ee8       0xf8 ./Drivers/STM32F4xx_HAL_Driver/Src/stm32f4xx_hal_dma.o
 .text.HAL_GPIO_Init
                0x08003fe0      0x338 ./Drivers/STM32F4xx_HAL_Driver/Src/stm32f4xx_hal_gpio.o
                0x08003fe0                HAL_GPIO_Init
 .text.HAL_GPIO_WritePin
                0x08004318       0x32 ./Drivers/STM32F4xx_HAL_Driver/Src/stm32f4xx_hal_gpio.o
                0x08004318                HAL_GPIO_WritePin
 *fill*         0x0800434a        0x2 
 .text.HAL_GPIO_EXTI_IRQHandler
                0x0800434c       0x30 ./Drivers/STM32F4xx_HAL_Driver/Src/stm32f4xx_hal_gpio.o
                0x0800434c                HAL_GPIO_EXTI_IRQHandler
 .text.HAL_I2C_Init
                0x0800437c      0x288 ./Drivers/STM32F4xx_HAL_Driver/Src/stm32f4xx_hal_i2c.o
                0x0800437c                HAL_I2C_Init
 .text.HAL_I2C_Mem_Write
                0x08004604      0x1f4 ./Drivers/STM32F4xx_HAL_Driver/Src/stm32f4xx_hal_i2c.o
                0x08004604                HAL_I2C_Mem_Write
 .text.HAL_I2C_Mem_Read
                0x080047f8      0x464 ./Drivers/STM32F4xx_HAL_Driver/Src/stm32f4xx_hal_i2c.o
                0x080047f8                HAL_I2C_Mem_Read
 .text.HAL_I2C_IsDeviceReady
                0x08004c5c      0x25c ./Drivers/STM32F4xx_HAL_Driver/Src/stm32f4xx_hal_i2c.o
                0x08004c5c                HAL_I2C_IsDeviceReady
 .text.I2C_RequestMemoryWrite
                0x08004eb8      0x12c ./Drivers/STM32F4xx_HAL_Driver/Src/stm32f4xx_hal_i2c.o
 .text.I2C_RequestMemoryRead
                0x08004fe4      0x1d0 ./Drivers/STM32F4xx_HAL_Driver/Src/stm32f4xx_hal_i2c.o
 .text.I2C_WaitOnFlagUntilTimeout
                0x080051b4       0xf4 ./Drivers/STM32F4xx_HAL_Driver/Src/stm32f4xx_hal_i2c.o
 .text.I2C_WaitOnMasterAddressFlagUntilTimeout
                0x080052a8      0x140 ./Drivers/STM32F4xx_HAL_Driver/Src/stm32f4xx_hal_i2c.o
 .text.I2C_WaitOnTXEFlagUntilTimeout
                0x080053e8       0x90 ./Drivers/STM32F4xx_HAL_Driver/Src/stm32f4xx_hal_i2c.o
 .text.I2C_WaitOnBTFFlagUntilTimeout
                0x08005478       0x90 ./Drivers/STM32F4xx_HAL_Driver/Src/stm32f4xx_hal_i2c.o
 .text.I2C_WaitOnRXNEFlagUntilTimeout
                0x08005508       0xba ./Drivers/STM32F4xx_HAL_Driver/Src/stm32f4xx_hal_i2c.o
 .text.I2C_IsAcknowledgeFailed
                0x080055c2       0x5e ./Drivers/STM32F4xx_HAL_Driver/Src/stm32f4xx_hal_i2c.o
 .text.HAL_PCD_Init
                0x08005620      0x21e ./Drivers/STM32F4xx_HAL_Driver/Src/stm32f4xx_hal_pcd.o
                0x08005620                HAL_PCD_Init
 .text.HAL_PCD_Start
                0x0800583e       0x6a ./Drivers/STM32F4xx_HAL_Driver/Src/stm32f4xx_hal_pcd.o
                0x0800583e                HAL_PCD_Start
 .text.HAL_PCD_IRQHandler
                0x080058a8      0x942 ./Drivers/STM32F4xx_HAL_Driver/Src/stm32f4xx_hal_pcd.o
                0x080058a8                HAL_PCD_IRQHandler
 .text.HAL_PCD_SetAddress
                0x080061ea       0x48 ./Drivers/STM32F4xx_HAL_Driver/Src/stm32f4xx_hal_pcd.o
                0x080061ea                HAL_PCD_SetAddress
 .text.HAL_PCD_EP_Open
                0x08006232       0xd4 ./Drivers/STM32F4xx_HAL_Driver/Src/stm32f4xx_hal_pcd.o
                0x08006232                HAL_PCD_EP_Open
 .text.HAL_PCD_EP_Close
                0x08006306       0x94 ./Drivers/STM32F4xx_HAL_Driver/Src/stm32f4xx_hal_pcd.o
                0x08006306                HAL_PCD_EP_Close
 .text.HAL_PCD_EP_Receive
                0x0800639a       0x76 ./Drivers/STM32F4xx_HAL_Driver/Src/stm32f4xx_hal_pcd.o
                0x0800639a                HAL_PCD_EP_Receive
 .text.HAL_PCD_EP_GetRxCount
                0x08006410       0x30 ./Drivers/STM32F4xx_HAL_Driver/Src/stm32f4xx_hal_pcd.o
                0x08006410                HAL_PCD_EP_GetRxCount
 .text.HAL_PCD_EP_Transmit
                0x08006440       0x74 ./Drivers/STM32F4xx_HAL_Driver/Src/stm32f4xx_hal_pcd.o
                0x08006440                HAL_PCD_EP_Transmit
 .text.HAL_PCD_EP_SetStall
                0x080064b4       0xc6 ./Drivers/STM32F4xx_HAL_Driver/Src/stm32f4xx_hal_pcd.o
                0x080064b4                HAL_PCD_EP_SetStall
 .text.HAL_PCD_EP_ClrStall
                0x0800657a       0xac ./Drivers/STM32F4xx_HAL_Driver/Src/stm32f4xx_hal_pcd.o
                0x0800657a                HAL_PCD_EP_ClrStall
 .text.HAL_PCD_EP_Abort
                0x08006626       0x62 ./Drivers/STM32F4xx_HAL_Driver/Src/stm32f4xx_hal_pcd.o
                0x08006626                HAL_PCD_EP_Abort
 .text.PCD_WriteEmptyTxFifo
                0x08006688      0x118 ./Drivers/STM32F4xx_HAL_Driver/Src/stm32f4xx_hal_pcd.o
 .text.PCD_EP_OutXfrComplete_int
                0x080067a0      0x1d0 ./Drivers/STM32F4xx_HAL_Driver/Src/stm32f4xx_hal_pcd.o
 .text.PCD_EP_OutSetupPacket_int
                0x08006970       0x8c ./Drivers/STM32F4xx_HAL_Driver/Src/stm32f4xx_hal_pcd.o
 .text.HAL_PCDEx_SetTxFiFo
                0x080069fc       0x8e ./Drivers/STM32F4xx_HAL_Driver/Src/stm32f4xx_hal_pcd_ex.o
                0x080069fc                HAL_PCDEx_SetTxFiFo
 .text.HAL_PCDEx_SetRxFiFo
                0x08006a8a       0x22 ./Drivers/STM32F4xx_HAL_Driver/Src/stm32f4xx_hal_pcd_ex.o
                0x08006a8a                HAL_PCDEx_SetRxFiFo
 .text.HAL_PCDEx_LPM_Callback
                0x08006aac       0x18 ./Drivers/STM32F4xx_HAL_Driver/Src/stm32f4xx_hal_pcd_ex.o
                0x08006aac                HAL_PCDEx_LPM_Callback
 .text.HAL_RCC_OscConfig
                0x08006ac4      0x4f0 ./Drivers/STM32F4xx_HAL_Driver/Src/stm32f4xx_hal_rcc.o
                0x08006ac4                HAL_RCC_OscConfig
 .text.HAL_RCC_ClockConfig
                0x08006fb4      0x1cc ./Drivers/STM32F4xx_HAL_Driver/Src/stm32f4xx_hal_rcc.o
                0x08006fb4                HAL_RCC_ClockConfig
 .text.HAL_RCC_GetSysClockFreq
                0x08007180      0x18c ./Drivers/STM32F4xx_HAL_Driver/Src/stm32f4xx_hal_rcc.o
                0x08007180                HAL_RCC_GetSysClockFreq
 .text.HAL_RCC_GetHCLKFreq
                0x0800730c       0x18 ./Drivers/STM32F4xx_HAL_Driver/Src/stm32f4xx_hal_rcc.o
                0x0800730c                HAL_RCC_GetHCLKFreq
 .text.HAL_RCC_GetPCLK1Freq
                0x08007324       0x28 ./Drivers/STM32F4xx_HAL_Driver/Src/stm32f4xx_hal_rcc.o
                0x08007324                HAL_RCC_GetPCLK1Freq
 .text.HAL_SPI_Init
                0x0800734c      0x112 ./Drivers/STM32F4xx_HAL_Driver/Src/stm32f4xx_hal_spi.o
                0x0800734c                HAL_SPI_Init
 .text.HAL_SPI_TransmitReceive
                0x0800745e      0x352 ./Drivers/STM32F4xx_HAL_Driver/Src/stm32f4xx_hal_spi.o
                0x0800745e                HAL_SPI_TransmitReceive
 .text.HAL_SPI_TransmitReceive_DMA
                0x080077b0      0x1f8 ./Drivers/STM32F4xx_HAL_Driver/Src/stm32f4xx_hal_spi.o
                0x080077b0                HAL_SPI_TransmitReceive_DMA
 .text.HAL_SPI_RxCpltCallback
                0x080079a8       0x14 ./Drivers/STM32F4xx_HAL_Driver/Src/stm32f4xx_hal_spi.o
                0x080079a8                HAL_SPI_RxCpltCallback
 .text.HAL_SPI_RxHalfCpltCallback
                0x080079bc       0x14 ./Drivers/STM32F4xx_HAL_Driver/Src/stm32f4xx_hal_spi.o
                0x080079bc                HAL_SPI_RxHalfCpltCallback
 .text.HAL_SPI_TxRxHalfCpltCallback
                0x080079d0       0x14 ./Drivers/STM32F4xx_HAL_Driver/Src/stm32f4xx_hal_spi.o
                0x080079d0                HAL_SPI_TxRxHalfCpltCallback
 .text.SPI_DMAReceiveCplt
                0x080079e4       0xa8 ./Drivers/STM32F4xx_HAL_Driver/Src/stm32f4xx_hal_spi.o
 .text.SPI_DMATransmitReceiveCplt
                0x08007a8c       0x90 ./Drivers/STM32F4xx_HAL_Driver/Src/stm32f4xx_hal_spi.o
 .text.SPI_DMAHalfReceiveCplt
                0x08007b1c       0x1c ./Drivers/STM32F4xx_HAL_Driver/Src/stm32f4xx_hal_spi.o
 .text.SPI_DMAHalfTransmitReceiveCplt
                0x08007b38       0x1c ./Drivers/STM32F4xx_HAL_Driver/Src/stm32f4xx_hal_spi.o
 .text.SPI_DMAError
                0x08007b54       0x40 ./Drivers/STM32F4xx_HAL_Driver/Src/stm32f4xx_hal_spi.o
 .text.SPI_WaitFlagStateUntilTimeout
                0x08007b94      0x110 ./Drivers/STM32F4xx_HAL_Driver/Src/stm32f4xx_hal_spi.o
 .text.SPI_EndRxTransaction
                0x08007ca4       0xca ./Drivers/STM32F4xx_HAL_Driver/Src/stm32f4xx_hal_spi.o
 *fill*         0x08007d6e        0x2 
 .text.SPI_EndRxTxTransaction
                0x08007d70       0xa8 ./Drivers/STM32F4xx_HAL_Driver/Src/stm32f4xx_hal_spi.o
 .text.HAL_TIM_Base_Init
                0x08007e18       0x9e ./Drivers/STM32F4xx_HAL_Driver/Src/stm32f4xx_hal_tim.o
                0x08007e18                HAL_TIM_Base_Init
 *fill*         0x08007eb6        0x2 
 .text.HAL_TIM_Base_Start_IT
                0x08007eb8       0xe0 ./Drivers/STM32F4xx_HAL_Driver/Src/stm32f4xx_hal_tim.o
                0x08007eb8                HAL_TIM_Base_Start_IT
 .text.HAL_TIM_OC_Init
                0x08007f98       0x9e ./Drivers/STM32F4xx_HAL_Driver/Src/stm32f4xx_hal_tim.o
                0x08007f98                HAL_TIM_OC_Init
 .text.HAL_TIM_OC_MspInit
                0x08008036       0x14 ./Drivers/STM32F4xx_HAL_Driver/Src/stm32f4xx_hal_tim.o
                0x08008036                HAL_TIM_OC_MspInit
 .text.HAL_TIM_IRQHandler
                0x0800804a      0x1e0 ./Drivers/STM32F4xx_HAL_Driver/Src/stm32f4xx_hal_tim.o
                0x0800804a                HAL_TIM_IRQHandler
 *fill*         0x0800822a        0x2 
 .text.HAL_TIM_OC_ConfigChannel
                0x0800822c       0xb8 ./Drivers/STM32F4xx_HAL_Driver/Src/stm32f4xx_hal_tim.o
                0x0800822c                HAL_TIM_OC_ConfigChannel
 .text.HAL_TIM_ConfigClockSource
                0x080082e4      0x18e ./Drivers/STM32F4xx_HAL_Driver/Src/stm32f4xx_hal_tim.o
                0x080082e4                HAL_TIM_ConfigClockSource
 .text.HAL_TIM_OC_DelayElapsedCallback
                0x08008472       0x14 ./Drivers/STM32F4xx_HAL_Driver/Src/stm32f4xx_hal_tim.o
                0x08008472                HAL_TIM_OC_DelayElapsedCallback
 .text.HAL_TIM_IC_CaptureCallback
                0x08008486       0x14 ./Drivers/STM32F4xx_HAL_Driver/Src/stm32f4xx_hal_tim.o
                0x08008486                HAL_TIM_IC_CaptureCallback
 .text.HAL_TIM_PWM_PulseFinishedCallback
                0x0800849a       0x14 ./Drivers/STM32F4xx_HAL_Driver/Src/stm32f4xx_hal_tim.o
                0x0800849a                HAL_TIM_PWM_PulseFinishedCallback
 .text.HAL_TIM_TriggerCallback
                0x080084ae       0x14 ./Drivers/STM32F4xx_HAL_Driver/Src/stm32f4xx_hal_tim.o
                0x080084ae                HAL_TIM_TriggerCallback
 *fill*         0x080084c2        0x2 
 .text.TIM_Base_SetConfig
                0x080084c4      0x14c ./Drivers/STM32F4xx_HAL_Driver/Src/stm32f4xx_hal_tim.o
                0x080084c4                TIM_Base_SetConfig
 .text.TIM_OC1_SetConfig
                0x08008610       0xe0 ./Drivers/STM32F4xx_HAL_Driver/Src/stm32f4xx_hal_tim.o
 .text.TIM_OC2_SetConfig
                0x080086f0       0xec ./Drivers/STM32F4xx_HAL_Driver/Src/stm32f4xx_hal_tim.o
                0x080086f0                TIM_OC2_SetConfig
 .text.TIM_OC3_SetConfig
                0x080087dc       0xe8 ./Drivers/STM32F4xx_HAL_Driver/Src/stm32f4xx_hal_tim.o
 .text.TIM_OC4_SetConfig
                0x080088c4       0xac ./Drivers/STM32F4xx_HAL_Driver/Src/stm32f4xx_hal_tim.o
 .text.TIM_TI1_ConfigInputStage
                0x08008970       0x5e ./Drivers/STM32F4xx_HAL_Driver/Src/stm32f4xx_hal_tim.o
 .text.TIM_TI2_ConfigInputStage
                0x080089ce       0x60 ./Drivers/STM32F4xx_HAL_Driver/Src/stm32f4xx_hal_tim.o
 .text.TIM_ITRx_SetConfig
                0x08008a2e       0x36 ./Drivers/STM32F4xx_HAL_Driver/Src/stm32f4xx_hal_tim.o
 .text.TIM_ETR_SetConfig
                0x08008a64       0x40 ./Drivers/STM32F4xx_HAL_Driver/Src/stm32f4xx_hal_tim.o
                0x08008a64                TIM_ETR_SetConfig
 .text.HAL_TIMEx_MasterConfigSynchronization
                0x08008aa4       0xf8 ./Drivers/STM32F4xx_HAL_Driver/Src/stm32f4xx_hal_tim_ex.o
                0x08008aa4                HAL_TIMEx_MasterConfigSynchronization
 .text.HAL_TIMEx_CommutCallback
                0x08008b9c       0x14 ./Drivers/STM32F4xx_HAL_Driver/Src/stm32f4xx_hal_tim_ex.o
                0x08008b9c                HAL_TIMEx_CommutCallback
 .text.HAL_TIMEx_BreakCallback
                0x08008bb0       0x14 ./Drivers/STM32F4xx_HAL_Driver/Src/stm32f4xx_hal_tim_ex.o
                0x08008bb0                HAL_TIMEx_BreakCallback
 .text.USB_CoreInit
                0x08008bc4       0xc8 ./Drivers/STM32F4xx_HAL_Driver/Src/stm32f4xx_ll_usb.o
                0x08008bc4                USB_CoreInit
 .text.USB_SetTurnaroundTime
                0x08008c8c      0x144 ./Drivers/STM32F4xx_HAL_Driver/Src/stm32f4xx_ll_usb.o
                0x08008c8c                USB_SetTurnaroundTime
 .text.USB_EnableGlobalInt
                0x08008dd0       0x22 ./Drivers/STM32F4xx_HAL_Driver/Src/stm32f4xx_ll_usb.o
                0x08008dd0                USB_EnableGlobalInt
 .text.USB_DisableGlobalInt
                0x08008df2       0x22 ./Drivers/STM32F4xx_HAL_Driver/Src/stm32f4xx_ll_usb.o
                0x08008df2                USB_DisableGlobalInt
 .text.USB_SetCurrentMode
                0x08008e14       0x98 ./Drivers/STM32F4xx_HAL_Driver/Src/stm32f4xx_ll_usb.o
                0x08008e14                USB_SetCurrentMode
 .text.USB_DevInit
                0x08008eac      0x2c8 ./Drivers/STM32F4xx_HAL_Driver/Src/stm32f4xx_ll_usb.o
                0x08008eac                USB_DevInit
 .text.USB_FlushTxFifo
                0x08009174       0x64 ./Drivers/STM32F4xx_HAL_Driver/Src/stm32f4xx_ll_usb.o
                0x08009174                USB_FlushTxFifo
 .text.USB_FlushRxFifo
                0x080091d8       0x5c ./Drivers/STM32F4xx_HAL_Driver/Src/stm32f4xx_ll_usb.o
                0x080091d8                USB_FlushRxFifo
 .text.USB_SetDevSpeed
                0x08009234       0x32 ./Drivers/STM32F4xx_HAL_Driver/Src/stm32f4xx_ll_usb.o
                0x08009234                USB_SetDevSpeed
 .text.USB_GetDevSpeed
                0x08009266       0x4a ./Drivers/STM32F4xx_HAL_Driver/Src/stm32f4xx_ll_usb.o
                0x08009266                USB_GetDevSpeed
 .text.USB_ActivateEndpoint
                0x080092b0      0x10e ./Drivers/STM32F4xx_HAL_Driver/Src/stm32f4xx_ll_usb.o
                0x080092b0                USB_ActivateEndpoint
 *fill*         0x080093be        0x2 
 .text.USB_DeactivateEndpoint
                0x080093c0      0x1b8 ./Drivers/STM32F4xx_HAL_Driver/Src/stm32f4xx_ll_usb.o
                0x080093c0                USB_DeactivateEndpoint
 .text.USB_EPStartXfer
                0x08009578      0x53c ./Drivers/STM32F4xx_HAL_Driver/Src/stm32f4xx_ll_usb.o
                0x08009578                USB_EPStartXfer
 .text.USB_EPStopXfer
                0x08009ab4      0x154 ./Drivers/STM32F4xx_HAL_Driver/Src/stm32f4xx_ll_usb.o
                0x08009ab4                USB_EPStopXfer
 .text.USB_WritePacket
                0x08009c08       0x7c ./Drivers/STM32F4xx_HAL_Driver/Src/stm32f4xx_ll_usb.o
                0x08009c08                USB_WritePacket
 .text.USB_ReadPacket
                0x08009c84       0xb0 ./Drivers/STM32F4xx_HAL_Driver/Src/stm32f4xx_ll_usb.o
                0x08009c84                USB_ReadPacket
 .text.USB_EPSetStall
                0x08009d34       0xdc ./Drivers/STM32F4xx_HAL_Driver/Src/stm32f4xx_ll_usb.o
                0x08009d34                USB_EPSetStall
 .text.USB_EPClearStall
                0x08009e10       0xcc ./Drivers/STM32F4xx_HAL_Driver/Src/stm32f4xx_ll_usb.o
                0x08009e10                USB_EPClearStall
 .text.USB_SetDevAddress
                0x08009edc       0x4c ./Drivers/STM32F4xx_HAL_Driver/Src/stm32f4xx_ll_usb.o
                0x08009edc                USB_SetDevAddress
 .text.USB_DevConnect
                0x08009f28       0x42 ./Drivers/STM32F4xx_HAL_Driver/Src/stm32f4xx_ll_usb.o
                0x08009f28                USB_DevConnect
 .text.USB_DevDisconnect
                0x08009f6a       0x42 ./Drivers/STM32F4xx_HAL_Driver/Src/stm32f4xx_ll_usb.o
                0x08009f6a                USB_DevDisconnect
 .text.USB_ReadInterrupts
                0x08009fac       0x26 ./Drivers/STM32F4xx_HAL_Driver/Src/stm32f4xx_ll_usb.o
                0x08009fac                USB_ReadInterrupts
 .text.USB_ReadDevAllOutEpInterrupt
                0x08009fd2       0x34 ./Drivers/STM32F4xx_HAL_Driver/Src/stm32f4xx_ll_usb.o
                0x08009fd2                USB_ReadDevAllOutEpInterrupt
 .text.USB_ReadDevAllInEpInterrupt
                0x0800a006       0x34 ./Drivers/STM32F4xx_HAL_Driver/Src/stm32f4xx_ll_usb.o
                0x0800a006                USB_ReadDevAllInEpInterrupt
 .text.USB_ReadDevOutEPInterrupt
                0x0800a03a       0x3c ./Drivers/STM32F4xx_HAL_Driver/Src/stm32f4xx_ll_usb.o
                0x0800a03a                USB_ReadDevOutEPInterrupt
 .text.USB_ReadDevInEPInterrupt
                0x0800a076       0x5c ./Drivers/STM32F4xx_HAL_Driver/Src/stm32f4xx_ll_usb.o
                0x0800a076                USB_ReadDevInEPInterrupt
 .text.USB_GetMode
                0x0800a0d2       0x1c ./Drivers/STM32F4xx_HAL_Driver/Src/stm32f4xx_ll_usb.o
                0x0800a0d2                USB_GetMode
 .text.USB_ActivateSetup
                0x0800a0ee       0x46 ./Drivers/STM32F4xx_HAL_Driver/Src/stm32f4xx_ll_usb.o
                0x0800a0ee                USB_ActivateSetup
 .text.USB_EP0_OutStart
                0x0800a134       0xbc ./Drivers/STM32F4xx_HAL_Driver/Src/stm32f4xx_ll_usb.o
                0x0800a134                USB_EP0_OutStart
 .text.USB_CoreReset
                0x0800a1f0       0x70 ./Drivers/STM32F4xx_HAL_Driver/Src/stm32f4xx_ll_usb.o
 .text.USBD_CDC_Init
                0x0800a260      0x1f0 ./Middlewares/ST/STM32_USB_Device_Library/Class/CDC/Src/usbd_cdc.o
 .text.USBD_CDC_DeInit
                0x0800a450      0x104 ./Middlewares/ST/STM32_USB_Device_Library/Class/CDC/Src/usbd_cdc.o
 .text.USBD_CDC_Setup
                0x0800a554      0x1b8 ./Middlewares/ST/STM32_USB_Device_Library/Class/CDC/Src/usbd_cdc.o
 .text.USBD_CDC_DataIn
                0x0800a70c       0xfe ./Middlewares/ST/STM32_USB_Device_Library/Class/CDC/Src/usbd_cdc.o
 .text.USBD_CDC_DataOut
                0x0800a80a       0x70 ./Middlewares/ST/STM32_USB_Device_Library/Class/CDC/Src/usbd_cdc.o
 .text.USBD_CDC_EP0_RxReady
                0x0800a87a       0x74 ./Middlewares/ST/STM32_USB_Device_Library/Class/CDC/Src/usbd_cdc.o
 *fill*         0x0800a8ee        0x2 
 .text.USBD_CDC_GetFSCfgDesc
                0x0800a8f0       0x70 ./Middlewares/ST/STM32_USB_Device_Library/Class/CDC/Src/usbd_cdc.o
 .text.USBD_CDC_GetHSCfgDesc
                0x0800a960       0x70 ./Middlewares/ST/STM32_USB_Device_Library/Class/CDC/Src/usbd_cdc.o
 .text.USBD_CDC_GetOtherSpeedCfgDesc
                0x0800a9d0       0x70 ./Middlewares/ST/STM32_USB_Device_Library/Class/CDC/Src/usbd_cdc.o
 .text.USBD_CDC_GetDeviceQualifierDescriptor
                0x0800aa40       0x20 ./Middlewares/ST/STM32_USB_Device_Library/Class/CDC/Src/usbd_cdc.o
                0x0800aa40                USBD_CDC_GetDeviceQualifierDescriptor
 .text.USBD_CDC_RegisterInterface
                0x0800aa60       0x34 ./Middlewares/ST/STM32_USB_Device_Library/Class/CDC/Src/usbd_cdc.o
                0x0800aa60                USBD_CDC_RegisterInterface
 .text.USBD_CDC_SetTxBuffer
                0x0800aa94       0x44 ./Middlewares/ST/STM32_USB_Device_Library/Class/CDC/Src/usbd_cdc.o
                0x0800aa94                USBD_CDC_SetTxBuffer
 .text.USBD_CDC_SetRxBuffer
                0x0800aad8       0x3a ./Middlewares/ST/STM32_USB_Device_Library/Class/CDC/Src/usbd_cdc.o
                0x0800aad8                USBD_CDC_SetRxBuffer
 *fill*         0x0800ab12        0x2 
 .text.USBD_CDC_ReceivePacket
                0x0800ab14       0x6c ./Middlewares/ST/STM32_USB_Device_Library/Class/CDC/Src/usbd_cdc.o
                0x0800ab14                USBD_CDC_ReceivePacket
 .text.USBD_Init
                0x0800ab80       0x60 ./Middlewares/ST/STM32_USB_Device_Library/Core/Src/usbd_core.o
                0x0800ab80                USBD_Init
 .text.USBD_RegisterClass
                0x0800abe0       0x6c ./Middlewares/ST/STM32_USB_Device_Library/Core/Src/usbd_core.o
                0x0800abe0                USBD_RegisterClass
 .text.USBD_Start
                0x0800ac4c       0x18 ./Middlewares/ST/STM32_USB_Device_Library/Core/Src/usbd_core.o
                0x0800ac4c                USBD_Start
 .text.USBD_RunTestMode
                0x0800ac64       0x16 ./Middlewares/ST/STM32_USB_Device_Library/Core/Src/usbd_core.o
                0x0800ac64                USBD_RunTestMode
 .text.USBD_SetClassConfig
                0x0800ac7a       0x38 ./Middlewares/ST/STM32_USB_Device_Library/Core/Src/usbd_core.o
                0x0800ac7a                USBD_SetClassConfig
 .text.USBD_ClrClassConfig
                0x0800acb2       0x34 ./Middlewares/ST/STM32_USB_Device_Library/Core/Src/usbd_core.o
                0x0800acb2                USBD_ClrClassConfig
 .text.USBD_LL_SetupStage
                0x0800ace6       0xaa ./Middlewares/ST/STM32_USB_Device_Library/Core/Src/usbd_core.o
                0x0800ace6                USBD_LL_SetupStage
 .text.USBD_LL_DataOutStage
                0x0800ad90      0x178 ./Middlewares/ST/STM32_USB_Device_Library/Core/Src/usbd_core.o
                0x0800ad90                USBD_LL_DataOutStage
 .text.USBD_LL_DataInStage
                0x0800af08      0x176 ./Middlewares/ST/STM32_USB_Device_Library/Core/Src/usbd_core.o
                0x0800af08                USBD_LL_DataInStage
 .text.USBD_LL_Reset
                0x0800b07e       0xa6 ./Middlewares/ST/STM32_USB_Device_Library/Core/Src/usbd_core.o
                0x0800b07e                USBD_LL_Reset
 .text.USBD_LL_SetSpeed
                0x0800b124       0x20 ./Middlewares/ST/STM32_USB_Device_Library/Core/Src/usbd_core.o
                0x0800b124                USBD_LL_SetSpeed
 .text.USBD_LL_Suspend
                0x0800b144       0x38 ./Middlewares/ST/STM32_USB_Device_Library/Core/Src/usbd_core.o
                0x0800b144                USBD_LL_Suspend
 .text.USBD_LL_Resume
                0x0800b17c       0x30 ./Middlewares/ST/STM32_USB_Device_Library/Core/Src/usbd_core.o
                0x0800b17c                USBD_LL_Resume
 .text.USBD_LL_SOF
                0x0800b1ac       0x40 ./Middlewares/ST/STM32_USB_Device_Library/Core/Src/usbd_core.o
                0x0800b1ac                USBD_LL_SOF
 .text.USBD_LL_IsoINIncomplete
                0x0800b1ec       0x64 ./Middlewares/ST/STM32_USB_Device_Library/Core/Src/usbd_core.o
                0x0800b1ec                USBD_LL_IsoINIncomplete
 .text.USBD_LL_IsoOUTIncomplete
                0x0800b250       0x64 ./Middlewares/ST/STM32_USB_Device_Library/Core/Src/usbd_core.o
                0x0800b250                USBD_LL_IsoOUTIncomplete
 .text.USBD_LL_DevConnected
                0x0800b2b4       0x16 ./Middlewares/ST/STM32_USB_Device_Library/Core/Src/usbd_core.o
                0x0800b2b4                USBD_LL_DevConnected
 .text.USBD_LL_DevDisconnected
                0x0800b2ca       0x46 ./Middlewares/ST/STM32_USB_Device_Library/Core/Src/usbd_core.o
                0x0800b2ca                USBD_LL_DevDisconnected
 .text.USBD_CoreFindIF
                0x0800b310       0x1a ./Middlewares/ST/STM32_USB_Device_Library/Core/Src/usbd_core.o
                0x0800b310                USBD_CoreFindIF
 .text.USBD_CoreFindEP
                0x0800b32a       0x1a ./Middlewares/ST/STM32_USB_Device_Library/Core/Src/usbd_core.o
                0x0800b32a                USBD_CoreFindEP
 .text.USBD_GetEpDesc
                0x0800b344       0x70 ./Middlewares/ST/STM32_USB_Device_Library/Core/Src/usbd_core.o
                0x0800b344                USBD_GetEpDesc
 .text.USBD_GetNextDesc
                0x0800b3b4       0x38 ./Middlewares/ST/STM32_USB_Device_Library/Core/Src/usbd_core.o
                0x0800b3b4                USBD_GetNextDesc
 .text.SWAPBYTE
                0x0800b3ec       0x3e ./Middlewares/ST/STM32_USB_Device_Library/Core/Src/usbd_ctlreq.o
 *fill*         0x0800b42a        0x2 
 .text.USBD_StdDevReq
                0x0800b42c       0xe4 ./Middlewares/ST/STM32_USB_Device_Library/Core/Src/usbd_ctlreq.o
                0x0800b42c                USBD_StdDevReq
 .text.USBD_StdItfReq
                0x0800b510       0xd8 ./Middlewares/ST/STM32_USB_Device_Library/Core/Src/usbd_ctlreq.o
                0x0800b510                USBD_StdItfReq
 .text.USBD_StdEPReq
                0x0800b5e8      0x33e ./Middlewares/ST/STM32_USB_Device_Library/Core/Src/usbd_ctlreq.o
                0x0800b5e8                USBD_StdEPReq
 *fill*         0x0800b926        0x2 
 .text.USBD_GetDescriptor
                0x0800b928      0x2d4 ./Middlewares/ST/STM32_USB_Device_Library/Core/Src/usbd_ctlreq.o
 .text.USBD_SetAddress
                0x0800bbfc       0x88 ./Middlewares/ST/STM32_USB_Device_Library/Core/Src/usbd_ctlreq.o
 .text.USBD_SetConfig
                0x0800bc84      0x154 ./Middlewares/ST/STM32_USB_Device_Library/Core/Src/usbd_ctlreq.o
 .text.USBD_GetConfig
                0x0800bdd8       0x6c ./Middlewares/ST/STM32_USB_Device_Library/Core/Src/usbd_ctlreq.o
 .text.USBD_GetStatus
                0x0800be44       0x68 ./Middlewares/ST/STM32_USB_Device_Library/Core/Src/usbd_ctlreq.o
 .text.USBD_SetFeature
                0x0800beac       0x52 ./Middlewares/ST/STM32_USB_Device_Library/Core/Src/usbd_ctlreq.o
 .text.USBD_ClrFeature
                0x0800befe       0x44 ./Middlewares/ST/STM32_USB_Device_Library/Core/Src/usbd_ctlreq.o
 .text.USBD_ParseSetupRequest
                0x0800bf42       0x74 ./Middlewares/ST/STM32_USB_Device_Library/Core/Src/usbd_ctlreq.o
                0x0800bf42                USBD_ParseSetupRequest
 .text.USBD_CtlError
                0x0800bfb6       0x22 ./Middlewares/ST/STM32_USB_Device_Library/Core/Src/usbd_ctlreq.o
                0x0800bfb6                USBD_CtlError
 .text.USBD_GetString
                0x0800bfd8       0xa4 ./Middlewares/ST/STM32_USB_Device_Library/Core/Src/usbd_ctlreq.o
                0x0800bfd8                USBD_GetString
 .text.USBD_GetLen
                0x0800c07c       0x34 ./Middlewares/ST/STM32_USB_Device_Library/Core/Src/usbd_ctlreq.o
 .text.USBD_CtlSendData
                0x0800c0b0       0x3c ./Middlewares/ST/STM32_USB_Device_Library/Core/Src/usbd_ioreq.o
                0x0800c0b0                USBD_CtlSendData
 .text.USBD_CtlContinueSendData
                0x0800c0ec       0x22 ./Middlewares/ST/STM32_USB_Device_Library/Core/Src/usbd_ioreq.o
                0x0800c0ec                USBD_CtlContinueSendData
 .text.USBD_CtlPrepareRx
                0x0800c10e       0x42 ./Middlewares/ST/STM32_USB_Device_Library/Core/Src/usbd_ioreq.o
                0x0800c10e                USBD_CtlPrepareRx
 .text.USBD_CtlContinueRx
                0x0800c150       0x22 ./Middlewares/ST/STM32_USB_Device_Library/Core/Src/usbd_ioreq.o
                0x0800c150                USBD_CtlContinueRx
 .text.USBD_CtlSendStatus
                0x0800c172       0x26 ./Middlewares/ST/STM32_USB_Device_Library/Core/Src/usbd_ioreq.o
                0x0800c172                USBD_CtlSendStatus
 .text.USBD_CtlReceiveStatus
                0x0800c198       0x26 ./Middlewares/ST/STM32_USB_Device_Library/Core/Src/usbd_ioreq.o
                0x0800c198                USBD_CtlReceiveStatus
 *fill*         0x0800c1be        0x2 
 .text.MX_USB_DEVICE_Init
                0x0800c1c0       0x60 ./USB_DEVICE/App/usb_device.o
                0x0800c1c0                MX_USB_DEVICE_Init
 .text.CDC_Init_FS
                0x0800c220       0x28 ./USB_DEVICE/App/usbd_cdc_if.o
 .text.CDC_DeInit_FS
                0x0800c248       0x10 ./USB_DEVICE/App/usbd_cdc_if.o
 .text.CDC_Control_FS
                0x0800c258       0xbc ./USB_DEVICE/App/usbd_cdc_if.o
 .text.CDC_Receive_FS
                0x0800c314       0x28 ./USB_DEVICE/App/usbd_cdc_if.o
 .text.CDC_TransmitCplt_FS
                0x0800c33c       0x22 ./USB_DEVICE/App/usbd_cdc_if.o
 *fill*         0x0800c35e        0x2 
 .text.USBD_FS_DeviceDescriptor
                0x0800c360       0x24 ./USB_DEVICE/App/usbd_desc.o
                0x0800c360                USBD_FS_DeviceDescriptor
 .text.USBD_FS_LangIDStrDescriptor
                0x0800c384       0x24 ./USB_DEVICE/App/usbd_desc.o
                0x0800c384                USBD_FS_LangIDStrDescriptor
 .text.USBD_FS_ProductStrDescriptor
                0x0800c3a8       0x3c ./USB_DEVICE/App/usbd_desc.o
                0x0800c3a8                USBD_FS_ProductStrDescriptor
 .text.USBD_FS_ManufacturerStrDescriptor
                0x0800c3e4       0x28 ./USB_DEVICE/App/usbd_desc.o
                0x0800c3e4                USBD_FS_ManufacturerStrDescriptor
 .text.USBD_FS_SerialStrDescriptor
                0x0800c40c       0x24 ./USB_DEVICE/App/usbd_desc.o
                0x0800c40c                USBD_FS_SerialStrDescriptor
 .text.USBD_FS_ConfigStrDescriptor
                0x0800c430       0x3c ./USB_DEVICE/App/usbd_desc.o
                0x0800c430                USBD_FS_ConfigStrDescriptor
 .text.USBD_FS_InterfaceStrDescriptor
                0x0800c46c       0x3c ./USB_DEVICE/App/usbd_desc.o
                0x0800c46c                USBD_FS_InterfaceStrDescriptor
 .text.Get_SerialNum
                0x0800c4a8       0x58 ./USB_DEVICE/App/usbd_desc.o
 .text.IntToUnicode
                0x0800c500       0x7e ./USB_DEVICE/App/usbd_desc.o
 *fill*         0x0800c57e        0x2 
 .text.HAL_PCD_MspInit
                0x0800c580       0xa8 ./USB_DEVICE/Target/usbd_conf.o
                0x0800c580                HAL_PCD_MspInit
 .text.HAL_PCD_SetupStageCallback
                0x0800c628       0x24 ./USB_DEVICE/Target/usbd_conf.o
                0x0800c628                HAL_PCD_SetupStageCallback
 .text.HAL_PCD_DataOutStageCallback
                0x0800c64c       0x36 ./USB_DEVICE/Target/usbd_conf.o
                0x0800c64c                HAL_PCD_DataOutStageCallback
 .text.HAL_PCD_DataInStageCallback
                0x0800c682       0x34 ./USB_DEVICE/Target/usbd_conf.o
                0x0800c682                HAL_PCD_DataInStageCallback
 .text.HAL_PCD_SOFCallback
                0x0800c6b6       0x1c ./USB_DEVICE/Target/usbd_conf.o
                0x0800c6b6                HAL_PCD_SOFCallback
 .text.HAL_PCD_ResetCallback
                0x0800c6d2       0x50 ./USB_DEVICE/Target/usbd_conf.o
                0x0800c6d2                HAL_PCD_ResetCallback
 *fill*         0x0800c722        0x2 
 .text.HAL_PCD_SuspendCallback
                0x0800c724       0x4c ./USB_DEVICE/Target/usbd_conf.o
                0x0800c724                HAL_PCD_SuspendCallback
 .text.HAL_PCD_ResumeCallback
                0x0800c770       0x1c ./USB_DEVICE/Target/usbd_conf.o
                0x0800c770                HAL_PCD_ResumeCallback
 .text.HAL_PCD_ISOOUTIncompleteCallback
                0x0800c78c       0x24 ./USB_DEVICE/Target/usbd_conf.o
                0x0800c78c                HAL_PCD_ISOOUTIncompleteCallback
 .text.HAL_PCD_ISOINIncompleteCallback
                0x0800c7b0       0x24 ./USB_DEVICE/Target/usbd_conf.o
                0x0800c7b0                HAL_PCD_ISOINIncompleteCallback
 .text.HAL_PCD_ConnectCallback
                0x0800c7d4       0x1c ./USB_DEVICE/Target/usbd_conf.o
                0x0800c7d4                HAL_PCD_ConnectCallback
 .text.HAL_PCD_DisconnectCallback
                0x0800c7f0       0x1c ./USB_DEVICE/Target/usbd_conf.o
                0x0800c7f0                HAL_PCD_DisconnectCallback
 .text.USBD_LL_Init
                0x0800c80c       0x98 ./USB_DEVICE/Target/usbd_conf.o
                0x0800c80c                USBD_LL_Init
 .text.USBD_LL_Start
                0x0800c8a4       0x36 ./USB_DEVICE/Target/usbd_conf.o
                0x0800c8a4                USBD_LL_Start
 .text.USBD_LL_OpenEP
                0x0800c8da       0x4c ./USB_DEVICE/Target/usbd_conf.o
                0x0800c8da                USBD_LL_OpenEP
 .text.USBD_LL_CloseEP
                0x0800c926       0x3e ./USB_DEVICE/Target/usbd_conf.o
                0x0800c926                USBD_LL_CloseEP
 .text.USBD_LL_StallEP
                0x0800c964       0x3e ./USB_DEVICE/Target/usbd_conf.o
                0x0800c964                USBD_LL_StallEP
 .text.USBD_LL_ClearStallEP
                0x0800c9a2       0x3e ./USB_DEVICE/Target/usbd_conf.o
                0x0800c9a2                USBD_LL_ClearStallEP
 .text.USBD_LL_IsStallEP
                0x0800c9e0       0x58 ./USB_DEVICE/Target/usbd_conf.o
                0x0800c9e0                USBD_LL_IsStallEP
 .text.USBD_LL_SetUSBAddress
                0x0800ca38       0x3e ./USB_DEVICE/Target/usbd_conf.o
                0x0800ca38                USBD_LL_SetUSBAddress
 .text.USBD_LL_Transmit
                0x0800ca76       0x42 ./USB_DEVICE/Target/usbd_conf.o
                0x0800ca76                USBD_LL_Transmit
 .text.USBD_LL_PrepareReceive
                0x0800cab8       0x42 ./USB_DEVICE/Target/usbd_conf.o
                0x0800cab8                USBD_LL_PrepareReceive
 .text.USBD_LL_GetRxDataSize
                0x0800cafa       0x26 ./USB_DEVICE/Target/usbd_conf.o
                0x0800cafa                USBD_LL_GetRxDataSize
 .text.USBD_static_malloc
                0x0800cb20       0x1c ./USB_DEVICE/Target/usbd_conf.o
                0x0800cb20                USBD_static_malloc
 .text.USBD_static_free
                0x0800cb3c       0x14 ./USB_DEVICE/Target/usbd_conf.o
                0x0800cb3c                USBD_static_free
 .text.USBD_Get_USB_Status
                0x0800cb50       0x58 ./USB_DEVICE/Target/usbd_conf.o
                0x0800cb50                USBD_Get_USB_Status
 .text.__cvt    0x0800cba8       0xca C:/Apps/STM32CubeIDE_2.0.0/STM32CubeIDE/plugins/com.st.stm32cube.ide.mcu.externaltools.gnu-tools-for-stm32.13.3.rel1.win32_1.0.100.202509120712/tools/bin/../lib/gcc/arm-none-eabi/13.3.1/../../../../arm-none-eabi/lib/thumb/v7e-m+fp/hard\libc_nano.a(libc_a-nano-vfprintf_float.o)
                0x0800cba8                __cvt
 .text.__exponent
                0x0800cc72       0x74 C:/Apps/STM32CubeIDE_2.0.0/STM32CubeIDE/plugins/com.st.stm32cube.ide.mcu.externaltools.gnu-tools-for-stm32.13.3.rel1.win32_1.0.100.202509120712/tools/bin/../lib/gcc/arm-none-eabi/13.3.1/../../../../arm-none-eabi/lib/thumb/v7e-m+fp/hard\libc_nano.a(libc_a-nano-vfprintf_float.o)
                0x0800cc72                __exponent
 *fill*         0x0800cce6        0x2 
 .text._printf_float
                0x0800cce8      0x454 C:/Apps/STM32CubeIDE_2.0.0/STM32CubeIDE/plugins/com.st.stm32cube.ide.mcu.externaltools.gnu-tools-for-stm32.13.3.rel1.win32_1.0.100.202509120712/tools/bin/../lib/gcc/arm-none-eabi/13.3.1/../../../../arm-none-eabi/lib/thumb/v7e-m+fp/hard\libc_nano.a(libc_a-nano-vfprintf_float.o)
                0x0800cce8                _printf_float
 .text._printf_common
                0x0800d13c       0xda C:/Apps/STM32CubeIDE_2.0.0/STM32CubeIDE/plugins/com.st.stm32cube.ide.mcu.externaltools.gnu-tools-for-stm32.13.3.rel1.win32_1.0.100.202509120712/tools/bin/../lib/gcc/arm-none-eabi/13.3.1/../../../../arm-none-eabi/lib/thumb/v7e-m+fp/hard\libc_nano.a(libc_a-nano-vfprintf_i.o)
                0x0800d13c                _printf_common
 *fill*         0x0800d216        0x2 
 .text._printf_i
                0x0800d218      0x23c C:/Apps/STM32CubeIDE_2.0.0/STM32CubeIDE/plugins/com.st.stm32cube.ide.mcu.externaltools.gnu-tools-for-stm32.13.3.rel1.win32_1.0.100.202509120712/tools/bin/../lib/gcc/arm-none-eabi/13.3.1/../../../../arm-none-eabi/lib/thumb/v7e-m+fp/hard\libc_nano.a(libc_a-nano-vfprintf_i.o)
                0x0800d218                _printf_i
 .text.std      0x0800d454       0x6c C:/Apps/STM32CubeIDE_2.0.0/STM32CubeIDE/plugins/com.st.stm32cube.ide.mcu.externaltools.gnu-tools-for-stm32.13.3.rel1.win32_1.0.100.202509120712/tools/bin/../lib/gcc/arm-none-eabi/13.3.1/../../../../arm-none-eabi/lib/thumb/v7e-m+fp/hard\libc_nano.a(libc_a-findfp.o)
 .text.stdio_exit_handler
                0x0800d4c0       0x18 C:/Apps/STM32CubeIDE_2.0.0/STM32CubeIDE/plugins/com.st.stm32cube.ide.mcu.externaltools.gnu-tools-for-stm32.13.3.rel1.win32_1.0.100.202509120712/tools/bin/../lib/gcc/arm-none-eabi/13.3.1/../../../../arm-none-eabi/lib/thumb/v7e-m+fp/hard\libc_nano.a(libc_a-findfp.o)
 .text.cleanup_stdio
                0x0800d4d8       0x40 C:/Apps/STM32CubeIDE_2.0.0/STM32CubeIDE/plugins/com.st.stm32cube.ide.mcu.externaltools.gnu-tools-for-stm32.13.3.rel1.win32_1.0.100.202509120712/tools/bin/../lib/gcc/arm-none-eabi/13.3.1/../../../../arm-none-eabi/lib/thumb/v7e-m+fp/hard\libc_nano.a(libc_a-findfp.o)
 .text.global_stdio_init.part.0
                0x0800d518       0x3c C:/Apps/STM32CubeIDE_2.0.0/STM32CubeIDE/plugins/com.st.stm32cube.ide.mcu.externaltools.gnu-tools-for-stm32.13.3.rel1.win32_1.0.100.202509120712/tools/bin/../lib/gcc/arm-none-eabi/13.3.1/../../../../arm-none-eabi/lib/thumb/v7e-m+fp/hard\libc_nano.a(libc_a-findfp.o)
 .text.__sfp_lock_acquire
                0x0800d554        0xc C:/Apps/STM32CubeIDE_2.0.0/STM32CubeIDE/plugins/com.st.stm32cube.ide.mcu.externaltools.gnu-tools-for-stm32.13.3.rel1.win32_1.0.100.202509120712/tools/bin/../lib/gcc/arm-none-eabi/13.3.1/../../../../arm-none-eabi/lib/thumb/v7e-m+fp/hard\libc_nano.a(libc_a-findfp.o)
                0x0800d554                __sfp_lock_acquire
 .text.__sfp_lock_release
                0x0800d560        0xc C:/Apps/STM32CubeIDE_2.0.0/STM32CubeIDE/plugins/com.st.stm32cube.ide.mcu.externaltools.gnu-tools-for-stm32.13.3.rel1.win32_1.0.100.202509120712/tools/bin/../lib/gcc/arm-none-eabi/13.3.1/../../../../arm-none-eabi/lib/thumb/v7e-m+fp/hard\libc_nano.a(libc_a-findfp.o)
                0x0800d560                __sfp_lock_release
 .text.__sinit  0x0800d56c       0x30 C:/Apps/STM32CubeIDE_2.0.0/STM32CubeIDE/plugins/com.st.stm32cube.ide.mcu.externaltools.gnu-tools-for-stm32.13.3.rel1.win32_1.0.100.202509120712/tools/bin/../lib/gcc/arm-none-eabi/13.3.1/../../../../arm-none-eabi/lib/thumb/v7e-m+fp/hard\libc_nano.a(libc_a-findfp.o)
                0x0800d56c                __sinit
 .text._fwalk_sglue
                0x0800d59c       0x3c C:/Apps/STM32CubeIDE_2.0.0/STM32CubeIDE/plugins/com.st.stm32cube.ide.mcu.externaltools.gnu-tools-for-stm32.13.3.rel1.win32_1.0.100.202509120712/tools/bin/../lib/gcc/arm-none-eabi/13.3.1/../../../../arm-none-eabi/lib/thumb/v7e-m+fp/hard\libc_nano.a(libc_a-fwalk.o)
                0x0800d59c                _fwalk_sglue
 .text.sprintf  0x0800d5d8       0x44 C:/Apps/STM32CubeIDE_2.0.0/STM32CubeIDE/plugins/com.st.stm32cube.ide.mcu.externaltools.gnu-tools-for-stm32.13.3.rel1.win32_1.0.100.202509120712/tools/bin/../lib/gcc/arm-none-eabi/13.3.1/../../../../arm-none-eabi/lib/thumb/v7e-m+fp/hard\libc_nano.a(libc_a-sprintf.o)
                0x0800d5d8                siprintf
                0x0800d5d8                sprintf
 .text.__sread  0x0800d61c       0x22 C:/Apps/STM32CubeIDE_2.0.0/STM32CubeIDE/plugins/com.st.stm32cube.ide.mcu.externaltools.gnu-tools-for-stm32.13.3.rel1.win32_1.0.100.202509120712/tools/bin/../lib/gcc/arm-none-eabi/13.3.1/../../../../arm-none-eabi/lib/thumb/v7e-m+fp/hard\libc_nano.a(libc_a-stdio.o)
                0x0800d61c                __sread
 .text.__swrite
                0x0800d63e       0x38 C:/Apps/STM32CubeIDE_2.0.0/STM32CubeIDE/plugins/com.st.stm32cube.ide.mcu.externaltools.gnu-tools-for-stm32.13.3.rel1.win32_1.0.100.202509120712/tools/bin/../lib/gcc/arm-none-eabi/13.3.1/../../../../arm-none-eabi/lib/thumb/v7e-m+fp/hard\libc_nano.a(libc_a-stdio.o)
                0x0800d63e                __swrite
 .text.__sseek  0x0800d676       0x24 C:/Apps/STM32CubeIDE_2.0.0/STM32CubeIDE/plugins/com.st.stm32cube.ide.mcu.externaltools.gnu-tools-for-stm32.13.3.rel1.win32_1.0.100.202509120712/tools/bin/../lib/gcc/arm-none-eabi/13.3.1/../../../../arm-none-eabi/lib/thumb/v7e-m+fp/hard\libc_nano.a(libc_a-stdio.o)
                0x0800d676                __sseek
 .text.__sclose
                0x0800d69a        0x8 C:/Apps/STM32CubeIDE_2.0.0/STM32CubeIDE/plugins/com.st.stm32cube.ide.mcu.externaltools.gnu-tools-for-stm32.13.3.rel1.win32_1.0.100.202509120712/tools/bin/../lib/gcc/arm-none-eabi/13.3.1/../../../../arm-none-eabi/lib/thumb/v7e-m+fp/hard\libc_nano.a(libc_a-stdio.o)
                0x0800d69a                __sclose
 .text.memset   0x0800d6a2       0x10 C:/Apps/STM32CubeIDE_2.0.0/STM32CubeIDE/plugins/com.st.stm32cube.ide.mcu.externaltools.gnu-tools-for-stm32.13.3.rel1.win32_1.0.100.202509120712/tools/bin/../lib/gcc/arm-none-eabi/13.3.1/../../../../arm-none-eabi/lib/thumb/v7e-m+fp/hard\libc_nano.a(libc_a-memset.o)
                0x0800d6a2                memset
 *fill*         0x0800d6b2        0x2 
 .text._localeconv_r
                0x0800d6b4        0x8 C:/Apps/STM32CubeIDE_2.0.0/STM32CubeIDE/plugins/com.st.stm32cube.ide.mcu.externaltools.gnu-tools-for-stm32.13.3.rel1.win32_1.0.100.202509120712/tools/bin/../lib/gcc/arm-none-eabi/13.3.1/../../../../arm-none-eabi/lib/thumb/v7e-m+fp/hard\libc_nano.a(libc_a-localeconv.o)
                0x0800d6b4                _localeconv_r
 .text._close_r
                0x0800d6bc       0x20 C:/Apps/STM32CubeIDE_2.0.0/STM32CubeIDE/plugins/com.st.stm32cube.ide.mcu.externaltools.gnu-tools-for-stm32.13.3.rel1.win32_1.0.100.202509120712/tools/bin/../lib/gcc/arm-none-eabi/13.3.1/../../../../arm-none-eabi/lib/thumb/v7e-m+fp/hard\libc_nano.a(libc_a-closer.o)
                0x0800d6bc                _close_r
 .text._lseek_r
                0x0800d6dc       0x24 C:/Apps/STM32CubeIDE_2.0.0/STM32CubeIDE/plugins/com.st.stm32cube.ide.mcu.externaltools.gnu-tools-for-stm32.13.3.rel1.win32_1.0.100.202509120712/tools/bin/../lib/gcc/arm-none-eabi/13.3.1/../../../../arm-none-eabi/lib/thumb/v7e-m+fp/hard\libc_nano.a(libc_a-lseekr.o)
                0x0800d6dc                _lseek_r
 .text._read_r  0x0800d700       0x24 C:/Apps/STM32CubeIDE_2.0.0/STM32CubeIDE/plugins/com.st.stm32cube.ide.mcu.externaltools.gnu-tools-for-stm32.13.3.rel1.win32_1.0.100.202509120712/tools/bin/../lib/gcc/arm-none-eabi/13.3.1/../../../../arm-none-eabi/lib/thumb/v7e-m+fp/hard\libc_nano.a(libc_a-readr.o)
                0x0800d700                _read_r
 .text._write_r
                0x0800d724       0x24 C:/Apps/STM32CubeIDE_2.0.0/STM32CubeIDE/plugins/com.st.stm32cube.ide.mcu.externaltools.gnu-tools-for-stm32.13.3.rel1.win32_1.0.100.202509120712/tools/bin/../lib/gcc/arm-none-eabi/13.3.1/../../../../arm-none-eabi/lib/thumb/v7e-m+fp/hard\libc_nano.a(libc_a-writer.o)
                0x0800d724                _write_r
 .text.__errno  0x0800d748        0xc C:/Apps/STM32CubeIDE_2.0.0/STM32CubeIDE/plugins/com.st.stm32cube.ide.mcu.externaltools.gnu-tools-for-stm32.13.3.rel1.win32_1.0.100.202509120712/tools/bin/../lib/gcc/arm-none-eabi/13.3.1/../../../../arm-none-eabi/lib/thumb/v7e-m+fp/hard\libc_nano.a(libc_a-errno.o)
                0x0800d748                __errno
 .text.__libc_init_array
                0x0800d754       0x48 C:/Apps/STM32CubeIDE_2.0.0/STM32CubeIDE/plugins/com.st.stm32cube.ide.mcu.externaltools.gnu-tools-for-stm32.13.3.rel1.win32_1.0.100.202509120712/tools/bin/../lib/gcc/arm-none-eabi/13.3.1/../../../../arm-none-eabi/lib/thumb/v7e-m+fp/hard\libc_nano.a(libc_a-init.o)
                0x0800d754                __libc_init_array
 .text.__retarget_lock_init_recursive
                0x0800d79c        0x2 C:/Apps/STM32CubeIDE_2.0.0/STM32CubeIDE/plugins/com.st.stm32cube.ide.mcu.externaltools.gnu-tools-for-stm32.13.3.rel1.win32_1.0.100.202509120712/tools/bin/../lib/gcc/arm-none-eabi/13.3.1/../../../../arm-none-eabi/lib/thumb/v7e-m+fp/hard\libc_nano.a(libc_a-lock.o)
                0x0800d79c                __retarget_lock_init_recursive
 .text.__retarget_lock_acquire_recursive
                0x0800d79e        0x2 C:/Apps/STM32CubeIDE_2.0.0/STM32CubeIDE/plugins/com.st.stm32cube.ide.mcu.externaltools.gnu-tools-for-stm32.13.3.rel1.win32_1.0.100.202509120712/tools/bin/../lib/gcc/arm-none-eabi/13.3.1/../../../../arm-none-eabi/lib/thumb/v7e-m+fp/hard\libc_nano.a(libc_a-lock.o)
                0x0800d79e                __retarget_lock_acquire_recursive
 .text.__retarget_lock_release_recursive
                0x0800d7a0        0x2 C:/Apps/STM32CubeIDE_2.0.0/STM32CubeIDE/plugins/com.st.stm32cube.ide.mcu.externaltools.gnu-tools-for-stm32.13.3.rel1.win32_1.0.100.202509120712/tools/bin/../lib/gcc/arm-none-eabi/13.3.1/../../../../arm-none-eabi/lib/thumb/v7e-m+fp/hard\libc_nano.a(libc_a-lock.o)
                0x0800d7a0                __retarget_lock_release_recursive
 .text.memcpy   0x0800d7a2       0x1c C:/Apps/STM32CubeIDE_2.0.0/STM32CubeIDE/plugins/com.st.stm32cube.ide.mcu.externaltools.gnu-tools-for-stm32.13.3.rel1.win32_1.0.100.202509120712/tools/bin/../lib/gcc/arm-none-eabi/13.3.1/../../../../arm-none-eabi/lib/thumb/v7e-m+fp/hard\libc_nano.a(libc_a-memcpy-stub.o)
                0x0800d7a2                memcpy
 .text.quorem   0x0800d7be      0x110 C:/Apps/STM32CubeIDE_2.0.0/STM32CubeIDE/plugins/com.st.stm32cube.ide.mcu.externaltools.gnu-tools-for-stm32.13.3.rel1.win32_1.0.100.202509120712/tools/bin/../lib/gcc/arm-none-eabi/13.3.1/../../../../arm-none-eabi/lib/thumb/v7e-m+fp/hard\libc_nano.a(libc_a-dtoa.o)
 *fill*         0x0800d8ce        0x2 
 .text._dtoa_r  0x0800d8d0      0xba0 C:/Apps/STM32CubeIDE_2.0.0/STM32CubeIDE/plugins/com.st.stm32cube.ide.mcu.externaltools.gnu-tools-for-stm32.13.3.rel1.win32_1.0.100.202509120712/tools/bin/../lib/gcc/arm-none-eabi/13.3.1/../../../../arm-none-eabi/lib/thumb/v7e-m+fp/hard\libc_nano.a(libc_a-dtoa.o)
                0x0800d8d0                _dtoa_r
 .text._free_r  0x0800e470       0x94 C:/Apps/STM32CubeIDE_2.0.0/STM32CubeIDE/plugins/com.st.stm32cube.ide.mcu.externaltools.gnu-tools-for-stm32.13.3.rel1.win32_1.0.100.202509120712/tools/bin/../lib/gcc/arm-none-eabi/13.3.1/../../../../arm-none-eabi/lib/thumb/v7e-m+fp/hard\libc_nano.a(libc_a-freer.o)
                0x0800e470                _free_r
 .text.malloc   0x0800e504       0x10 C:/Apps/STM32CubeIDE_2.0.0/STM32CubeIDE/plugins/com.st.stm32cube.ide.mcu.externaltools.gnu-tools-for-stm32.13.3.rel1.win32_1.0.100.202509120712/tools/bin/../lib/gcc/arm-none-eabi/13.3.1/../../../../arm-none-eabi/lib/thumb/v7e-m+fp/hard\libc_nano.a(libc_a-malloc.o)
                0x0800e504                malloc
 .text.sbrk_aligned
                0x0800e514       0x44 C:/Apps/STM32CubeIDE_2.0.0/STM32CubeIDE/plugins/com.st.stm32cube.ide.mcu.externaltools.gnu-tools-for-stm32.13.3.rel1.win32_1.0.100.202509120712/tools/bin/../lib/gcc/arm-none-eabi/13.3.1/../../../../arm-none-eabi/lib/thumb/v7e-m+fp/hard\libc_nano.a(libc_a-mallocr.o)
 .text._malloc_r
                0x0800e558      0x100 C:/Apps/STM32CubeIDE_2.0.0/STM32CubeIDE/plugins/com.st.stm32cube.ide.mcu.externaltools.gnu-tools-for-stm32.13.3.rel1.win32_1.0.100.202509120712/tools/bin/../lib/gcc/arm-none-eabi/13.3.1/../../../../arm-none-eabi/lib/thumb/v7e-m+fp/hard\libc_nano.a(libc_a-mallocr.o)
                0x0800e558                _malloc_r
 .text.__malloc_lock
                0x0800e658        0xc C:/Apps/STM32CubeIDE_2.0.0/STM32CubeIDE/plugins/com.st.stm32cube.ide.mcu.externaltools.gnu-tools-for-stm32.13.3.rel1.win32_1.0.100.202509120712/tools/bin/../lib/gcc/arm-none-eabi/13.3.1/../../../../arm-none-eabi/lib/thumb/v7e-m+fp/hard\libc_nano.a(libc_a-mlock.o)
                0x0800e658                __malloc_lock
 .text.__malloc_unlock
                0x0800e664        0xc C:/Apps/STM32CubeIDE_2.0.0/STM32CubeIDE/plugins/com.st.stm32cube.ide.mcu.externaltools.gnu-tools-for-stm32.13.3.rel1.win32_1.0.100.202509120712/tools/bin/../lib/gcc/arm-none-eabi/13.3.1/../../../../arm-none-eabi/lib/thumb/v7e-m+fp/hard\libc_nano.a(libc_a-mlock.o)
                0x0800e664                __malloc_unlock
 .text._Balloc  0x0800e670       0x80 C:/Apps/STM32CubeIDE_2.0.0/STM32CubeIDE/plugins/com.st.stm32cube.ide.mcu.externaltools.gnu-tools-for-stm32.13.3.rel1.win32_1.0.100.202509120712/tools/bin/../lib/gcc/arm-none-eabi/13.3.1/../../../../arm-none-eabi/lib/thumb/v7e-m+fp/hard\libc_nano.a(libc_a-mprec.o)
                0x0800e670                _Balloc
 .text._Bfree   0x0800e6f0       0x44 C:/Apps/STM32CubeIDE_2.0.0/STM32CubeIDE/plugins/com.st.stm32cube.ide.mcu.externaltools.gnu-tools-for-stm32.13.3.rel1.win32_1.0.100.202509120712/tools/bin/../lib/gcc/arm-none-eabi/13.3.1/../../../../arm-none-eabi/lib/thumb/v7e-m+fp/hard\libc_nano.a(libc_a-mprec.o)
                0x0800e6f0                _Bfree
 .text.__multadd
                0x0800e734       0x8c C:/Apps/STM32CubeIDE_2.0.0/STM32CubeIDE/plugins/com.st.stm32cube.ide.mcu.externaltools.gnu-tools-for-stm32.13.3.rel1.win32_1.0.100.202509120712/tools/bin/../lib/gcc/arm-none-eabi/13.3.1/../../../../arm-none-eabi/lib/thumb/v7e-m+fp/hard\libc_nano.a(libc_a-mprec.o)
                0x0800e734                __multadd
 .text.__hi0bits
                0x0800e7c0       0x3e C:/Apps/STM32CubeIDE_2.0.0/STM32CubeIDE/plugins/com.st.stm32cube.ide.mcu.externaltools.gnu-tools-for-stm32.13.3.rel1.win32_1.0.100.202509120712/tools/bin/../lib/gcc/arm-none-eabi/13.3.1/../../../../arm-none-eabi/lib/thumb/v7e-m+fp/hard\libc_nano.a(libc_a-mprec.o)
                0x0800e7c0                __hi0bits
 .text.__lo0bits
                0x0800e7fe       0x5a C:/Apps/STM32CubeIDE_2.0.0/STM32CubeIDE/plugins/com.st.stm32cube.ide.mcu.externaltools.gnu-tools-for-stm32.13.3.rel1.win32_1.0.100.202509120712/tools/bin/../lib/gcc/arm-none-eabi/13.3.1/../../../../arm-none-eabi/lib/thumb/v7e-m+fp/hard\libc_nano.a(libc_a-mprec.o)
                0x0800e7fe                __lo0bits
 .text.__i2b    0x0800e858       0x2c C:/Apps/STM32CubeIDE_2.0.0/STM32CubeIDE/plugins/com.st.stm32cube.ide.mcu.externaltools.gnu-tools-for-stm32.13.3.rel1.win32_1.0.100.202509120712/tools/bin/../lib/gcc/arm-none-eabi/13.3.1/../../../../arm-none-eabi/lib/thumb/v7e-m+fp/hard\libc_nano.a(libc_a-mprec.o)
                0x0800e858                __i2b
 .text.__multiply
                0x0800e884      0x144 C:/Apps/STM32CubeIDE_2.0.0/STM32CubeIDE/plugins/com.st.stm32cube.ide.mcu.externaltools.gnu-tools-for-stm32.13.3.rel1.win32_1.0.100.202509120712/tools/bin/../lib/gcc/arm-none-eabi/13.3.1/../../../../arm-none-eabi/lib/thumb/v7e-m+fp/hard\libc_nano.a(libc_a-mprec.o)
                0x0800e884                __multiply
 .text.__pow5mult
                0x0800e9c8       0xb4 C:/Apps/STM32CubeIDE_2.0.0/STM32CubeIDE/plugins/com.st.stm32cube.ide.mcu.externaltools.gnu-tools-for-stm32.13.3.rel1.win32_1.0.100.202509120712/tools/bin/../lib/gcc/arm-none-eabi/13.3.1/../../../../arm-none-eabi/lib/thumb/v7e-m+fp/hard\libc_nano.a(libc_a-mprec.o)
                0x0800e9c8                __pow5mult
 .text.__lshift
                0x0800ea7c       0xd8 C:/Apps/STM32CubeIDE_2.0.0/STM32CubeIDE/plugins/com.st.stm32cube.ide.mcu.externaltools.gnu-tools-for-stm32.13.3.rel1.win32_1.0.100.202509120712/tools/bin/../lib/gcc/arm-none-eabi/13.3.1/../../../../arm-none-eabi/lib/thumb/v7e-m+fp/hard\libc_nano.a(libc_a-mprec.o)
                0x0800ea7c                __lshift
 .text.__mcmp   0x0800eb54       0x36 C:/Apps/STM32CubeIDE_2.0.0/STM32CubeIDE/plugins/com.st.stm32cube.ide.mcu.externaltools.gnu-tools-for-stm32.13.3.rel1.win32_1.0.100.202509120712/tools/bin/../lib/gcc/arm-none-eabi/13.3.1/../../../../arm-none-eabi/lib/thumb/v7e-m+fp/hard\libc_nano.a(libc_a-mprec.o)
                0x0800eb54                __mcmp
 *fill*         0x0800eb8a        0x2 
 .text.__mdiff  0x0800eb8c      0x128 C:/Apps/STM32CubeIDE_2.0.0/STM32CubeIDE/plugins/com.st.stm32cube.ide.mcu.externaltools.gnu-tools-for-stm32.13.3.rel1.win32_1.0.100.202509120712/tools/bin/../lib/gcc/arm-none-eabi/13.3.1/../../../../arm-none-eabi/lib/thumb/v7e-m+fp/hard\libc_nano.a(libc_a-mprec.o)
                0x0800eb8c                __mdiff
 .text.__d2b    0x0800ecb4       0xb0 C:/Apps/STM32CubeIDE_2.0.0/STM32CubeIDE/plugins/com.st.stm32cube.ide.mcu.externaltools.gnu-tools-for-stm32.13.3.rel1.win32_1.0.100.202509120712/tools/bin/../lib/gcc/arm-none-eabi/13.3.1/../../../../arm-none-eabi/lib/thumb/v7e-m+fp/hard\libc_nano.a(libc_a-mprec.o)
                0x0800ecb4                __d2b
 .text.__ssputs_r
                0x0800ed64       0xb6 C:/Apps/STM32CubeIDE_2.0.0/STM32CubeIDE/plugins/com.st.stm32cube.ide.mcu.externaltools.gnu-tools-for-stm32.13.3.rel1.win32_1.0.100.202509120712/tools/bin/../lib/gcc/arm-none-eabi/13.3.1/../../../../arm-none-eabi/lib/thumb/v7e-m+fp/hard\libc_nano.a(libc_a-nano-svfprintf.o)
                0x0800ed64                __ssputs_r
 *fill*         0x0800ee1a        0x2 
 .text._svfprintf_r
                0x0800ee1c      0x1f8 C:/Apps/STM32CubeIDE_2.0.0/STM32CubeIDE/plugins/com.st.stm32cube.ide.mcu.externaltools.gnu-tools-for-stm32.13.3.rel1.win32_1.0.100.202509120712/tools/bin/../lib/gcc/arm-none-eabi/13.3.1/../../../../arm-none-eabi/lib/thumb/v7e-m+fp/hard\libc_nano.a(libc_a-nano-svfprintf.o)
                0x0800ee1c                _svfiprintf_r
                0x0800ee1c                _svfprintf_r
 .text.__sflush_r
                0x0800f014      0x108 C:/Apps/STM32CubeIDE_2.0.0/STM32CubeIDE/plugins/com.st.stm32cube.ide.mcu.externaltools.gnu-tools-for-stm32.13.3.rel1.win32_1.0.100.202509120712/tools/bin/../lib/gcc/arm-none-eabi/13.3.1/../../../../arm-none-eabi/lib/thumb/v7e-m+fp/hard\libc_nano.a(libc_a-fflush.o)
                0x0800f014                __sflush_r
 .text._fflush_r
                0x0800f11c       0x50 C:/Apps/STM32CubeIDE_2.0.0/STM32CubeIDE/plugins/com.st.stm32cube.ide.mcu.externaltools.gnu-tools-for-stm32.13.3.rel1.win32_1.0.100.202509120712/tools/bin/../lib/gcc/arm-none-eabi/13.3.1/../../../../arm-none-eabi/lib/thumb/v7e-m+fp/hard\libc_nano.a(libc_a-fflush.o)
                0x0800f11c                _fflush_r
 .text.memmove  0x0800f16c       0x34 C:/Apps/STM32CubeIDE_2.0.0/STM32CubeIDE/plugins/com.st.stm32cube.ide.mcu.externaltools.gnu-tools-for-stm32.13.3.rel1.win32_1.0.100.202509120712/tools/bin/../lib/gcc/arm-none-eabi/13.3.1/../../../../arm-none-eabi/lib/thumb/v7e-m+fp/hard\libc_nano.a(libc_a-memmove.o)
                0x0800f16c                memmove
 .text._sbrk_r  0x0800f1a0       0x20 C:/Apps/STM32CubeIDE_2.0.0/STM32CubeIDE/plugins/com.st.stm32cube.ide.mcu.externaltools.gnu-tools-for-stm32.13.3.rel1.win32_1.0.100.202509120712/tools/bin/../lib/gcc/arm-none-eabi/13.3.1/../../../../arm-none-eabi/lib/thumb/v7e-m+fp/hard\libc_nano.a(libc_a-sbrkr.o)
                0x0800f1a0                _sbrk_r
 .text.__assert_func
                0x0800f1c0       0x3c C:/Apps/STM32CubeIDE_2.0.0/STM32CubeIDE/plugins/com.st.stm32cube.ide.mcu.externaltools.gnu-tools-for-stm32.13.3.rel1.win32_1.0.100.202509120712/tools/bin/../lib/gcc/arm-none-eabi/13.3.1/../../../../arm-none-eabi/lib/thumb/v7e-m+fp/hard\libc_nano.a(libc_a-assert.o)
                0x0800f1c0                __assert_func
 .text._calloc_r
                0x0800f1fc       0x28 C:/Apps/STM32CubeIDE_2.0.0/STM32CubeIDE/plugins/com.st.stm32cube.ide.mcu.externaltools.gnu-tools-for-stm32.13.3.rel1.win32_1.0.100.202509120712/tools/bin/../lib/gcc/arm-none-eabi/13.3.1/../../../../arm-none-eabi/lib/thumb/v7e-m+fp/hard\libc_nano.a(libc_a-callocr.o)
                0x0800f1fc                _calloc_r
 .text.__ascii_mbtowc
                0x0800f224       0x24 C:/Apps/STM32CubeIDE_2.0.0/STM32CubeIDE/plugins/com.st.stm32cube.ide.mcu.externaltools.gnu-tools-for-stm32.13.3.rel1.win32_1.0.100.202509120712/tools/bin/../lib/gcc/arm-none-eabi/13.3.1/../../../../arm-none-eabi/lib/thumb/v7e-m+fp/hard\libc_nano.a(libc_a-mbtowc_r.o)
                0x0800f224                __ascii_mbtowc
 .text._realloc_r
                0x0800f248       0x5c C:/Apps/STM32CubeIDE_2.0.0/STM32CubeIDE/plugins/com.st.stm32cube.ide.mcu.externaltools.gnu-tools-for-stm32.13.3.rel1.win32_1.0.100.202509120712/tools/bin/../lib/gcc/arm-none-eabi/13.3.1/../../../../arm-none-eabi/lib/thumb/v7e-m+fp/hard\libc_nano.a(libc_a-reallocr.o)
                0x0800f248                _realloc_r
 .text.__ascii_wctomb
                0x0800f2a4       0x1a C:/Apps/STM32CubeIDE_2.0.0/STM32CubeIDE/plugins/com.st.stm32cube.ide.mcu.externaltools.gnu-tools-for-stm32.13.3.rel1.win32_1.0.100.202509120712/tools/bin/../lib/gcc/arm-none-eabi/13.3.1/../../../../arm-none-eabi/lib/thumb/v7e-m+fp/hard\libc_nano.a(libc_a-wctomb_r.o)
                0x0800f2a4                __ascii_wctomb
 *fill*         0x0800f2be        0x2 
 .text.fprintf  0x0800f2c0       0x24 C:/Apps/STM32CubeIDE_2.0.0/STM32CubeIDE/plugins/com.st.stm32cube.ide.mcu.externaltools.gnu-tools-for-stm32.13.3.rel1.win32_1.0.100.202509120712/tools/bin/../lib/gcc/arm-none-eabi/13.3.1/../../../../arm-none-eabi/lib/thumb/v7e-m+fp/hard\libc_nano.a(libc_a-fprintf.o)
                0x0800f2c0                fiprintf
                0x0800f2c0                fprintf
 .text.abort    0x0800f2e4        0xe C:/Apps/STM32CubeIDE_2.0.0/STM32CubeIDE/plugins/com.st.stm32cube.ide.mcu.externaltools.gnu-tools-for-stm32.13.3.rel1.win32_1.0.100.202509120712/tools/bin/../lib/gcc/arm-none-eabi/13.3.1/../../../../arm-none-eabi/lib/thumb/v7e-m+fp/hard\libc_nano.a(libc_a-abort.o)
                0x0800f2e4                abort
 .text._malloc_usable_size_r
                0x0800f2f2       0x10 C:/Apps/STM32CubeIDE_2.0.0/STM32CubeIDE/plugins/com.st.stm32cube.ide.mcu.externaltools.gnu-tools-for-stm32.13.3.rel1.win32_1.0.100.202509120712/tools/bin/../lib/gcc/arm-none-eabi/13.3.1/../../../../arm-none-eabi/lib/thumb/v7e-m+fp/hard\libc_nano.a(libc_a-msizer.o)
                0x0800f2f2                _malloc_usable_size_r
 .text.__sfputc_r
                0x0800f302       0x2e C:/Apps/STM32CubeIDE_2.0.0/STM32CubeIDE/plugins/com.st.stm32cube.ide.mcu.externaltools.gnu-tools-for-stm32.13.3.rel1.win32_1.0.100.202509120712/tools/bin/../lib/gcc/arm-none-eabi/13.3.1/../../../../arm-none-eabi/lib/thumb/v7e-m+fp/hard\libc_nano.a(libc_a-nano-vfprintf.o)
 .text.__sfputs_r
                0x0800f330       0x24 C:/Apps/STM32CubeIDE_2.0.0/STM32CubeIDE/plugins/com.st.stm32cube.ide.mcu.externaltools.gnu-tools-for-stm32.13.3.rel1.win32_1.0.100.202509120712/tools/bin/../lib/gcc/arm-none-eabi/13.3.1/../../../../arm-none-eabi/lib/thumb/v7e-m+fp/hard\libc_nano.a(libc_a-nano-vfprintf.o)
                0x0800f330                __sfputs_r
 .text._vfprintf_r
                0x0800f354      0x230 C:/Apps/STM32CubeIDE_2.0.0/STM32CubeIDE/plugins/com.st.stm32cube.ide.mcu.externaltools.gnu-tools-for-stm32.13.3.rel1.win32_1.0.100.202509120712/tools/bin/../lib/gcc/arm-none-eabi/13.3.1/../../../../arm-none-eabi/lib/thumb/v7e-m+fp/hard\libc_nano.a(libc_a-nano-vfprintf.o)
                0x0800f354                _vfprintf_r
                0x0800f354                _vfiprintf_r
 .text.__swbuf_r
                0x0800f584       0x7c C:/Apps/STM32CubeIDE_2.0.0/STM32CubeIDE/plugins/com.st.stm32cube.ide.mcu.externaltools.gnu-tools-for-stm32.13.3.rel1.win32_1.0.100.202509120712/tools/bin/../lib/gcc/arm-none-eabi/13.3.1/../../../../arm-none-eabi/lib/thumb/v7e-m+fp/hard\libc_nano.a(libc_a-wbuf.o)
                0x0800f584                __swbuf_r
 .text.__swsetup_r
                0x0800f600       0xac C:/Apps/STM32CubeIDE_2.0.0/STM32CubeIDE/plugins/com.st.stm32cube.ide.mcu.externaltools.gnu-tools-for-stm32.13.3.rel1.win32_1.0.100.202509120712/tools/bin/../lib/gcc/arm-none-eabi/13.3.1/../../../../arm-none-eabi/lib/thumb/v7e-m+fp/hard\libc_nano.a(libc_a-wsetup.o)
                0x0800f600                __swsetup_r
 .text._raise_r
                0x0800f6ac       0x50 C:/Apps/STM32CubeIDE_2.0.0/STM32CubeIDE/plugins/com.st.stm32cube.ide.mcu.externaltools.gnu-tools-for-stm32.13.3.rel1.win32_1.0.100.202509120712/tools/bin/../lib/gcc/arm-none-eabi/13.3.1/../../../../arm-none-eabi/lib/thumb/v7e-m+fp/hard\libc_nano.a(libc_a-signal.o)
                0x0800f6ac                _raise_r
 .text.raise    0x0800f6fc       0x10 C:/Apps/STM32CubeIDE_2.0.0/STM32CubeIDE/plugins/com.st.stm32cube.ide.mcu.externaltools.gnu-tools-for-stm32.13.3.rel1.win32_1.0.100.202509120712/tools/bin/../lib/gcc/arm-none-eabi/13.3.1/../../../../arm-none-eabi/lib/thumb/v7e-m+fp/hard\libc_nano.a(libc_a-signal.o)
                0x0800f6fc                raise
 .text._kill_r  0x0800f70c       0x24 C:/Apps/STM32CubeIDE_2.0.0/STM32CubeIDE/plugins/com.st.stm32cube.ide.mcu.externaltools.gnu-tools-for-stm32.13.3.rel1.win32_1.0.100.202509120712/tools/bin/../lib/gcc/arm-none-eabi/13.3.1/../../../../arm-none-eabi/lib/thumb/v7e-m+fp/hard\libc_nano.a(libc_a-signalr.o)
                0x0800f70c                _kill_r
 .text._getpid_r
                0x0800f730        0x4 C:/Apps/STM32CubeIDE_2.0.0/STM32CubeIDE/plugins/com.st.stm32cube.ide.mcu.externaltools.gnu-tools-for-stm32.13.3.rel1.win32_1.0.100.202509120712/tools/bin/../lib/gcc/arm-none-eabi/13.3.1/../../../../arm-none-eabi/lib/thumb/v7e-m+fp/hard\libc_nano.a(libc_a-signalr.o)
                0x0800f730                _getpid_r
 .text.__swhatbuf_r
                0x0800f734       0x4c C:/Apps/STM32CubeIDE_2.0.0/STM32CubeIDE/plugins/com.st.stm32cube.ide.mcu.externaltools.gnu-tools-for-stm32.13.3.rel1.win32_1.0.100.202509120712/tools/bin/../lib/gcc/arm-none-eabi/13.3.1/../../../../arm-none-eabi/lib/thumb/v7e-m+fp/hard\libc_nano.a(libc_a-makebuf.o)
                0x0800f734                __swhatbuf_r
 .text.__smakebuf_r
                0x0800f780       0x78 C:/Apps/STM32CubeIDE_2.0.0/STM32CubeIDE/plugins/com.st.stm32cube.ide.mcu.externaltools.gnu-tools-for-stm32.13.3.rel1.win32_1.0.100.202509120712/tools/bin/../lib/gcc/arm-none-eabi/13.3.1/../../../../arm-none-eabi/lib/thumb/v7e-m+fp/hard\libc_nano.a(libc_a-makebuf.o)
                0x0800f780                __smakebuf_r
 .text._fstat_r
                0x0800f7f8       0x24 C:/Apps/STM32CubeIDE_2.0.0/STM32CubeIDE/plugins/com.st.stm32cube.ide.mcu.externaltools.gnu-tools-for-stm32.13.3.rel1.win32_1.0.100.202509120712/tools/bin/../lib/gcc/arm-none-eabi/13.3.1/../../../../arm-none-eabi/lib/thumb/v7e-m+fp/hard\libc_nano.a(libc_a-fstatr.o)
                0x0800f7f8                _fstat_r
 .text._isatty_r
                0x0800f81c       0x20 C:/Apps/STM32CubeIDE_2.0.0/STM32CubeIDE/plugins/com.st.stm32cube.ide.mcu.externaltools.gnu-tools-for-stm32.13.3.rel1.win32_1.0.100.202509120712/tools/bin/../lib/gcc/arm-none-eabi/13.3.1/../../../../arm-none-eabi/lib/thumb/v7e-m+fp/hard\libc_nano.a(libc_a-isattyr.o)
                0x0800f81c                _isatty_r
 .text.atan2f   0x0800f83c        0x4 C:/Apps/STM32CubeIDE_2.0.0/STM32CubeIDE/plugins/com.st.stm32cube.ide.mcu.externaltools.gnu-tools-for-stm32.13.3.rel1.win32_1.0.100.202509120712/tools/bin/../lib/gcc/arm-none-eabi/13.3.1/../../../../arm-none-eabi/lib/thumb/v7e-m+fp/hard\libm.a(libm_a-wf_atan2.o)
                0x0800f83c                atan2f