../Core/Src/Drivers/DX-LR30_Driver/UserConfig.c:38:6:SetTxHz	16	static
../Core/Src/Drivers/DX-LR30_Driver/UserConfig.c:47:23:sx1262GetOperatingMode	4	static
../Core/Src/Drivers/DX-LR30_Driver/UserConfig.c:52:6:sx1262SetOperatingMode	16	static
../Core/Src/Drivers/DX-LR30_Driver/UserConfig.c:59:6:RxEn	8	static
../Core/Src/Drivers/DX-LR30_Driver/UserConfig.c:66:6:TxEn	8	static
../Core/Src/Drivers/DX-LR30_Driver/UserConfig.c:77:6:LoraInit	40	static
../Core/Src/Drivers/DX-LR30_Driver/UserConfig.c:140:7:DX_LR30_Ping	16	static
../Core/Src/Drivers/DX-LR30_Driver/UserConfig.c:157:6:set_LoraPacketParams	24	static
../Core/Src/Drivers/DX-LR30_Driver/UserConfig.c:170:6:LoraDataSend	16	static
../Core/Src/Drivers/DX-LR30_Driver/UserConfig.c:184:6:LoraOpenRXMode	16	static
../Core/Src/Drivers/DX-LR30_Driver/UserConfig.c:202:6:OnTxDone	32	static
../Core/Src/Drivers/DX-LR30_Driver/UserConfig.c:231:6:OnRxDone	56	static
../Core/Src/Drivers/DX-LR30_Driver/UserConfig.c:253:6:RxError	4	static
../Core/Src/Drivers/DX-LR30_Driver/UserConfig.c:264:6:CadDone	16	static
../Core/Src/Drivers/DX-LR30_Driver/UserConfig.c:273:6:RxTimeout	8	static
../Core/Src/Drivers/DX-LR30_Driver/UserConfig.c:280:6:TxTimeout	8	static
../Core/Src/Drivers/DX-LR30_Driver/UserConfig.c:289:6:Hz_set	24	static
../Core/Src/Drivers/DX-LR30_Driver/UserConfig.c:296:6:Data_Processing	512	static
../Core/Src/Drivers/DX-LR30_Driver/UserConfig.c:350:6:DX_Lora_RadioIrqProcess	8	static,ignoring_inline_asm
