../Core/Src/Drivers/DX-LR30_Driver/UserConfig.c:39:6:SetTxHz	16	static
../Core/Src/Drivers/DX-LR30_Driver/UserConfig.c:48:23:sx1262GetOperatingMode	4	static
../Core/Src/Drivers/DX-LR30_Driver/UserConfig.c:53:6:sx1262SetOperatingMode	16	static
../Core/Src/Drivers/DX-LR30_Driver/UserConfig.c:60:6:RxEn	8	static
../Core/Src/Drivers/DX-LR30_Driver/UserConfig.c:67:6:TxEn	8	static
../Core/Src/Drivers/DX-LR30_Driver/UserConfig.c:77:10:SX126x_CalcSymbolTimeout	24	static
../Core/Src/Drivers/DX-LR30_Driver/UserConfig.c:87:10:SX126x_TimeoutMs_To_Symbols	32	static
../Core/Src/Drivers/DX-LR30_Driver/UserConfig.c:102:10:SX126x_BW_Hz	16	static
../Core/Src/Drivers/DX-LR30_Driver/UserConfig.c:122:6:LoraInit	40	static
../Core/Src/Drivers/DX-LR30_Driver/UserConfig.c:187:7:DX_LR30_Ping	16	static
../Core/Src/Drivers/DX-LR30_Driver/UserConfig.c:204:6:set_LoraPacketParams	24	static
../Core/Src/Drivers/DX-LR30_Driver/UserConfig.c:217:6:LoraDataSend	16	static
../Core/Src/Drivers/DX-LR30_Driver/UserConfig.c:231:6:LoraOpenRXMode	16	static
../Core/Src/Drivers/DX-LR30_Driver/UserConfig.c:249:6:OnTxDone	32	static
../Core/Src/Drivers/DX-LR30_Driver/UserConfig.c:283:6:OnRxDone	56	static
../Core/Src/Drivers/DX-LR30_Driver/UserConfig.c:310:6:RxError	4	static
../Core/Src/Drivers/DX-LR30_Driver/UserConfig.c:321:6:CadDone	16	static
../Core/Src/Drivers/DX-LR30_Driver/UserConfig.c:330:6:RxTimeout	8	static
../Core/Src/Drivers/DX-LR30_Driver/UserConfig.c:338:6:TxTimeout	8	static
../Core/Src/Drivers/DX-LR30_Driver/UserConfig.c:348:6:Hz_set	24	static
../Core/Src/Drivers/DX-LR30_Driver/UserConfig.c:355:6:Data_Processing	512	static
../Core/Src/Drivers/DX-LR30_Driver/UserConfig.c:410:6:DX_Lora_RadioIrqProcess	8	static,ignoring_inline_asm
