../Core/Src/Drivers/DX-LR30_Driver/UserConfig.c:37:6:SetTxHz	16	static
../Core/Src/Drivers/DX-LR30_Driver/UserConfig.c:46:23:sx1262GetOperatingMode	4	static
../Core/Src/Drivers/DX-LR30_Driver/UserConfig.c:51:6:sx1262SetOperatingMode	16	static
../Core/Src/Drivers/DX-LR30_Driver/UserConfig.c:58:6:RxEn	8	static
../Core/Src/Drivers/DX-LR30_Driver/UserConfig.c:65:6:TxEn	8	static
../Core/Src/Drivers/DX-LR30_Driver/UserConfig.c:76:6:LoraInit	40	static
../Core/Src/Drivers/DX-LR30_Driver/UserConfig.c:139:7:DX_LR30_Ping	16	static
../Core/Src/Drivers/DX-LR30_Driver/UserConfig.c:156:6:set_LoraPacketParams	24	static
../Core/Src/Drivers/DX-LR30_Driver/UserConfig.c:169:6:LoraDataSend	16	static
../Core/Src/Drivers/DX-LR30_Driver/UserConfig.c:183:6:LoraOpenRXMode	16	static
../Core/Src/Drivers/DX-LR30_Driver/UserConfig.c:201:6:OnTxDone	32	static
../Core/Src/Drivers/DX-LR30_Driver/UserConfig.c:225:6:OnRxDone	56	static
../Core/Src/Drivers/DX-LR30_Driver/UserConfig.c:243:6:RxError	4	static
../Core/Src/Drivers/DX-LR30_Driver/UserConfig.c:254:6:CadDone	16	static
../Core/Src/Drivers/DX-LR30_Driver/UserConfig.c:263:6:RxTimeout	8	static
../Core/Src/Drivers/DX-LR30_Driver/UserConfig.c:270:6:TxTimeout	8	static
../Core/Src/Drivers/DX-LR30_Driver/UserConfig.c:279:6:Hz_set	24	static
../Core/Src/Drivers/DX-LR30_Driver/UserConfig.c:286:6:Data_Processing	264	static
../Core/Src/Drivers/DX-LR30_Driver/UserConfig.c:311:6:DX_Lora_RadioIrqProcess	8	static,ignoring_inline_asm
