../Core/Src/main.c:91:6:init_all	48	static
../Core/Src/main.c:198:6:Gyro_update_data	96	static
../Core/Src/main.c:217:5:main	8	static
../Core/Src/main.c:287:6:SystemClock_Config	88	static
../Core/Src/main.c:329:6:HAL_TIM_PeriodElapsedCallback	16	static
../Core/Src/main.c:340:6:HAL_GPIO_EXTI_Callback	16	static
../Core/Src/main.c:358:6:HAL_SPI_TxCpltCallback	16	static
../Core/Src/main.c:373:6:HAL_SPI_TxRxCpltCallback	16	static
../Core/Src/main.c:392:6:HAL_SPI_ErrorCallback	16	static
../Core/Src/main.c:409:6:Error_Handler	4	static,ignoring_inline_asm
